

================================================================
== Vitis HLS Report for 'kernel_Pipeline_no_e_cpy_third_and_fourth_loop'
================================================================
* Date:           Wed Sep 27 17:42:28 2023

* Version:        2023.1 (Build 3854077 on May  4 2023)
* Project:        fpga
* Solution:       solution1 (Vitis Kernel Flow Target)
* Product family: zynquplus
* Target device:  xczu7ev-ffvc1156-2-e


================================================================
== Performance Estimates
================================================================
+ Timing: 
    * Summary: 
    +--------+----------+----------+------------+
    |  Clock |  Target  | Estimated| Uncertainty|
    +--------+----------+----------+------------+
    |ap_clk  |  10.00 ns|  1.224 ns|     1.08 ns|
    +--------+----------+----------+------------+

+ Latency: 
    * Summary: 
    +---------+---------+----------+----------+-----+-----+---------+
    |  Latency (cycles) |  Latency (absolute) |  Interval | Pipeline|
    |   min   |   max   |    min   |    max   | min | max |   Type  |
    +---------+---------+----------+----------+-----+-----+---------+
    |       16|       16|  0.160 us|  0.160 us|   16|   16|       no|
    +---------+---------+----------+----------+-----+-----+---------+

    + Detail: 
        * Instance: 
        N/A

        * Loop: 
        +----------------------------------+---------+---------+----------+-----------+-----------+------+----------+
        |                                  |  Latency (cycles) | Iteration|  Initiation Interval  | Trip |          |
        |             Loop Name            |   min   |   max   |  Latency |  achieved |   target  | Count| Pipelined|
        +----------------------------------+---------+---------+----------+-----------+-----------+------+----------+
        |- no_e_cpy_third_and_fourth_loop  |       14|       14|         1|          1|          1|    14|       yes|
        +----------------------------------+---------+---------+----------+-----------+-----------+------+----------+

============================================================
+ Verbose Summary: Synthesis Manager
============================================================
InlineROM: 1
ExposeGlobal: 0
============================================================
+ Verbose Summary: CDFG Model
============================================================
IsTopModel: 0
ResetActiveHigh: 1
IsCombinational: 0
IsDatapathOnly: 0
HasWiredReturn: 1
HasMFsm: 2
HasVarLatency: 1
IsPipeline: 0
IsRtlPipelined: 0
IsInstanceOverlapped: 0
IsDontTouch: 0
HasImplIP: 0
IsGatedGlobalClock: 0

+ Individual pipeline summary: 
  * Pipeline-0: initiation interval (II) = 1, depth = 1


============================================================
+ Verbose Summary: Schedule
============================================================
* Number of FSM states : 1
* Pipeline : 1
  Pipeline-0 : II = 1, D = 1, States = { 1 }
* Dataflow Pipeline: 0

* FSM state transitions: 
1 --> 

* FSM state operations: 

State 1 <SV = 0> <Delay = 1.22>
ST_1 : Operation 4 [1/1] (0.00ns)   --->   "%i = alloca i32 1"   --->   Operation 4 'alloca' 'i' <Predicate = true> <Delay = 0.00>
ST_1 : Operation 5 [1/1] (0.00ns)   --->   "%vp = alloca i32 1"   --->   Operation 5 'alloca' 'vp' <Predicate = true> <Delay = 0.00>
ST_1 : Operation 6 [1/1] (0.00ns)   --->   "%vp_445 = alloca i32 1"   --->   Operation 6 'alloca' 'vp_445' <Predicate = true> <Delay = 0.00>
ST_1 : Operation 7 [1/1] (0.00ns)   --->   "%vp_446 = alloca i32 1"   --->   Operation 7 'alloca' 'vp_446' <Predicate = true> <Delay = 0.00>
ST_1 : Operation 8 [1/1] (0.00ns)   --->   "%vp_447 = alloca i32 1"   --->   Operation 8 'alloca' 'vp_447' <Predicate = true> <Delay = 0.00>
ST_1 : Operation 9 [1/1] (0.00ns)   --->   "%vp_448 = alloca i32 1"   --->   Operation 9 'alloca' 'vp_448' <Predicate = true> <Delay = 0.00>
ST_1 : Operation 10 [1/1] (0.00ns)   --->   "%vp_449 = alloca i32 1"   --->   Operation 10 'alloca' 'vp_449' <Predicate = true> <Delay = 0.00>
ST_1 : Operation 11 [1/1] (0.00ns)   --->   "%vp_450 = alloca i32 1"   --->   Operation 11 'alloca' 'vp_450' <Predicate = true> <Delay = 0.00>
ST_1 : Operation 12 [1/1] (0.00ns)   --->   "%vp_451 = alloca i32 1"   --->   Operation 12 'alloca' 'vp_451' <Predicate = true> <Delay = 0.00>
ST_1 : Operation 13 [1/1] (0.00ns)   --->   "%vp_452 = alloca i32 1"   --->   Operation 13 'alloca' 'vp_452' <Predicate = true> <Delay = 0.00>
ST_1 : Operation 14 [1/1] (0.00ns)   --->   "%vp_454 = alloca i32 1"   --->   Operation 14 'alloca' 'vp_454' <Predicate = true> <Delay = 0.00>
ST_1 : Operation 15 [1/1] (0.00ns)   --->   "%vp_455 = alloca i32 1"   --->   Operation 15 'alloca' 'vp_455' <Predicate = true> <Delay = 0.00>
ST_1 : Operation 16 [1/1] (0.00ns)   --->   "%vp_456 = alloca i32 1"   --->   Operation 16 'alloca' 'vp_456' <Predicate = true> <Delay = 0.00>
ST_1 : Operation 17 [1/1] (0.00ns)   --->   "%vp_457 = alloca i32 1"   --->   Operation 17 'alloca' 'vp_457' <Predicate = true> <Delay = 0.00>
ST_1 : Operation 18 [1/1] (0.00ns)   --->   "%vp_458 = alloca i32 1"   --->   Operation 18 'alloca' 'vp_458' <Predicate = true> <Delay = 0.00>
ST_1 : Operation 19 [1/1] (0.00ns)   --->   "%vp_459 = alloca i32 1"   --->   Operation 19 'alloca' 'vp_459' <Predicate = true> <Delay = 0.00>
ST_1 : Operation 20 [1/1] (0.00ns)   --->   "%vp_460 = alloca i32 1"   --->   Operation 20 'alloca' 'vp_460' <Predicate = true> <Delay = 0.00>
ST_1 : Operation 21 [1/1] (0.00ns)   --->   "%vp_461 = alloca i32 1"   --->   Operation 21 'alloca' 'vp_461' <Predicate = true> <Delay = 0.00>
ST_1 : Operation 22 [1/1] (0.00ns)   --->   "%vp_462 = alloca i32 1"   --->   Operation 22 'alloca' 'vp_462' <Predicate = true> <Delay = 0.00>
ST_1 : Operation 23 [1/1] (0.00ns)   --->   "%vp_463 = alloca i32 1"   --->   Operation 23 'alloca' 'vp_463' <Predicate = true> <Delay = 0.00>
ST_1 : Operation 24 [1/1] (0.00ns)   --->   "%vp_464 = alloca i32 1"   --->   Operation 24 'alloca' 'vp_464' <Predicate = true> <Delay = 0.00>
ST_1 : Operation 25 [1/1] (0.00ns)   --->   "%vp_465 = alloca i32 1"   --->   Operation 25 'alloca' 'vp_465' <Predicate = true> <Delay = 0.00>
ST_1 : Operation 26 [1/1] (0.00ns)   --->   "%vp_466 = alloca i32 1"   --->   Operation 26 'alloca' 'vp_466' <Predicate = true> <Delay = 0.00>
ST_1 : Operation 27 [1/1] (0.00ns)   --->   "%vp_467 = alloca i32 1"   --->   Operation 27 'alloca' 'vp_467' <Predicate = true> <Delay = 0.00>
ST_1 : Operation 28 [1/1] (0.00ns)   --->   "%vp_468 = alloca i32 1"   --->   Operation 28 'alloca' 'vp_468' <Predicate = true> <Delay = 0.00>
ST_1 : Operation 29 [1/1] (0.00ns)   --->   "%vp_469 = alloca i32 1"   --->   Operation 29 'alloca' 'vp_469' <Predicate = true> <Delay = 0.00>
ST_1 : Operation 30 [1/1] (0.00ns)   --->   "%vp_470 = alloca i32 1"   --->   Operation 30 'alloca' 'vp_470' <Predicate = true> <Delay = 0.00>
ST_1 : Operation 31 [1/1] (0.00ns)   --->   "%vp_471 = alloca i32 1"   --->   Operation 31 'alloca' 'vp_471' <Predicate = true> <Delay = 0.00>
ST_1 : Operation 32 [1/1] (0.00ns)   --->   "%vp_472 = alloca i32 1"   --->   Operation 32 'alloca' 'vp_472' <Predicate = true> <Delay = 0.00>
ST_1 : Operation 33 [1/1] (0.00ns)   --->   "%vp_473 = alloca i32 1"   --->   Operation 33 'alloca' 'vp_473' <Predicate = true> <Delay = 0.00>
ST_1 : Operation 34 [1/1] (0.00ns)   --->   "%vp_474 = alloca i32 1"   --->   Operation 34 'alloca' 'vp_474' <Predicate = true> <Delay = 0.00>
ST_1 : Operation 35 [1/1] (0.00ns)   --->   "%vp_475 = alloca i32 1"   --->   Operation 35 'alloca' 'vp_475' <Predicate = true> <Delay = 0.00>
ST_1 : Operation 36 [1/1] (0.00ns)   --->   "%vp_476 = alloca i32 1"   --->   Operation 36 'alloca' 'vp_476' <Predicate = true> <Delay = 0.00>
ST_1 : Operation 37 [1/1] (0.00ns)   --->   "%vp_477 = alloca i32 1"   --->   Operation 37 'alloca' 'vp_477' <Predicate = true> <Delay = 0.00>
ST_1 : Operation 38 [1/1] (0.00ns)   --->   "%vp_478 = alloca i32 1"   --->   Operation 38 'alloca' 'vp_478' <Predicate = true> <Delay = 0.00>
ST_1 : Operation 39 [1/1] (0.00ns)   --->   "%vp_479 = alloca i32 1"   --->   Operation 39 'alloca' 'vp_479' <Predicate = true> <Delay = 0.00>
ST_1 : Operation 40 [1/1] (0.00ns)   --->   "%vp_480 = alloca i32 1"   --->   Operation 40 'alloca' 'vp_480' <Predicate = true> <Delay = 0.00>
ST_1 : Operation 41 [1/1] (0.00ns)   --->   "%vp_481 = alloca i32 1"   --->   Operation 41 'alloca' 'vp_481' <Predicate = true> <Delay = 0.00>
ST_1 : Operation 42 [1/1] (0.00ns)   --->   "%vp_482 = alloca i32 1"   --->   Operation 42 'alloca' 'vp_482' <Predicate = true> <Delay = 0.00>
ST_1 : Operation 43 [1/1] (0.00ns)   --->   "%vp_483 = alloca i32 1"   --->   Operation 43 'alloca' 'vp_483' <Predicate = true> <Delay = 0.00>
ST_1 : Operation 44 [1/1] (0.00ns)   --->   "%vp_484 = alloca i32 1"   --->   Operation 44 'alloca' 'vp_484' <Predicate = true> <Delay = 0.00>
ST_1 : Operation 45 [1/1] (0.00ns)   --->   "%vp_485 = alloca i32 1"   --->   Operation 45 'alloca' 'vp_485' <Predicate = true> <Delay = 0.00>
ST_1 : Operation 46 [1/1] (0.00ns)   --->   "%vp_486 = alloca i32 1"   --->   Operation 46 'alloca' 'vp_486' <Predicate = true> <Delay = 0.00>
ST_1 : Operation 47 [1/1] (0.00ns)   --->   "%vp_487 = alloca i32 1"   --->   Operation 47 'alloca' 'vp_487' <Predicate = true> <Delay = 0.00>
ST_1 : Operation 48 [1/1] (0.00ns)   --->   "%vp_488 = alloca i32 1"   --->   Operation 48 'alloca' 'vp_488' <Predicate = true> <Delay = 0.00>
ST_1 : Operation 49 [1/1] (0.00ns)   --->   "%vp_489 = alloca i32 1"   --->   Operation 49 'alloca' 'vp_489' <Predicate = true> <Delay = 0.00>
ST_1 : Operation 50 [1/1] (0.00ns)   --->   "%vp_490 = alloca i32 1"   --->   Operation 50 'alloca' 'vp_490' <Predicate = true> <Delay = 0.00>
ST_1 : Operation 51 [1/1] (0.00ns)   --->   "%vp_491 = alloca i32 1"   --->   Operation 51 'alloca' 'vp_491' <Predicate = true> <Delay = 0.00>
ST_1 : Operation 52 [1/1] (0.00ns)   --->   "%vp_492 = alloca i32 1"   --->   Operation 52 'alloca' 'vp_492' <Predicate = true> <Delay = 0.00>
ST_1 : Operation 53 [1/1] (0.00ns)   --->   "%vp_493 = alloca i32 1"   --->   Operation 53 'alloca' 'vp_493' <Predicate = true> <Delay = 0.00>
ST_1 : Operation 54 [1/1] (0.00ns)   --->   "%vp_494 = alloca i32 1"   --->   Operation 54 'alloca' 'vp_494' <Predicate = true> <Delay = 0.00>
ST_1 : Operation 55 [1/1] (0.00ns)   --->   "%vp_495 = alloca i32 1"   --->   Operation 55 'alloca' 'vp_495' <Predicate = true> <Delay = 0.00>
ST_1 : Operation 56 [1/1] (0.00ns)   --->   "%vp_496 = alloca i32 1"   --->   Operation 56 'alloca' 'vp_496' <Predicate = true> <Delay = 0.00>
ST_1 : Operation 57 [1/1] (0.00ns)   --->   "%vp_497 = alloca i32 1"   --->   Operation 57 'alloca' 'vp_497' <Predicate = true> <Delay = 0.00>
ST_1 : Operation 58 [1/1] (0.00ns)   --->   "%vp_498 = alloca i32 1"   --->   Operation 58 'alloca' 'vp_498' <Predicate = true> <Delay = 0.00>
ST_1 : Operation 59 [1/1] (0.00ns)   --->   "%vp_499 = alloca i32 1"   --->   Operation 59 'alloca' 'vp_499' <Predicate = true> <Delay = 0.00>
ST_1 : Operation 60 [1/1] (0.00ns)   --->   "%vp_500 = alloca i32 1"   --->   Operation 60 'alloca' 'vp_500' <Predicate = true> <Delay = 0.00>
ST_1 : Operation 61 [1/1] (0.00ns)   --->   "%vp_445_reload_read = read i32 @_ssdm_op_Read.ap_auto.i32, i32 %vp_445_reload"   --->   Operation 61 'read' 'vp_445_reload_read' <Predicate = true> <Delay = 0.00>
ST_1 : Operation 62 [1/1] (0.00ns)   --->   "%vp_429_reload_read = read i32 @_ssdm_op_Read.ap_auto.i32, i32 %vp_429_reload"   --->   Operation 62 'read' 'vp_429_reload_read' <Predicate = true> <Delay = 0.00>
ST_1 : Operation 63 [1/1] (0.00ns)   --->   "%vp_413_reload_read = read i32 @_ssdm_op_Read.ap_auto.i32, i32 %vp_413_reload"   --->   Operation 63 'read' 'vp_413_reload_read' <Predicate = true> <Delay = 0.00>
ST_1 : Operation 64 [1/1] (0.00ns)   --->   "%vp_397_reload_read = read i32 @_ssdm_op_Read.ap_auto.i32, i32 %vp_397_reload"   --->   Operation 64 'read' 'vp_397_reload_read' <Predicate = true> <Delay = 0.00>
ST_1 : Operation 65 [1/1] (0.00ns)   --->   "%vp_381_reload_read = read i32 @_ssdm_op_Read.ap_auto.i32, i32 %vp_381_reload"   --->   Operation 65 'read' 'vp_381_reload_read' <Predicate = true> <Delay = 0.00>
ST_1 : Operation 66 [1/1] (0.00ns)   --->   "%vp_365_reload_read = read i32 @_ssdm_op_Read.ap_auto.i32, i32 %vp_365_reload"   --->   Operation 66 'read' 'vp_365_reload_read' <Predicate = true> <Delay = 0.00>
ST_1 : Operation 67 [1/1] (0.00ns)   --->   "%vp_349_reload_read = read i32 @_ssdm_op_Read.ap_auto.i32, i32 %vp_349_reload"   --->   Operation 67 'read' 'vp_349_reload_read' <Predicate = true> <Delay = 0.00>
ST_1 : Operation 68 [1/1] (0.00ns)   --->   "%vp_333_reload_read = read i32 @_ssdm_op_Read.ap_auto.i32, i32 %vp_333_reload"   --->   Operation 68 'read' 'vp_333_reload_read' <Predicate = true> <Delay = 0.00>
ST_1 : Operation 69 [1/1] (0.00ns)   --->   "%vp_317_reload_read = read i32 @_ssdm_op_Read.ap_auto.i32, i32 %vp_317_reload"   --->   Operation 69 'read' 'vp_317_reload_read' <Predicate = true> <Delay = 0.00>
ST_1 : Operation 70 [1/1] (0.00ns)   --->   "%vp_301_reload_read = read i32 @_ssdm_op_Read.ap_auto.i32, i32 %vp_301_reload"   --->   Operation 70 'read' 'vp_301_reload_read' <Predicate = true> <Delay = 0.00>
ST_1 : Operation 71 [1/1] (0.00ns)   --->   "%vp_285_reload_read = read i32 @_ssdm_op_Read.ap_auto.i32, i32 %vp_285_reload"   --->   Operation 71 'read' 'vp_285_reload_read' <Predicate = true> <Delay = 0.00>
ST_1 : Operation 72 [1/1] (0.00ns)   --->   "%vp_269_reload_read = read i32 @_ssdm_op_Read.ap_auto.i32, i32 %vp_269_reload"   --->   Operation 72 'read' 'vp_269_reload_read' <Predicate = true> <Delay = 0.00>
ST_1 : Operation 73 [1/1] (0.00ns)   --->   "%vp_458_reload_read = read i32 @_ssdm_op_Read.ap_auto.i32, i32 %vp_458_reload"   --->   Operation 73 'read' 'vp_458_reload_read' <Predicate = true> <Delay = 0.00>
ST_1 : Operation 74 [1/1] (0.00ns)   --->   "%vp_442_reload_read = read i32 @_ssdm_op_Read.ap_auto.i32, i32 %vp_442_reload"   --->   Operation 74 'read' 'vp_442_reload_read' <Predicate = true> <Delay = 0.00>
ST_1 : Operation 75 [1/1] (0.00ns)   --->   "%vp_426_reload_read = read i32 @_ssdm_op_Read.ap_auto.i32, i32 %vp_426_reload"   --->   Operation 75 'read' 'vp_426_reload_read' <Predicate = true> <Delay = 0.00>
ST_1 : Operation 76 [1/1] (0.00ns)   --->   "%vp_410_reload_read = read i32 @_ssdm_op_Read.ap_auto.i32, i32 %vp_410_reload"   --->   Operation 76 'read' 'vp_410_reload_read' <Predicate = true> <Delay = 0.00>
ST_1 : Operation 77 [1/1] (0.00ns)   --->   "%vp_394_reload_read = read i32 @_ssdm_op_Read.ap_auto.i32, i32 %vp_394_reload"   --->   Operation 77 'read' 'vp_394_reload_read' <Predicate = true> <Delay = 0.00>
ST_1 : Operation 78 [1/1] (0.00ns)   --->   "%vp_378_reload_read = read i32 @_ssdm_op_Read.ap_auto.i32, i32 %vp_378_reload"   --->   Operation 78 'read' 'vp_378_reload_read' <Predicate = true> <Delay = 0.00>
ST_1 : Operation 79 [1/1] (0.00ns)   --->   "%vp_362_reload_read = read i32 @_ssdm_op_Read.ap_auto.i32, i32 %vp_362_reload"   --->   Operation 79 'read' 'vp_362_reload_read' <Predicate = true> <Delay = 0.00>
ST_1 : Operation 80 [1/1] (0.00ns)   --->   "%vp_346_reload_read = read i32 @_ssdm_op_Read.ap_auto.i32, i32 %vp_346_reload"   --->   Operation 80 'read' 'vp_346_reload_read' <Predicate = true> <Delay = 0.00>
ST_1 : Operation 81 [1/1] (0.00ns)   --->   "%vp_330_reload_read = read i32 @_ssdm_op_Read.ap_auto.i32, i32 %vp_330_reload"   --->   Operation 81 'read' 'vp_330_reload_read' <Predicate = true> <Delay = 0.00>
ST_1 : Operation 82 [1/1] (0.00ns)   --->   "%vp_314_reload_read = read i32 @_ssdm_op_Read.ap_auto.i32, i32 %vp_314_reload"   --->   Operation 82 'read' 'vp_314_reload_read' <Predicate = true> <Delay = 0.00>
ST_1 : Operation 83 [1/1] (0.00ns)   --->   "%vp_298_reload_read = read i32 @_ssdm_op_Read.ap_auto.i32, i32 %vp_298_reload"   --->   Operation 83 'read' 'vp_298_reload_read' <Predicate = true> <Delay = 0.00>
ST_1 : Operation 84 [1/1] (0.00ns)   --->   "%vp_282_reload_read = read i32 @_ssdm_op_Read.ap_auto.i32, i32 %vp_282_reload"   --->   Operation 84 'read' 'vp_282_reload_read' <Predicate = true> <Delay = 0.00>
ST_1 : Operation 85 [1/1] (0.00ns)   --->   "%vp_266_reload_read = read i32 @_ssdm_op_Read.ap_auto.i32, i32 %vp_266_reload"   --->   Operation 85 'read' 'vp_266_reload_read' <Predicate = true> <Delay = 0.00>
ST_1 : Operation 86 [1/1] (0.00ns)   --->   "%vp_265_reload_read = read i32 @_ssdm_op_Read.ap_auto.i32, i32 %vp_265_reload"   --->   Operation 86 'read' 'vp_265_reload_read' <Predicate = true> <Delay = 0.00>
ST_1 : Operation 87 [1/1] (0.00ns)   --->   "%vp_264_reload_read = read i32 @_ssdm_op_Read.ap_auto.i32, i32 %vp_264_reload"   --->   Operation 87 'read' 'vp_264_reload_read' <Predicate = true> <Delay = 0.00>
ST_1 : Operation 88 [1/1] (0.00ns)   --->   "%vp_263_reload_read = read i32 @_ssdm_op_Read.ap_auto.i32, i32 %vp_263_reload"   --->   Operation 88 'read' 'vp_263_reload_read' <Predicate = true> <Delay = 0.00>
ST_1 : Operation 89 [1/1] (0.00ns)   --->   "%vp_262_reload_read = read i32 @_ssdm_op_Read.ap_auto.i32, i32 %vp_262_reload"   --->   Operation 89 'read' 'vp_262_reload_read' <Predicate = true> <Delay = 0.00>
ST_1 : Operation 90 [1/1] (0.00ns)   --->   "%vp_261_reload_read = read i32 @_ssdm_op_Read.ap_auto.i32, i32 %vp_261_reload"   --->   Operation 90 'read' 'vp_261_reload_read' <Predicate = true> <Delay = 0.00>
ST_1 : Operation 91 [1/1] (0.00ns)   --->   "%vp_260_reload_read = read i32 @_ssdm_op_Read.ap_auto.i32, i32 %vp_260_reload"   --->   Operation 91 'read' 'vp_260_reload_read' <Predicate = true> <Delay = 0.00>
ST_1 : Operation 92 [1/1] (0.00ns)   --->   "%vp_259_reload_read = read i32 @_ssdm_op_Read.ap_auto.i32, i32 %vp_259_reload"   --->   Operation 92 'read' 'vp_259_reload_read' <Predicate = true> <Delay = 0.00>
ST_1 : Operation 93 [1/1] (0.00ns)   --->   "%vp_258_reload_read = read i32 @_ssdm_op_Read.ap_auto.i32, i32 %vp_258_reload"   --->   Operation 93 'read' 'vp_258_reload_read' <Predicate = true> <Delay = 0.00>
ST_1 : Operation 94 [1/1] (0.00ns)   --->   "%vp_257_reload_read = read i32 @_ssdm_op_Read.ap_auto.i32, i32 %vp_257_reload"   --->   Operation 94 'read' 'vp_257_reload_read' <Predicate = true> <Delay = 0.00>
ST_1 : Operation 95 [1/1] (0.00ns)   --->   "%vp_256_reload_read = read i32 @_ssdm_op_Read.ap_auto.i32, i32 %vp_256_reload"   --->   Operation 95 'read' 'vp_256_reload_read' <Predicate = true> <Delay = 0.00>
ST_1 : Operation 96 [1/1] (0.00ns)   --->   "%vp_255_reload_read = read i32 @_ssdm_op_Read.ap_auto.i32, i32 %vp_255_reload"   --->   Operation 96 'read' 'vp_255_reload_read' <Predicate = true> <Delay = 0.00>
ST_1 : Operation 97 [1/1] (0.00ns)   --->   "%vp_254_reload_read = read i32 @_ssdm_op_Read.ap_auto.i32, i32 %vp_254_reload"   --->   Operation 97 'read' 'vp_254_reload_read' <Predicate = true> <Delay = 0.00>
ST_1 : Operation 98 [1/1] (0.00ns)   --->   "%vp_253_reload_read = read i32 @_ssdm_op_Read.ap_auto.i32, i32 %vp_253_reload"   --->   Operation 98 'read' 'vp_253_reload_read' <Predicate = true> <Delay = 0.00>
ST_1 : Operation 99 [1/1] (0.00ns)   --->   "%vp_474_reload_read = read i32 @_ssdm_op_Read.ap_auto.i32, i32 %vp_474_reload"   --->   Operation 99 'read' 'vp_474_reload_read' <Predicate = true> <Delay = 0.00>
ST_1 : Operation 100 [1/1] (0.00ns)   --->   "%vp_473_reload_read = read i32 @_ssdm_op_Read.ap_auto.i32, i32 %vp_473_reload"   --->   Operation 100 'read' 'vp_473_reload_read' <Predicate = true> <Delay = 0.00>
ST_1 : Operation 101 [1/1] (0.00ns)   --->   "%vp_472_reload_read = read i32 @_ssdm_op_Read.ap_auto.i32, i32 %vp_472_reload"   --->   Operation 101 'read' 'vp_472_reload_read' <Predicate = true> <Delay = 0.00>
ST_1 : Operation 102 [1/1] (0.00ns)   --->   "%vp_471_reload_read = read i32 @_ssdm_op_Read.ap_auto.i32, i32 %vp_471_reload"   --->   Operation 102 'read' 'vp_471_reload_read' <Predicate = true> <Delay = 0.00>
ST_1 : Operation 103 [1/1] (0.00ns)   --->   "%vp_470_reload_read = read i32 @_ssdm_op_Read.ap_auto.i32, i32 %vp_470_reload"   --->   Operation 103 'read' 'vp_470_reload_read' <Predicate = true> <Delay = 0.00>
ST_1 : Operation 104 [1/1] (0.00ns)   --->   "%vp_469_reload_read = read i32 @_ssdm_op_Read.ap_auto.i32, i32 %vp_469_reload"   --->   Operation 104 'read' 'vp_469_reload_read' <Predicate = true> <Delay = 0.00>
ST_1 : Operation 105 [1/1] (0.00ns)   --->   "%vp_468_reload_read = read i32 @_ssdm_op_Read.ap_auto.i32, i32 %vp_468_reload"   --->   Operation 105 'read' 'vp_468_reload_read' <Predicate = true> <Delay = 0.00>
ST_1 : Operation 106 [1/1] (0.00ns)   --->   "%vp_467_reload_read = read i32 @_ssdm_op_Read.ap_auto.i32, i32 %vp_467_reload"   --->   Operation 106 'read' 'vp_467_reload_read' <Predicate = true> <Delay = 0.00>
ST_1 : Operation 107 [1/1] (0.00ns)   --->   "%vp_466_reload_read = read i32 @_ssdm_op_Read.ap_auto.i32, i32 %vp_466_reload"   --->   Operation 107 'read' 'vp_466_reload_read' <Predicate = true> <Delay = 0.00>
ST_1 : Operation 108 [1/1] (0.00ns)   --->   "%vp_465_reload_read = read i32 @_ssdm_op_Read.ap_auto.i32, i32 %vp_465_reload"   --->   Operation 108 'read' 'vp_465_reload_read' <Predicate = true> <Delay = 0.00>
ST_1 : Operation 109 [1/1] (0.00ns)   --->   "%vp_464_reload_read = read i32 @_ssdm_op_Read.ap_auto.i32, i32 %vp_464_reload"   --->   Operation 109 'read' 'vp_464_reload_read' <Predicate = true> <Delay = 0.00>
ST_1 : Operation 110 [1/1] (0.00ns)   --->   "%vp_463_reload_read = read i32 @_ssdm_op_Read.ap_auto.i32, i32 %vp_463_reload"   --->   Operation 110 'read' 'vp_463_reload_read' <Predicate = true> <Delay = 0.00>
ST_1 : Operation 111 [1/1] (0.00ns)   --->   "%vp_462_reload_read = read i32 @_ssdm_op_Read.ap_auto.i32, i32 %vp_462_reload"   --->   Operation 111 'read' 'vp_462_reload_read' <Predicate = true> <Delay = 0.00>
ST_1 : Operation 112 [1/1] (0.00ns)   --->   "%vp_461_reload_read = read i32 @_ssdm_op_Read.ap_auto.i32, i32 %vp_461_reload"   --->   Operation 112 'read' 'vp_461_reload_read' <Predicate = true> <Delay = 0.00>
ST_1 : Operation 113 [1/1] (0.00ns)   --->   "%vp_1_read = read i32 @_ssdm_op_Read.ap_auto.i32, i32 %vp_1"   --->   Operation 113 'read' 'vp_1_read' <Predicate = true> <Delay = 0.00>
ST_1 : Operation 114 [1/1] (0.00ns)   --->   "%vp_2_read = read i32 @_ssdm_op_Read.ap_auto.i32, i32 %vp_2"   --->   Operation 114 'read' 'vp_2_read' <Predicate = true> <Delay = 0.00>
ST_1 : Operation 115 [1/1] (0.00ns)   --->   "%vp_3_read = read i32 @_ssdm_op_Read.ap_auto.i32, i32 %vp_3"   --->   Operation 115 'read' 'vp_3_read' <Predicate = true> <Delay = 0.00>
ST_1 : Operation 116 [1/1] (0.00ns)   --->   "%vp_4_read = read i32 @_ssdm_op_Read.ap_auto.i32, i32 %vp_4"   --->   Operation 116 'read' 'vp_4_read' <Predicate = true> <Delay = 0.00>
ST_1 : Operation 117 [1/1] (0.00ns)   --->   "%vp_5_read = read i32 @_ssdm_op_Read.ap_auto.i32, i32 %vp_5"   --->   Operation 117 'read' 'vp_5_read' <Predicate = true> <Delay = 0.00>
ST_1 : Operation 118 [1/1] (0.00ns)   --->   "%vp_6_read = read i32 @_ssdm_op_Read.ap_auto.i32, i32 %vp_6"   --->   Operation 118 'read' 'vp_6_read' <Predicate = true> <Delay = 0.00>
ST_1 : Operation 119 [1/1] (0.00ns)   --->   "%vp_7_read = read i32 @_ssdm_op_Read.ap_auto.i32, i32 %vp_7"   --->   Operation 119 'read' 'vp_7_read' <Predicate = true> <Delay = 0.00>
ST_1 : Operation 120 [1/1] (0.00ns)   --->   "%vp_8_read = read i32 @_ssdm_op_Read.ap_auto.i32, i32 %vp_8"   --->   Operation 120 'read' 'vp_8_read' <Predicate = true> <Delay = 0.00>
ST_1 : Operation 121 [1/1] (0.00ns)   --->   "%vp_9_read = read i32 @_ssdm_op_Read.ap_auto.i32, i32 %vp_9"   --->   Operation 121 'read' 'vp_9_read' <Predicate = true> <Delay = 0.00>
ST_1 : Operation 122 [1/1] (0.00ns)   --->   "%vp_10_read = read i32 @_ssdm_op_Read.ap_auto.i32, i32 %vp_10"   --->   Operation 122 'read' 'vp_10_read' <Predicate = true> <Delay = 0.00>
ST_1 : Operation 123 [1/1] (0.00ns)   --->   "%vp_11_read = read i32 @_ssdm_op_Read.ap_auto.i32, i32 %vp_11"   --->   Operation 123 'read' 'vp_11_read' <Predicate = true> <Delay = 0.00>
ST_1 : Operation 124 [1/1] (0.00ns)   --->   "%vp_12_read = read i32 @_ssdm_op_Read.ap_auto.i32, i32 %vp_12"   --->   Operation 124 'read' 'vp_12_read' <Predicate = true> <Delay = 0.00>
ST_1 : Operation 125 [1/1] (0.00ns)   --->   "%vp_13_read = read i32 @_ssdm_op_Read.ap_auto.i32, i32 %vp_13"   --->   Operation 125 'read' 'vp_13_read' <Predicate = true> <Delay = 0.00>
ST_1 : Operation 126 [1/1] (0.00ns)   --->   "%vp_14_read = read i32 @_ssdm_op_Read.ap_auto.i32, i32 %vp_14"   --->   Operation 126 'read' 'vp_14_read' <Predicate = true> <Delay = 0.00>
ST_1 : Operation 127 [1/1] (0.00ns)   --->   "%vp_15_read = read i32 @_ssdm_op_Read.ap_auto.i32, i32 %vp_15"   --->   Operation 127 'read' 'vp_15_read' <Predicate = true> <Delay = 0.00>
ST_1 : Operation 128 [1/1] (0.00ns)   --->   "%vp_16_read = read i32 @_ssdm_op_Read.ap_auto.i32, i32 %vp_16"   --->   Operation 128 'read' 'vp_16_read' <Predicate = true> <Delay = 0.00>
ST_1 : Operation 129 [1/1] (0.00ns)   --->   "%vp_267_reload_read = read i32 @_ssdm_op_Read.ap_auto.i32, i32 %vp_267_reload"   --->   Operation 129 'read' 'vp_267_reload_read' <Predicate = true> <Delay = 0.00>
ST_1 : Operation 130 [1/1] (0.00ns)   --->   "%vp_268_reload_read = read i32 @_ssdm_op_Read.ap_auto.i32, i32 %vp_268_reload"   --->   Operation 130 'read' 'vp_268_reload_read' <Predicate = true> <Delay = 0.00>
ST_1 : Operation 131 [1/1] (0.00ns)   --->   "%vp_283_reload_read = read i32 @_ssdm_op_Read.ap_auto.i32, i32 %vp_283_reload"   --->   Operation 131 'read' 'vp_283_reload_read' <Predicate = true> <Delay = 0.00>
ST_1 : Operation 132 [1/1] (0.00ns)   --->   "%vp_284_reload_read = read i32 @_ssdm_op_Read.ap_auto.i32, i32 %vp_284_reload"   --->   Operation 132 'read' 'vp_284_reload_read' <Predicate = true> <Delay = 0.00>
ST_1 : Operation 133 [1/1] (0.00ns)   --->   "%vp_299_reload_read = read i32 @_ssdm_op_Read.ap_auto.i32, i32 %vp_299_reload"   --->   Operation 133 'read' 'vp_299_reload_read' <Predicate = true> <Delay = 0.00>
ST_1 : Operation 134 [1/1] (0.00ns)   --->   "%vp_300_reload_read = read i32 @_ssdm_op_Read.ap_auto.i32, i32 %vp_300_reload"   --->   Operation 134 'read' 'vp_300_reload_read' <Predicate = true> <Delay = 0.00>
ST_1 : Operation 135 [1/1] (0.00ns)   --->   "%vp_315_reload_read = read i32 @_ssdm_op_Read.ap_auto.i32, i32 %vp_315_reload"   --->   Operation 135 'read' 'vp_315_reload_read' <Predicate = true> <Delay = 0.00>
ST_1 : Operation 136 [1/1] (0.00ns)   --->   "%vp_316_reload_read = read i32 @_ssdm_op_Read.ap_auto.i32, i32 %vp_316_reload"   --->   Operation 136 'read' 'vp_316_reload_read' <Predicate = true> <Delay = 0.00>
ST_1 : Operation 137 [1/1] (0.00ns)   --->   "%vp_331_reload_read = read i32 @_ssdm_op_Read.ap_auto.i32, i32 %vp_331_reload"   --->   Operation 137 'read' 'vp_331_reload_read' <Predicate = true> <Delay = 0.00>
ST_1 : Operation 138 [1/1] (0.00ns)   --->   "%vp_332_reload_read = read i32 @_ssdm_op_Read.ap_auto.i32, i32 %vp_332_reload"   --->   Operation 138 'read' 'vp_332_reload_read' <Predicate = true> <Delay = 0.00>
ST_1 : Operation 139 [1/1] (0.00ns)   --->   "%vp_347_reload_read = read i32 @_ssdm_op_Read.ap_auto.i32, i32 %vp_347_reload"   --->   Operation 139 'read' 'vp_347_reload_read' <Predicate = true> <Delay = 0.00>
ST_1 : Operation 140 [1/1] (0.00ns)   --->   "%vp_348_reload_read = read i32 @_ssdm_op_Read.ap_auto.i32, i32 %vp_348_reload"   --->   Operation 140 'read' 'vp_348_reload_read' <Predicate = true> <Delay = 0.00>
ST_1 : Operation 141 [1/1] (0.00ns)   --->   "%vp_363_reload_read = read i32 @_ssdm_op_Read.ap_auto.i32, i32 %vp_363_reload"   --->   Operation 141 'read' 'vp_363_reload_read' <Predicate = true> <Delay = 0.00>
ST_1 : Operation 142 [1/1] (0.00ns)   --->   "%vp_364_reload_read = read i32 @_ssdm_op_Read.ap_auto.i32, i32 %vp_364_reload"   --->   Operation 142 'read' 'vp_364_reload_read' <Predicate = true> <Delay = 0.00>
ST_1 : Operation 143 [1/1] (0.00ns)   --->   "%vp_379_reload_read = read i32 @_ssdm_op_Read.ap_auto.i32, i32 %vp_379_reload"   --->   Operation 143 'read' 'vp_379_reload_read' <Predicate = true> <Delay = 0.00>
ST_1 : Operation 144 [1/1] (0.00ns)   --->   "%vp_380_reload_read = read i32 @_ssdm_op_Read.ap_auto.i32, i32 %vp_380_reload"   --->   Operation 144 'read' 'vp_380_reload_read' <Predicate = true> <Delay = 0.00>
ST_1 : Operation 145 [1/1] (0.00ns)   --->   "%vp_395_reload_read = read i32 @_ssdm_op_Read.ap_auto.i32, i32 %vp_395_reload"   --->   Operation 145 'read' 'vp_395_reload_read' <Predicate = true> <Delay = 0.00>
ST_1 : Operation 146 [1/1] (0.00ns)   --->   "%vp_396_reload_read = read i32 @_ssdm_op_Read.ap_auto.i32, i32 %vp_396_reload"   --->   Operation 146 'read' 'vp_396_reload_read' <Predicate = true> <Delay = 0.00>
ST_1 : Operation 147 [1/1] (0.00ns)   --->   "%vp_411_reload_read = read i32 @_ssdm_op_Read.ap_auto.i32, i32 %vp_411_reload"   --->   Operation 147 'read' 'vp_411_reload_read' <Predicate = true> <Delay = 0.00>
ST_1 : Operation 148 [1/1] (0.00ns)   --->   "%vp_412_reload_read = read i32 @_ssdm_op_Read.ap_auto.i32, i32 %vp_412_reload"   --->   Operation 148 'read' 'vp_412_reload_read' <Predicate = true> <Delay = 0.00>
ST_1 : Operation 149 [1/1] (0.00ns)   --->   "%vp_427_reload_read = read i32 @_ssdm_op_Read.ap_auto.i32, i32 %vp_427_reload"   --->   Operation 149 'read' 'vp_427_reload_read' <Predicate = true> <Delay = 0.00>
ST_1 : Operation 150 [1/1] (0.00ns)   --->   "%vp_428_reload_read = read i32 @_ssdm_op_Read.ap_auto.i32, i32 %vp_428_reload"   --->   Operation 150 'read' 'vp_428_reload_read' <Predicate = true> <Delay = 0.00>
ST_1 : Operation 151 [1/1] (0.00ns)   --->   "%vp_443_reload_read = read i32 @_ssdm_op_Read.ap_auto.i32, i32 %vp_443_reload"   --->   Operation 151 'read' 'vp_443_reload_read' <Predicate = true> <Delay = 0.00>
ST_1 : Operation 152 [1/1] (0.00ns)   --->   "%vp_444_reload_read = read i32 @_ssdm_op_Read.ap_auto.i32, i32 %vp_444_reload"   --->   Operation 152 'read' 'vp_444_reload_read' <Predicate = true> <Delay = 0.00>
ST_1 : Operation 153 [1/1] (0.00ns)   --->   "%vp_459_reload_read = read i32 @_ssdm_op_Read.ap_auto.i32, i32 %vp_459_reload"   --->   Operation 153 'read' 'vp_459_reload_read' <Predicate = true> <Delay = 0.00>
ST_1 : Operation 154 [1/1] (0.00ns)   --->   "%vp_460_reload_read = read i32 @_ssdm_op_Read.ap_auto.i32, i32 %vp_460_reload"   --->   Operation 154 'read' 'vp_460_reload_read' <Predicate = true> <Delay = 0.00>
ST_1 : Operation 155 [1/1] (0.00ns)   --->   "%vp_239_read = read i32 @_ssdm_op_Read.ap_auto.i32, i32 %vp_239"   --->   Operation 155 'read' 'vp_239_read' <Predicate = true> <Delay = 0.00>
ST_1 : Operation 156 [1/1] (0.00ns)   --->   "%vp_240_read = read i32 @_ssdm_op_Read.ap_auto.i32, i32 %vp_240"   --->   Operation 156 'read' 'vp_240_read' <Predicate = true> <Delay = 0.00>
ST_1 : Operation 157 [1/1] (0.00ns)   --->   "%vp_241_read = read i32 @_ssdm_op_Read.ap_auto.i32, i32 %vp_241"   --->   Operation 157 'read' 'vp_241_read' <Predicate = true> <Delay = 0.00>
ST_1 : Operation 158 [1/1] (0.00ns)   --->   "%vp_242_read = read i32 @_ssdm_op_Read.ap_auto.i32, i32 %vp_242"   --->   Operation 158 'read' 'vp_242_read' <Predicate = true> <Delay = 0.00>
ST_1 : Operation 159 [1/1] (0.00ns)   --->   "%vp_243_read = read i32 @_ssdm_op_Read.ap_auto.i32, i32 %vp_243"   --->   Operation 159 'read' 'vp_243_read' <Predicate = true> <Delay = 0.00>
ST_1 : Operation 160 [1/1] (0.00ns)   --->   "%vp_244_read = read i32 @_ssdm_op_Read.ap_auto.i32, i32 %vp_244"   --->   Operation 160 'read' 'vp_244_read' <Predicate = true> <Delay = 0.00>
ST_1 : Operation 161 [1/1] (0.00ns)   --->   "%vp_245_read = read i32 @_ssdm_op_Read.ap_auto.i32, i32 %vp_245"   --->   Operation 161 'read' 'vp_245_read' <Predicate = true> <Delay = 0.00>
ST_1 : Operation 162 [1/1] (0.00ns)   --->   "%vp_246_read = read i32 @_ssdm_op_Read.ap_auto.i32, i32 %vp_246"   --->   Operation 162 'read' 'vp_246_read' <Predicate = true> <Delay = 0.00>
ST_1 : Operation 163 [1/1] (0.00ns)   --->   "%vp_247_read = read i32 @_ssdm_op_Read.ap_auto.i32, i32 %vp_247"   --->   Operation 163 'read' 'vp_247_read' <Predicate = true> <Delay = 0.00>
ST_1 : Operation 164 [1/1] (0.00ns)   --->   "%vp_248_read = read i32 @_ssdm_op_Read.ap_auto.i32, i32 %vp_248"   --->   Operation 164 'read' 'vp_248_read' <Predicate = true> <Delay = 0.00>
ST_1 : Operation 165 [1/1] (0.00ns)   --->   "%vp_249_read = read i32 @_ssdm_op_Read.ap_auto.i32, i32 %vp_249"   --->   Operation 165 'read' 'vp_249_read' <Predicate = true> <Delay = 0.00>
ST_1 : Operation 166 [1/1] (0.00ns)   --->   "%vp_250_read = read i32 @_ssdm_op_Read.ap_auto.i32, i32 %vp_250"   --->   Operation 166 'read' 'vp_250_read' <Predicate = true> <Delay = 0.00>
ST_1 : Operation 167 [1/1] (0.00ns)   --->   "%vp_251_read = read i32 @_ssdm_op_Read.ap_auto.i32, i32 %vp_251"   --->   Operation 167 'read' 'vp_251_read' <Predicate = true> <Delay = 0.00>
ST_1 : Operation 168 [1/1] (0.00ns)   --->   "%vp_252_read = read i32 @_ssdm_op_Read.ap_auto.i32, i32 %vp_252"   --->   Operation 168 'read' 'vp_252_read' <Predicate = true> <Delay = 0.00>
ST_1 : Operation 169 [1/1] (0.42ns)   --->   "%store_ln0 = store i32 %vp_252_read, i32 %vp_500"   --->   Operation 169 'store' 'store_ln0' <Predicate = true> <Delay = 0.42>
ST_1 : Operation 170 [1/1] (0.42ns)   --->   "%store_ln0 = store i32 %vp_251_read, i32 %vp_499"   --->   Operation 170 'store' 'store_ln0' <Predicate = true> <Delay = 0.42>
ST_1 : Operation 171 [1/1] (0.42ns)   --->   "%store_ln0 = store i32 %vp_250_read, i32 %vp_498"   --->   Operation 171 'store' 'store_ln0' <Predicate = true> <Delay = 0.42>
ST_1 : Operation 172 [1/1] (0.42ns)   --->   "%store_ln0 = store i32 %vp_249_read, i32 %vp_497"   --->   Operation 172 'store' 'store_ln0' <Predicate = true> <Delay = 0.42>
ST_1 : Operation 173 [1/1] (0.42ns)   --->   "%store_ln0 = store i32 %vp_248_read, i32 %vp_496"   --->   Operation 173 'store' 'store_ln0' <Predicate = true> <Delay = 0.42>
ST_1 : Operation 174 [1/1] (0.42ns)   --->   "%store_ln0 = store i32 %vp_247_read, i32 %vp_495"   --->   Operation 174 'store' 'store_ln0' <Predicate = true> <Delay = 0.42>
ST_1 : Operation 175 [1/1] (0.42ns)   --->   "%store_ln0 = store i32 %vp_246_read, i32 %vp_494"   --->   Operation 175 'store' 'store_ln0' <Predicate = true> <Delay = 0.42>
ST_1 : Operation 176 [1/1] (0.42ns)   --->   "%store_ln0 = store i32 %vp_245_read, i32 %vp_493"   --->   Operation 176 'store' 'store_ln0' <Predicate = true> <Delay = 0.42>
ST_1 : Operation 177 [1/1] (0.42ns)   --->   "%store_ln0 = store i32 %vp_244_read, i32 %vp_492"   --->   Operation 177 'store' 'store_ln0' <Predicate = true> <Delay = 0.42>
ST_1 : Operation 178 [1/1] (0.42ns)   --->   "%store_ln0 = store i32 %vp_243_read, i32 %vp_491"   --->   Operation 178 'store' 'store_ln0' <Predicate = true> <Delay = 0.42>
ST_1 : Operation 179 [1/1] (0.42ns)   --->   "%store_ln0 = store i32 %vp_242_read, i32 %vp_490"   --->   Operation 179 'store' 'store_ln0' <Predicate = true> <Delay = 0.42>
ST_1 : Operation 180 [1/1] (0.42ns)   --->   "%store_ln0 = store i32 %vp_241_read, i32 %vp_489"   --->   Operation 180 'store' 'store_ln0' <Predicate = true> <Delay = 0.42>
ST_1 : Operation 181 [1/1] (0.42ns)   --->   "%store_ln0 = store i32 %vp_240_read, i32 %vp_488"   --->   Operation 181 'store' 'store_ln0' <Predicate = true> <Delay = 0.42>
ST_1 : Operation 182 [1/1] (0.42ns)   --->   "%store_ln0 = store i32 %vp_239_read, i32 %vp_487"   --->   Operation 182 'store' 'store_ln0' <Predicate = true> <Delay = 0.42>
ST_1 : Operation 183 [1/1] (0.42ns)   --->   "%store_ln0 = store i32 %vp_460_reload_read, i32 %vp_486"   --->   Operation 183 'store' 'store_ln0' <Predicate = true> <Delay = 0.42>
ST_1 : Operation 184 [1/1] (0.42ns)   --->   "%store_ln0 = store i32 %vp_459_reload_read, i32 %vp_485"   --->   Operation 184 'store' 'store_ln0' <Predicate = true> <Delay = 0.42>
ST_1 : Operation 185 [1/1] (0.42ns)   --->   "%store_ln0 = store i32 %vp_444_reload_read, i32 %vp_484"   --->   Operation 185 'store' 'store_ln0' <Predicate = true> <Delay = 0.42>
ST_1 : Operation 186 [1/1] (0.42ns)   --->   "%store_ln0 = store i32 %vp_443_reload_read, i32 %vp_483"   --->   Operation 186 'store' 'store_ln0' <Predicate = true> <Delay = 0.42>
ST_1 : Operation 187 [1/1] (0.42ns)   --->   "%store_ln0 = store i32 %vp_428_reload_read, i32 %vp_482"   --->   Operation 187 'store' 'store_ln0' <Predicate = true> <Delay = 0.42>
ST_1 : Operation 188 [1/1] (0.42ns)   --->   "%store_ln0 = store i32 %vp_427_reload_read, i32 %vp_481"   --->   Operation 188 'store' 'store_ln0' <Predicate = true> <Delay = 0.42>
ST_1 : Operation 189 [1/1] (0.42ns)   --->   "%store_ln0 = store i32 %vp_412_reload_read, i32 %vp_480"   --->   Operation 189 'store' 'store_ln0' <Predicate = true> <Delay = 0.42>
ST_1 : Operation 190 [1/1] (0.42ns)   --->   "%store_ln0 = store i32 %vp_411_reload_read, i32 %vp_479"   --->   Operation 190 'store' 'store_ln0' <Predicate = true> <Delay = 0.42>
ST_1 : Operation 191 [1/1] (0.42ns)   --->   "%store_ln0 = store i32 %vp_396_reload_read, i32 %vp_478"   --->   Operation 191 'store' 'store_ln0' <Predicate = true> <Delay = 0.42>
ST_1 : Operation 192 [1/1] (0.42ns)   --->   "%store_ln0 = store i32 %vp_395_reload_read, i32 %vp_477"   --->   Operation 192 'store' 'store_ln0' <Predicate = true> <Delay = 0.42>
ST_1 : Operation 193 [1/1] (0.42ns)   --->   "%store_ln0 = store i32 %vp_380_reload_read, i32 %vp_476"   --->   Operation 193 'store' 'store_ln0' <Predicate = true> <Delay = 0.42>
ST_1 : Operation 194 [1/1] (0.42ns)   --->   "%store_ln0 = store i32 %vp_379_reload_read, i32 %vp_475"   --->   Operation 194 'store' 'store_ln0' <Predicate = true> <Delay = 0.42>
ST_1 : Operation 195 [1/1] (0.42ns)   --->   "%store_ln0 = store i32 %vp_364_reload_read, i32 %vp_474"   --->   Operation 195 'store' 'store_ln0' <Predicate = true> <Delay = 0.42>
ST_1 : Operation 196 [1/1] (0.42ns)   --->   "%store_ln0 = store i32 %vp_363_reload_read, i32 %vp_473"   --->   Operation 196 'store' 'store_ln0' <Predicate = true> <Delay = 0.42>
ST_1 : Operation 197 [1/1] (0.42ns)   --->   "%store_ln0 = store i32 %vp_348_reload_read, i32 %vp_472"   --->   Operation 197 'store' 'store_ln0' <Predicate = true> <Delay = 0.42>
ST_1 : Operation 198 [1/1] (0.42ns)   --->   "%store_ln0 = store i32 %vp_347_reload_read, i32 %vp_471"   --->   Operation 198 'store' 'store_ln0' <Predicate = true> <Delay = 0.42>
ST_1 : Operation 199 [1/1] (0.42ns)   --->   "%store_ln0 = store i32 %vp_332_reload_read, i32 %vp_470"   --->   Operation 199 'store' 'store_ln0' <Predicate = true> <Delay = 0.42>
ST_1 : Operation 200 [1/1] (0.42ns)   --->   "%store_ln0 = store i32 %vp_331_reload_read, i32 %vp_469"   --->   Operation 200 'store' 'store_ln0' <Predicate = true> <Delay = 0.42>
ST_1 : Operation 201 [1/1] (0.42ns)   --->   "%store_ln0 = store i32 %vp_316_reload_read, i32 %vp_468"   --->   Operation 201 'store' 'store_ln0' <Predicate = true> <Delay = 0.42>
ST_1 : Operation 202 [1/1] (0.42ns)   --->   "%store_ln0 = store i32 %vp_315_reload_read, i32 %vp_467"   --->   Operation 202 'store' 'store_ln0' <Predicate = true> <Delay = 0.42>
ST_1 : Operation 203 [1/1] (0.42ns)   --->   "%store_ln0 = store i32 %vp_300_reload_read, i32 %vp_466"   --->   Operation 203 'store' 'store_ln0' <Predicate = true> <Delay = 0.42>
ST_1 : Operation 204 [1/1] (0.42ns)   --->   "%store_ln0 = store i32 %vp_299_reload_read, i32 %vp_465"   --->   Operation 204 'store' 'store_ln0' <Predicate = true> <Delay = 0.42>
ST_1 : Operation 205 [1/1] (0.42ns)   --->   "%store_ln0 = store i32 %vp_284_reload_read, i32 %vp_464"   --->   Operation 205 'store' 'store_ln0' <Predicate = true> <Delay = 0.42>
ST_1 : Operation 206 [1/1] (0.42ns)   --->   "%store_ln0 = store i32 %vp_283_reload_read, i32 %vp_463"   --->   Operation 206 'store' 'store_ln0' <Predicate = true> <Delay = 0.42>
ST_1 : Operation 207 [1/1] (0.42ns)   --->   "%store_ln0 = store i32 %vp_268_reload_read, i32 %vp_462"   --->   Operation 207 'store' 'store_ln0' <Predicate = true> <Delay = 0.42>
ST_1 : Operation 208 [1/1] (0.42ns)   --->   "%store_ln0 = store i32 %vp_267_reload_read, i32 %vp_461"   --->   Operation 208 'store' 'store_ln0' <Predicate = true> <Delay = 0.42>
ST_1 : Operation 209 [1/1] (0.42ns)   --->   "%store_ln0 = store i32 %vp_16_read, i32 %vp_460"   --->   Operation 209 'store' 'store_ln0' <Predicate = true> <Delay = 0.42>
ST_1 : Operation 210 [1/1] (0.42ns)   --->   "%store_ln0 = store i32 %vp_15_read, i32 %vp_459"   --->   Operation 210 'store' 'store_ln0' <Predicate = true> <Delay = 0.42>
ST_1 : Operation 211 [1/1] (0.42ns)   --->   "%store_ln0 = store i32 %vp_14_read, i32 %vp_458"   --->   Operation 211 'store' 'store_ln0' <Predicate = true> <Delay = 0.42>
ST_1 : Operation 212 [1/1] (0.42ns)   --->   "%store_ln0 = store i32 %vp_13_read, i32 %vp_457"   --->   Operation 212 'store' 'store_ln0' <Predicate = true> <Delay = 0.42>
ST_1 : Operation 213 [1/1] (0.42ns)   --->   "%store_ln0 = store i32 %vp_12_read, i32 %vp_456"   --->   Operation 213 'store' 'store_ln0' <Predicate = true> <Delay = 0.42>
ST_1 : Operation 214 [1/1] (0.42ns)   --->   "%store_ln0 = store i32 %vp_11_read, i32 %vp_455"   --->   Operation 214 'store' 'store_ln0' <Predicate = true> <Delay = 0.42>
ST_1 : Operation 215 [1/1] (0.42ns)   --->   "%store_ln0 = store i32 %vp_10_read, i32 %vp_454"   --->   Operation 215 'store' 'store_ln0' <Predicate = true> <Delay = 0.42>
ST_1 : Operation 216 [1/1] (0.42ns)   --->   "%store_ln0 = store i32 %vp_9_read, i32 %vp_452"   --->   Operation 216 'store' 'store_ln0' <Predicate = true> <Delay = 0.42>
ST_1 : Operation 217 [1/1] (0.42ns)   --->   "%store_ln0 = store i32 %vp_8_read, i32 %vp_451"   --->   Operation 217 'store' 'store_ln0' <Predicate = true> <Delay = 0.42>
ST_1 : Operation 218 [1/1] (0.42ns)   --->   "%store_ln0 = store i32 %vp_7_read, i32 %vp_450"   --->   Operation 218 'store' 'store_ln0' <Predicate = true> <Delay = 0.42>
ST_1 : Operation 219 [1/1] (0.42ns)   --->   "%store_ln0 = store i32 %vp_6_read, i32 %vp_449"   --->   Operation 219 'store' 'store_ln0' <Predicate = true> <Delay = 0.42>
ST_1 : Operation 220 [1/1] (0.42ns)   --->   "%store_ln0 = store i32 %vp_5_read, i32 %vp_448"   --->   Operation 220 'store' 'store_ln0' <Predicate = true> <Delay = 0.42>
ST_1 : Operation 221 [1/1] (0.42ns)   --->   "%store_ln0 = store i32 %vp_4_read, i32 %vp_447"   --->   Operation 221 'store' 'store_ln0' <Predicate = true> <Delay = 0.42>
ST_1 : Operation 222 [1/1] (0.42ns)   --->   "%store_ln0 = store i32 %vp_3_read, i32 %vp_446"   --->   Operation 222 'store' 'store_ln0' <Predicate = true> <Delay = 0.42>
ST_1 : Operation 223 [1/1] (0.42ns)   --->   "%store_ln0 = store i32 %vp_2_read, i32 %vp_445"   --->   Operation 223 'store' 'store_ln0' <Predicate = true> <Delay = 0.42>
ST_1 : Operation 224 [1/1] (0.42ns)   --->   "%store_ln0 = store i32 %vp_1_read, i32 %vp"   --->   Operation 224 'store' 'store_ln0' <Predicate = true> <Delay = 0.42>
ST_1 : Operation 225 [1/1] (0.42ns)   --->   "%store_ln0 = store i4 1, i4 %i"   --->   Operation 225 'store' 'store_ln0' <Predicate = true> <Delay = 0.42>
ST_1 : Operation 226 [1/1] (0.00ns)   --->   "%br_ln0 = br void %for.inc94"   --->   Operation 226 'br' 'br_ln0' <Predicate = true> <Delay = 0.00>
ST_1 : Operation 227 [1/1] (0.00ns)   --->   "%i_1 = load i4 %i" [fpga/kernel.cpp:96]   --->   Operation 227 'load' 'i_1' <Predicate = true> <Delay = 0.00>
ST_1 : Operation 228 [1/1] (0.00ns)   --->   "%specpipeline_ln0 = specpipeline void @_ssdm_op_SpecPipeline, i32 4294967295, i32 0, i32 1, i32 0, void @p_str"   --->   Operation 228 'specpipeline' 'specpipeline_ln0' <Predicate = true> <Delay = 0.00>
ST_1 : Operation 229 [1/1] (0.79ns)   --->   "%icmp_ln96 = icmp_eq  i4 %i_1, i4 15" [fpga/kernel.cpp:96]   --->   Operation 229 'icmp' 'icmp_ln96' <Predicate = true> <Delay = 0.79> <CoreInst = "Cmp">   --->   Core 9 'Cmp' <Latency = 0> <II = 1> <Delay = 0.79> <FuncUnit> <Opcode : 'icmp'> <InPorts = 2> <OutPorts = 1>
ST_1 : Operation 230 [1/1] (0.00ns)   --->   "%br_ln96 = br i1 %icmp_ln96, void %for.inc94.split, void %for.body107.preheader.exitStub" [fpga/kernel.cpp:96]   --->   Operation 230 'br' 'br_ln96' <Predicate = true> <Delay = 0.00>
ST_1 : Operation 231 [1/1] (0.00ns)   --->   "%speclooptripcount_ln46 = speclooptripcount void @_ssdm_op_SpecLoopTripCount, i64 14, i64 14, i64 14" [fpga/kernel.cpp:46]   --->   Operation 231 'speclooptripcount' 'speclooptripcount_ln46' <Predicate = (!icmp_ln96)> <Delay = 0.00>
ST_1 : Operation 232 [1/1] (0.00ns)   --->   "%specloopname_ln96 = specloopname void @_ssdm_op_SpecLoopName, void @empty_14" [fpga/kernel.cpp:96]   --->   Operation 232 'specloopname' 'specloopname_ln96' <Predicate = (!icmp_ln96)> <Delay = 0.00>
ST_1 : Operation 233 [1/1] (0.54ns)   --->   "%vp_501 = mux i32 @_ssdm_op_Mux.ap_auto.15i32.i4, i32 0, i32 %vp_461_reload_read, i32 %vp_462_reload_read, i32 %vp_463_reload_read, i32 %vp_464_reload_read, i32 %vp_465_reload_read, i32 %vp_466_reload_read, i32 %vp_467_reload_read, i32 %vp_468_reload_read, i32 %vp_469_reload_read, i32 %vp_470_reload_read, i32 %vp_471_reload_read, i32 %vp_472_reload_read, i32 %vp_473_reload_read, i32 %vp_474_reload_read, i4 %i_1" [fpga/kernel.cpp:98]   --->   Operation 233 'mux' 'vp_501' <Predicate = (!icmp_ln96)> <Delay = 0.54> <CoreInst = "Multiplexer">   --->   Core 76 'Multiplexer' <Latency = 0> <II = 1> <Delay = 0.54> <FuncUnit> <Opcode : 'mux'> <InPorts = 2> <OutPorts = 1>
ST_1 : Operation 234 [1/1] (0.54ns)   --->   "%vp_502 = mux i32 @_ssdm_op_Mux.ap_auto.15i32.i4, i32 0, i32 %vp_253_reload_read, i32 %vp_254_reload_read, i32 %vp_255_reload_read, i32 %vp_256_reload_read, i32 %vp_257_reload_read, i32 %vp_258_reload_read, i32 %vp_259_reload_read, i32 %vp_260_reload_read, i32 %vp_261_reload_read, i32 %vp_262_reload_read, i32 %vp_263_reload_read, i32 %vp_264_reload_read, i32 %vp_265_reload_read, i32 %vp_266_reload_read, i4 %i_1" [fpga/kernel.cpp:99]   --->   Operation 234 'mux' 'vp_502' <Predicate = (!icmp_ln96)> <Delay = 0.54> <CoreInst = "Multiplexer">   --->   Core 76 'Multiplexer' <Latency = 0> <II = 1> <Delay = 0.54> <FuncUnit> <Opcode : 'mux'> <InPorts = 2> <OutPorts = 1>
ST_1 : Operation 235 [1/1] (0.54ns)   --->   "%vp_503 = mux i32 @_ssdm_op_Mux.ap_auto.15i32.i4, i32 0, i32 %vp_266_reload_read, i32 %vp_282_reload_read, i32 %vp_298_reload_read, i32 %vp_314_reload_read, i32 %vp_330_reload_read, i32 %vp_346_reload_read, i32 %vp_362_reload_read, i32 %vp_378_reload_read, i32 %vp_394_reload_read, i32 %vp_410_reload_read, i32 %vp_426_reload_read, i32 %vp_442_reload_read, i32 %vp_458_reload_read, i32 %vp_474_reload_read, i4 %i_1" [fpga/kernel.cpp:100]   --->   Operation 235 'mux' 'vp_503' <Predicate = (!icmp_ln96)> <Delay = 0.54> <CoreInst = "Multiplexer">   --->   Core 76 'Multiplexer' <Latency = 0> <II = 1> <Delay = 0.54> <FuncUnit> <Opcode : 'mux'> <InPorts = 2> <OutPorts = 1>
ST_1 : Operation 236 [1/1] (0.54ns)   --->   "%vp_504 = mux i32 @_ssdm_op_Mux.ap_auto.15i32.i4, i32 0, i32 %vp_253_reload_read, i32 %vp_269_reload_read, i32 %vp_285_reload_read, i32 %vp_301_reload_read, i32 %vp_317_reload_read, i32 %vp_333_reload_read, i32 %vp_349_reload_read, i32 %vp_365_reload_read, i32 %vp_381_reload_read, i32 %vp_397_reload_read, i32 %vp_413_reload_read, i32 %vp_429_reload_read, i32 %vp_445_reload_read, i32 %vp_461_reload_read, i4 %i_1" [fpga/kernel.cpp:101]   --->   Operation 236 'mux' 'vp_504' <Predicate = (!icmp_ln96)> <Delay = 0.54> <CoreInst = "Multiplexer">   --->   Core 76 'Multiplexer' <Latency = 0> <II = 1> <Delay = 0.54> <FuncUnit> <Opcode : 'mux'> <InPorts = 2> <OutPorts = 1>
ST_1 : Operation 237 [1/1] (0.74ns)   --->   "%switch_ln98 = switch i4 %i_1, void %arrayidx93.case.239, i4 1, void %for.inc94.split.arrayidx93.exit_crit_edge109, i4 2, void %arrayidx93.case.47, i4 3, void %arrayidx93.case.63, i4 4, void %arrayidx93.case.79, i4 5, void %arrayidx93.case.95, i4 6, void %arrayidx93.case.111, i4 7, void %arrayidx93.case.127, i4 8, void %arrayidx93.case.143, i4 9, void %arrayidx93.case.159, i4 10, void %arrayidx93.case.175, i4 11, void %arrayidx93.case.191, i4 12, void %arrayidx93.case.207, i4 13, void %for.inc94.split.arrayidx93.exit_crit_edge" [fpga/kernel.cpp:98]   --->   Operation 237 'switch' 'switch_ln98' <Predicate = (!icmp_ln96)> <Delay = 0.74>
ST_1 : Operation 238 [1/1] (0.42ns)   --->   "%store_ln98 = store i32 %vp_502, i32 %vp_488" [fpga/kernel.cpp:98]   --->   Operation 238 'store' 'store_ln98' <Predicate = (!icmp_ln96 & i_1 == 13)> <Delay = 0.42>
ST_1 : Operation 239 [1/1] (0.42ns)   --->   "%store_ln98 = store i32 %vp_504, i32 %vp_485" [fpga/kernel.cpp:98]   --->   Operation 239 'store' 'store_ln98' <Predicate = (!icmp_ln96 & i_1 == 13)> <Delay = 0.42>
ST_1 : Operation 240 [1/1] (0.42ns)   --->   "%store_ln98 = store i32 %vp_503, i32 %vp_484" [fpga/kernel.cpp:98]   --->   Operation 240 'store' 'store_ln98' <Predicate = (!icmp_ln96 & i_1 == 13)> <Delay = 0.42>
ST_1 : Operation 241 [1/1] (0.42ns)   --->   "%store_ln98 = store i32 %vp_501, i32 %vp_457" [fpga/kernel.cpp:98]   --->   Operation 241 'store' 'store_ln98' <Predicate = (!icmp_ln96 & i_1 == 13)> <Delay = 0.42>
ST_1 : Operation 242 [1/1] (0.00ns)   --->   "%br_ln98 = br void %arrayidx93.exit" [fpga/kernel.cpp:98]   --->   Operation 242 'br' 'br_ln98' <Predicate = (!icmp_ln96 & i_1 == 13)> <Delay = 0.00>
ST_1 : Operation 243 [1/1] (0.42ns)   --->   "%store_ln101 = store i32 %vp_502, i32 %vp_500" [fpga/kernel.cpp:101]   --->   Operation 243 'store' 'store_ln101' <Predicate = (!icmp_ln96 & i_1 == 12)> <Delay = 0.42>
ST_1 : Operation 244 [1/1] (0.42ns)   --->   "%store_ln101 = store i32 %vp_504, i32 %vp_483" [fpga/kernel.cpp:101]   --->   Operation 244 'store' 'store_ln101' <Predicate = (!icmp_ln96 & i_1 == 12)> <Delay = 0.42>
ST_1 : Operation 245 [1/1] (0.42ns)   --->   "%store_ln101 = store i32 %vp_503, i32 %vp_482" [fpga/kernel.cpp:101]   --->   Operation 245 'store' 'store_ln101' <Predicate = (!icmp_ln96 & i_1 == 12)> <Delay = 0.42>
ST_1 : Operation 246 [1/1] (0.42ns)   --->   "%store_ln101 = store i32 %vp_501, i32 %vp_456" [fpga/kernel.cpp:101]   --->   Operation 246 'store' 'store_ln101' <Predicate = (!icmp_ln96 & i_1 == 12)> <Delay = 0.42>
ST_1 : Operation 247 [1/1] (0.00ns)   --->   "%br_ln101 = br void %arrayidx93.exit" [fpga/kernel.cpp:101]   --->   Operation 247 'br' 'br_ln101' <Predicate = (!icmp_ln96 & i_1 == 12)> <Delay = 0.00>
ST_1 : Operation 248 [1/1] (0.42ns)   --->   "%store_ln101 = store i32 %vp_502, i32 %vp_499" [fpga/kernel.cpp:101]   --->   Operation 248 'store' 'store_ln101' <Predicate = (!icmp_ln96 & i_1 == 11)> <Delay = 0.42>
ST_1 : Operation 249 [1/1] (0.42ns)   --->   "%store_ln101 = store i32 %vp_504, i32 %vp_481" [fpga/kernel.cpp:101]   --->   Operation 249 'store' 'store_ln101' <Predicate = (!icmp_ln96 & i_1 == 11)> <Delay = 0.42>
ST_1 : Operation 250 [1/1] (0.42ns)   --->   "%store_ln101 = store i32 %vp_503, i32 %vp_480" [fpga/kernel.cpp:101]   --->   Operation 250 'store' 'store_ln101' <Predicate = (!icmp_ln96 & i_1 == 11)> <Delay = 0.42>
ST_1 : Operation 251 [1/1] (0.42ns)   --->   "%store_ln101 = store i32 %vp_501, i32 %vp_455" [fpga/kernel.cpp:101]   --->   Operation 251 'store' 'store_ln101' <Predicate = (!icmp_ln96 & i_1 == 11)> <Delay = 0.42>
ST_1 : Operation 252 [1/1] (0.00ns)   --->   "%br_ln101 = br void %arrayidx93.exit" [fpga/kernel.cpp:101]   --->   Operation 252 'br' 'br_ln101' <Predicate = (!icmp_ln96 & i_1 == 11)> <Delay = 0.00>
ST_1 : Operation 253 [1/1] (0.42ns)   --->   "%store_ln101 = store i32 %vp_502, i32 %vp_498" [fpga/kernel.cpp:101]   --->   Operation 253 'store' 'store_ln101' <Predicate = (!icmp_ln96 & i_1 == 10)> <Delay = 0.42>
ST_1 : Operation 254 [1/1] (0.42ns)   --->   "%store_ln101 = store i32 %vp_504, i32 %vp_479" [fpga/kernel.cpp:101]   --->   Operation 254 'store' 'store_ln101' <Predicate = (!icmp_ln96 & i_1 == 10)> <Delay = 0.42>
ST_1 : Operation 255 [1/1] (0.42ns)   --->   "%store_ln101 = store i32 %vp_503, i32 %vp_478" [fpga/kernel.cpp:101]   --->   Operation 255 'store' 'store_ln101' <Predicate = (!icmp_ln96 & i_1 == 10)> <Delay = 0.42>
ST_1 : Operation 256 [1/1] (0.42ns)   --->   "%store_ln101 = store i32 %vp_501, i32 %vp_454" [fpga/kernel.cpp:101]   --->   Operation 256 'store' 'store_ln101' <Predicate = (!icmp_ln96 & i_1 == 10)> <Delay = 0.42>
ST_1 : Operation 257 [1/1] (0.00ns)   --->   "%br_ln101 = br void %arrayidx93.exit" [fpga/kernel.cpp:101]   --->   Operation 257 'br' 'br_ln101' <Predicate = (!icmp_ln96 & i_1 == 10)> <Delay = 0.00>
ST_1 : Operation 258 [1/1] (0.42ns)   --->   "%store_ln101 = store i32 %vp_502, i32 %vp_497" [fpga/kernel.cpp:101]   --->   Operation 258 'store' 'store_ln101' <Predicate = (!icmp_ln96 & i_1 == 9)> <Delay = 0.42>
ST_1 : Operation 259 [1/1] (0.42ns)   --->   "%store_ln101 = store i32 %vp_504, i32 %vp_477" [fpga/kernel.cpp:101]   --->   Operation 259 'store' 'store_ln101' <Predicate = (!icmp_ln96 & i_1 == 9)> <Delay = 0.42>
ST_1 : Operation 260 [1/1] (0.42ns)   --->   "%store_ln101 = store i32 %vp_503, i32 %vp_476" [fpga/kernel.cpp:101]   --->   Operation 260 'store' 'store_ln101' <Predicate = (!icmp_ln96 & i_1 == 9)> <Delay = 0.42>
ST_1 : Operation 261 [1/1] (0.42ns)   --->   "%store_ln101 = store i32 %vp_501, i32 %vp_452" [fpga/kernel.cpp:101]   --->   Operation 261 'store' 'store_ln101' <Predicate = (!icmp_ln96 & i_1 == 9)> <Delay = 0.42>
ST_1 : Operation 262 [1/1] (0.00ns)   --->   "%br_ln101 = br void %arrayidx93.exit" [fpga/kernel.cpp:101]   --->   Operation 262 'br' 'br_ln101' <Predicate = (!icmp_ln96 & i_1 == 9)> <Delay = 0.00>
ST_1 : Operation 263 [1/1] (0.42ns)   --->   "%store_ln101 = store i32 %vp_502, i32 %vp_496" [fpga/kernel.cpp:101]   --->   Operation 263 'store' 'store_ln101' <Predicate = (!icmp_ln96 & i_1 == 8)> <Delay = 0.42>
ST_1 : Operation 264 [1/1] (0.42ns)   --->   "%store_ln101 = store i32 %vp_504, i32 %vp_475" [fpga/kernel.cpp:101]   --->   Operation 264 'store' 'store_ln101' <Predicate = (!icmp_ln96 & i_1 == 8)> <Delay = 0.42>
ST_1 : Operation 265 [1/1] (0.42ns)   --->   "%store_ln101 = store i32 %vp_503, i32 %vp_474" [fpga/kernel.cpp:101]   --->   Operation 265 'store' 'store_ln101' <Predicate = (!icmp_ln96 & i_1 == 8)> <Delay = 0.42>
ST_1 : Operation 266 [1/1] (0.42ns)   --->   "%store_ln101 = store i32 %vp_501, i32 %vp_451" [fpga/kernel.cpp:101]   --->   Operation 266 'store' 'store_ln101' <Predicate = (!icmp_ln96 & i_1 == 8)> <Delay = 0.42>
ST_1 : Operation 267 [1/1] (0.00ns)   --->   "%br_ln101 = br void %arrayidx93.exit" [fpga/kernel.cpp:101]   --->   Operation 267 'br' 'br_ln101' <Predicate = (!icmp_ln96 & i_1 == 8)> <Delay = 0.00>
ST_1 : Operation 268 [1/1] (0.42ns)   --->   "%store_ln101 = store i32 %vp_502, i32 %vp_495" [fpga/kernel.cpp:101]   --->   Operation 268 'store' 'store_ln101' <Predicate = (!icmp_ln96 & i_1 == 7)> <Delay = 0.42>
ST_1 : Operation 269 [1/1] (0.42ns)   --->   "%store_ln101 = store i32 %vp_504, i32 %vp_473" [fpga/kernel.cpp:101]   --->   Operation 269 'store' 'store_ln101' <Predicate = (!icmp_ln96 & i_1 == 7)> <Delay = 0.42>
ST_1 : Operation 270 [1/1] (0.42ns)   --->   "%store_ln101 = store i32 %vp_503, i32 %vp_472" [fpga/kernel.cpp:101]   --->   Operation 270 'store' 'store_ln101' <Predicate = (!icmp_ln96 & i_1 == 7)> <Delay = 0.42>
ST_1 : Operation 271 [1/1] (0.42ns)   --->   "%store_ln101 = store i32 %vp_501, i32 %vp_450" [fpga/kernel.cpp:101]   --->   Operation 271 'store' 'store_ln101' <Predicate = (!icmp_ln96 & i_1 == 7)> <Delay = 0.42>
ST_1 : Operation 272 [1/1] (0.00ns)   --->   "%br_ln101 = br void %arrayidx93.exit" [fpga/kernel.cpp:101]   --->   Operation 272 'br' 'br_ln101' <Predicate = (!icmp_ln96 & i_1 == 7)> <Delay = 0.00>
ST_1 : Operation 273 [1/1] (0.42ns)   --->   "%store_ln101 = store i32 %vp_502, i32 %vp_494" [fpga/kernel.cpp:101]   --->   Operation 273 'store' 'store_ln101' <Predicate = (!icmp_ln96 & i_1 == 6)> <Delay = 0.42>
ST_1 : Operation 274 [1/1] (0.42ns)   --->   "%store_ln101 = store i32 %vp_504, i32 %vp_471" [fpga/kernel.cpp:101]   --->   Operation 274 'store' 'store_ln101' <Predicate = (!icmp_ln96 & i_1 == 6)> <Delay = 0.42>
ST_1 : Operation 275 [1/1] (0.42ns)   --->   "%store_ln101 = store i32 %vp_503, i32 %vp_470" [fpga/kernel.cpp:101]   --->   Operation 275 'store' 'store_ln101' <Predicate = (!icmp_ln96 & i_1 == 6)> <Delay = 0.42>
ST_1 : Operation 276 [1/1] (0.42ns)   --->   "%store_ln101 = store i32 %vp_501, i32 %vp_449" [fpga/kernel.cpp:101]   --->   Operation 276 'store' 'store_ln101' <Predicate = (!icmp_ln96 & i_1 == 6)> <Delay = 0.42>
ST_1 : Operation 277 [1/1] (0.00ns)   --->   "%br_ln101 = br void %arrayidx93.exit" [fpga/kernel.cpp:101]   --->   Operation 277 'br' 'br_ln101' <Predicate = (!icmp_ln96 & i_1 == 6)> <Delay = 0.00>
ST_1 : Operation 278 [1/1] (0.42ns)   --->   "%store_ln101 = store i32 %vp_502, i32 %vp_493" [fpga/kernel.cpp:101]   --->   Operation 278 'store' 'store_ln101' <Predicate = (!icmp_ln96 & i_1 == 5)> <Delay = 0.42>
ST_1 : Operation 279 [1/1] (0.42ns)   --->   "%store_ln101 = store i32 %vp_504, i32 %vp_469" [fpga/kernel.cpp:101]   --->   Operation 279 'store' 'store_ln101' <Predicate = (!icmp_ln96 & i_1 == 5)> <Delay = 0.42>
ST_1 : Operation 280 [1/1] (0.42ns)   --->   "%store_ln101 = store i32 %vp_503, i32 %vp_468" [fpga/kernel.cpp:101]   --->   Operation 280 'store' 'store_ln101' <Predicate = (!icmp_ln96 & i_1 == 5)> <Delay = 0.42>
ST_1 : Operation 281 [1/1] (0.42ns)   --->   "%store_ln101 = store i32 %vp_501, i32 %vp_448" [fpga/kernel.cpp:101]   --->   Operation 281 'store' 'store_ln101' <Predicate = (!icmp_ln96 & i_1 == 5)> <Delay = 0.42>
ST_1 : Operation 282 [1/1] (0.00ns)   --->   "%br_ln101 = br void %arrayidx93.exit" [fpga/kernel.cpp:101]   --->   Operation 282 'br' 'br_ln101' <Predicate = (!icmp_ln96 & i_1 == 5)> <Delay = 0.00>
ST_1 : Operation 283 [1/1] (0.42ns)   --->   "%store_ln101 = store i32 %vp_502, i32 %vp_492" [fpga/kernel.cpp:101]   --->   Operation 283 'store' 'store_ln101' <Predicate = (!icmp_ln96 & i_1 == 4)> <Delay = 0.42>
ST_1 : Operation 284 [1/1] (0.42ns)   --->   "%store_ln101 = store i32 %vp_504, i32 %vp_467" [fpga/kernel.cpp:101]   --->   Operation 284 'store' 'store_ln101' <Predicate = (!icmp_ln96 & i_1 == 4)> <Delay = 0.42>
ST_1 : Operation 285 [1/1] (0.42ns)   --->   "%store_ln101 = store i32 %vp_503, i32 %vp_466" [fpga/kernel.cpp:101]   --->   Operation 285 'store' 'store_ln101' <Predicate = (!icmp_ln96 & i_1 == 4)> <Delay = 0.42>
ST_1 : Operation 286 [1/1] (0.42ns)   --->   "%store_ln101 = store i32 %vp_501, i32 %vp_447" [fpga/kernel.cpp:101]   --->   Operation 286 'store' 'store_ln101' <Predicate = (!icmp_ln96 & i_1 == 4)> <Delay = 0.42>
ST_1 : Operation 287 [1/1] (0.00ns)   --->   "%br_ln101 = br void %arrayidx93.exit" [fpga/kernel.cpp:101]   --->   Operation 287 'br' 'br_ln101' <Predicate = (!icmp_ln96 & i_1 == 4)> <Delay = 0.00>
ST_1 : Operation 288 [1/1] (0.42ns)   --->   "%store_ln101 = store i32 %vp_502, i32 %vp_491" [fpga/kernel.cpp:101]   --->   Operation 288 'store' 'store_ln101' <Predicate = (!icmp_ln96 & i_1 == 3)> <Delay = 0.42>
ST_1 : Operation 289 [1/1] (0.42ns)   --->   "%store_ln101 = store i32 %vp_504, i32 %vp_465" [fpga/kernel.cpp:101]   --->   Operation 289 'store' 'store_ln101' <Predicate = (!icmp_ln96 & i_1 == 3)> <Delay = 0.42>
ST_1 : Operation 290 [1/1] (0.42ns)   --->   "%store_ln101 = store i32 %vp_503, i32 %vp_464" [fpga/kernel.cpp:101]   --->   Operation 290 'store' 'store_ln101' <Predicate = (!icmp_ln96 & i_1 == 3)> <Delay = 0.42>
ST_1 : Operation 291 [1/1] (0.42ns)   --->   "%store_ln101 = store i32 %vp_501, i32 %vp_446" [fpga/kernel.cpp:101]   --->   Operation 291 'store' 'store_ln101' <Predicate = (!icmp_ln96 & i_1 == 3)> <Delay = 0.42>
ST_1 : Operation 292 [1/1] (0.00ns)   --->   "%br_ln101 = br void %arrayidx93.exit" [fpga/kernel.cpp:101]   --->   Operation 292 'br' 'br_ln101' <Predicate = (!icmp_ln96 & i_1 == 3)> <Delay = 0.00>
ST_1 : Operation 293 [1/1] (0.42ns)   --->   "%store_ln101 = store i32 %vp_502, i32 %vp_490" [fpga/kernel.cpp:101]   --->   Operation 293 'store' 'store_ln101' <Predicate = (!icmp_ln96 & i_1 == 2)> <Delay = 0.42>
ST_1 : Operation 294 [1/1] (0.42ns)   --->   "%store_ln101 = store i32 %vp_504, i32 %vp_463" [fpga/kernel.cpp:101]   --->   Operation 294 'store' 'store_ln101' <Predicate = (!icmp_ln96 & i_1 == 2)> <Delay = 0.42>
ST_1 : Operation 295 [1/1] (0.42ns)   --->   "%store_ln101 = store i32 %vp_503, i32 %vp_462" [fpga/kernel.cpp:101]   --->   Operation 295 'store' 'store_ln101' <Predicate = (!icmp_ln96 & i_1 == 2)> <Delay = 0.42>
ST_1 : Operation 296 [1/1] (0.42ns)   --->   "%store_ln101 = store i32 %vp_501, i32 %vp_445" [fpga/kernel.cpp:101]   --->   Operation 296 'store' 'store_ln101' <Predicate = (!icmp_ln96 & i_1 == 2)> <Delay = 0.42>
ST_1 : Operation 297 [1/1] (0.00ns)   --->   "%br_ln101 = br void %arrayidx93.exit" [fpga/kernel.cpp:101]   --->   Operation 297 'br' 'br_ln101' <Predicate = (!icmp_ln96 & i_1 == 2)> <Delay = 0.00>
ST_1 : Operation 298 [1/1] (0.42ns)   --->   "%store_ln98 = store i32 %vp_502, i32 %vp_489" [fpga/kernel.cpp:98]   --->   Operation 298 'store' 'store_ln98' <Predicate = (!icmp_ln96 & i_1 == 1)> <Delay = 0.42>
ST_1 : Operation 299 [1/1] (0.42ns)   --->   "%store_ln98 = store i32 %vp_504, i32 %vp_461" [fpga/kernel.cpp:98]   --->   Operation 299 'store' 'store_ln98' <Predicate = (!icmp_ln96 & i_1 == 1)> <Delay = 0.42>
ST_1 : Operation 300 [1/1] (0.42ns)   --->   "%store_ln98 = store i32 %vp_503, i32 %vp_460" [fpga/kernel.cpp:98]   --->   Operation 300 'store' 'store_ln98' <Predicate = (!icmp_ln96 & i_1 == 1)> <Delay = 0.42>
ST_1 : Operation 301 [1/1] (0.42ns)   --->   "%store_ln98 = store i32 %vp_501, i32 %vp" [fpga/kernel.cpp:98]   --->   Operation 301 'store' 'store_ln98' <Predicate = (!icmp_ln96 & i_1 == 1)> <Delay = 0.42>
ST_1 : Operation 302 [1/1] (0.00ns)   --->   "%br_ln98 = br void %arrayidx93.exit" [fpga/kernel.cpp:98]   --->   Operation 302 'br' 'br_ln98' <Predicate = (!icmp_ln96 & i_1 == 1)> <Delay = 0.00>
ST_1 : Operation 303 [1/1] (0.42ns)   --->   "%store_ln101 = store i32 %vp_504, i32 %vp_487" [fpga/kernel.cpp:101]   --->   Operation 303 'store' 'store_ln101' <Predicate = (!icmp_ln96 & i_1 == 15) | (!icmp_ln96 & i_1 == 14) | (!icmp_ln96 & i_1 == 0)> <Delay = 0.42>
ST_1 : Operation 304 [1/1] (0.42ns)   --->   "%store_ln101 = store i32 %vp_503, i32 %vp_486" [fpga/kernel.cpp:101]   --->   Operation 304 'store' 'store_ln101' <Predicate = (!icmp_ln96 & i_1 == 15) | (!icmp_ln96 & i_1 == 14) | (!icmp_ln96 & i_1 == 0)> <Delay = 0.42>
ST_1 : Operation 305 [1/1] (0.42ns)   --->   "%store_ln101 = store i32 %vp_502, i32 %vp_459" [fpga/kernel.cpp:101]   --->   Operation 305 'store' 'store_ln101' <Predicate = (!icmp_ln96 & i_1 == 15) | (!icmp_ln96 & i_1 == 14) | (!icmp_ln96 & i_1 == 0)> <Delay = 0.42>
ST_1 : Operation 306 [1/1] (0.42ns)   --->   "%store_ln101 = store i32 %vp_501, i32 %vp_458" [fpga/kernel.cpp:101]   --->   Operation 306 'store' 'store_ln101' <Predicate = (!icmp_ln96 & i_1 == 15) | (!icmp_ln96 & i_1 == 14) | (!icmp_ln96 & i_1 == 0)> <Delay = 0.42>
ST_1 : Operation 307 [1/1] (0.00ns)   --->   "%br_ln101 = br void %arrayidx93.exit" [fpga/kernel.cpp:101]   --->   Operation 307 'br' 'br_ln101' <Predicate = (!icmp_ln96 & i_1 == 15) | (!icmp_ln96 & i_1 == 14) | (!icmp_ln96 & i_1 == 0)> <Delay = 0.00>
ST_1 : Operation 308 [1/1] (0.79ns)   --->   "%add_ln96 = add i4 %i_1, i4 1" [fpga/kernel.cpp:96]   --->   Operation 308 'add' 'add_ln96' <Predicate = (!icmp_ln96)> <Delay = 0.79> <CoreInst = "Adder">   --->   Core 1 'Adder' <Latency = 0> <II = 1> <Delay = 0.79> <FuncUnit> <Opcode : 'add' 'sub'> <InPorts = 2> <OutPorts = 1>
ST_1 : Operation 309 [1/1] (0.42ns)   --->   "%store_ln96 = store i4 %add_ln96, i4 %i" [fpga/kernel.cpp:96]   --->   Operation 309 'store' 'store_ln96' <Predicate = (!icmp_ln96)> <Delay = 0.42>
ST_1 : Operation 310 [1/1] (0.00ns)   --->   "%br_ln96 = br void %for.inc94" [fpga/kernel.cpp:96]   --->   Operation 310 'br' 'br_ln96' <Predicate = (!icmp_ln96)> <Delay = 0.00>
ST_1 : Operation 311 [1/1] (0.00ns)   --->   "%vp_load = load i32 %vp"   --->   Operation 311 'load' 'vp_load' <Predicate = (icmp_ln96)> <Delay = 0.00>
ST_1 : Operation 312 [1/1] (0.00ns)   --->   "%vp_445_load = load i32 %vp_445"   --->   Operation 312 'load' 'vp_445_load' <Predicate = (icmp_ln96)> <Delay = 0.00>
ST_1 : Operation 313 [1/1] (0.00ns)   --->   "%vp_446_load = load i32 %vp_446"   --->   Operation 313 'load' 'vp_446_load' <Predicate = (icmp_ln96)> <Delay = 0.00>
ST_1 : Operation 314 [1/1] (0.00ns)   --->   "%vp_447_load = load i32 %vp_447"   --->   Operation 314 'load' 'vp_447_load' <Predicate = (icmp_ln96)> <Delay = 0.00>
ST_1 : Operation 315 [1/1] (0.00ns)   --->   "%vp_448_load = load i32 %vp_448"   --->   Operation 315 'load' 'vp_448_load' <Predicate = (icmp_ln96)> <Delay = 0.00>
ST_1 : Operation 316 [1/1] (0.00ns)   --->   "%vp_449_load = load i32 %vp_449"   --->   Operation 316 'load' 'vp_449_load' <Predicate = (icmp_ln96)> <Delay = 0.00>
ST_1 : Operation 317 [1/1] (0.00ns)   --->   "%vp_450_load = load i32 %vp_450"   --->   Operation 317 'load' 'vp_450_load' <Predicate = (icmp_ln96)> <Delay = 0.00>
ST_1 : Operation 318 [1/1] (0.00ns)   --->   "%vp_451_load = load i32 %vp_451"   --->   Operation 318 'load' 'vp_451_load' <Predicate = (icmp_ln96)> <Delay = 0.00>
ST_1 : Operation 319 [1/1] (0.00ns)   --->   "%vp_452_load = load i32 %vp_452"   --->   Operation 319 'load' 'vp_452_load' <Predicate = (icmp_ln96)> <Delay = 0.00>
ST_1 : Operation 320 [1/1] (0.00ns)   --->   "%vp_454_load = load i32 %vp_454"   --->   Operation 320 'load' 'vp_454_load' <Predicate = (icmp_ln96)> <Delay = 0.00>
ST_1 : Operation 321 [1/1] (0.00ns)   --->   "%vp_455_load = load i32 %vp_455"   --->   Operation 321 'load' 'vp_455_load' <Predicate = (icmp_ln96)> <Delay = 0.00>
ST_1 : Operation 322 [1/1] (0.00ns)   --->   "%vp_456_load = load i32 %vp_456"   --->   Operation 322 'load' 'vp_456_load' <Predicate = (icmp_ln96)> <Delay = 0.00>
ST_1 : Operation 323 [1/1] (0.00ns)   --->   "%vp_457_load = load i32 %vp_457"   --->   Operation 323 'load' 'vp_457_load' <Predicate = (icmp_ln96)> <Delay = 0.00>
ST_1 : Operation 324 [1/1] (0.00ns)   --->   "%vp_458_load = load i32 %vp_458"   --->   Operation 324 'load' 'vp_458_load' <Predicate = (icmp_ln96)> <Delay = 0.00>
ST_1 : Operation 325 [1/1] (0.00ns)   --->   "%vp_459_load = load i32 %vp_459"   --->   Operation 325 'load' 'vp_459_load' <Predicate = (icmp_ln96)> <Delay = 0.00>
ST_1 : Operation 326 [1/1] (0.00ns)   --->   "%vp_460_load = load i32 %vp_460"   --->   Operation 326 'load' 'vp_460_load' <Predicate = (icmp_ln96)> <Delay = 0.00>
ST_1 : Operation 327 [1/1] (0.00ns)   --->   "%vp_461_load = load i32 %vp_461"   --->   Operation 327 'load' 'vp_461_load' <Predicate = (icmp_ln96)> <Delay = 0.00>
ST_1 : Operation 328 [1/1] (0.00ns)   --->   "%vp_462_load = load i32 %vp_462"   --->   Operation 328 'load' 'vp_462_load' <Predicate = (icmp_ln96)> <Delay = 0.00>
ST_1 : Operation 329 [1/1] (0.00ns)   --->   "%vp_463_load = load i32 %vp_463"   --->   Operation 329 'load' 'vp_463_load' <Predicate = (icmp_ln96)> <Delay = 0.00>
ST_1 : Operation 330 [1/1] (0.00ns)   --->   "%vp_464_load = load i32 %vp_464"   --->   Operation 330 'load' 'vp_464_load' <Predicate = (icmp_ln96)> <Delay = 0.00>
ST_1 : Operation 331 [1/1] (0.00ns)   --->   "%vp_465_load = load i32 %vp_465"   --->   Operation 331 'load' 'vp_465_load' <Predicate = (icmp_ln96)> <Delay = 0.00>
ST_1 : Operation 332 [1/1] (0.00ns)   --->   "%vp_466_load = load i32 %vp_466"   --->   Operation 332 'load' 'vp_466_load' <Predicate = (icmp_ln96)> <Delay = 0.00>
ST_1 : Operation 333 [1/1] (0.00ns)   --->   "%vp_467_load = load i32 %vp_467"   --->   Operation 333 'load' 'vp_467_load' <Predicate = (icmp_ln96)> <Delay = 0.00>
ST_1 : Operation 334 [1/1] (0.00ns)   --->   "%vp_468_load = load i32 %vp_468"   --->   Operation 334 'load' 'vp_468_load' <Predicate = (icmp_ln96)> <Delay = 0.00>
ST_1 : Operation 335 [1/1] (0.00ns)   --->   "%vp_469_load = load i32 %vp_469"   --->   Operation 335 'load' 'vp_469_load' <Predicate = (icmp_ln96)> <Delay = 0.00>
ST_1 : Operation 336 [1/1] (0.00ns)   --->   "%vp_470_load = load i32 %vp_470"   --->   Operation 336 'load' 'vp_470_load' <Predicate = (icmp_ln96)> <Delay = 0.00>
ST_1 : Operation 337 [1/1] (0.00ns)   --->   "%vp_471_load = load i32 %vp_471"   --->   Operation 337 'load' 'vp_471_load' <Predicate = (icmp_ln96)> <Delay = 0.00>
ST_1 : Operation 338 [1/1] (0.00ns)   --->   "%vp_472_load = load i32 %vp_472"   --->   Operation 338 'load' 'vp_472_load' <Predicate = (icmp_ln96)> <Delay = 0.00>
ST_1 : Operation 339 [1/1] (0.00ns)   --->   "%vp_473_load = load i32 %vp_473"   --->   Operation 339 'load' 'vp_473_load' <Predicate = (icmp_ln96)> <Delay = 0.00>
ST_1 : Operation 340 [1/1] (0.00ns)   --->   "%vp_474_load = load i32 %vp_474"   --->   Operation 340 'load' 'vp_474_load' <Predicate = (icmp_ln96)> <Delay = 0.00>
ST_1 : Operation 341 [1/1] (0.00ns)   --->   "%vp_475_load = load i32 %vp_475"   --->   Operation 341 'load' 'vp_475_load' <Predicate = (icmp_ln96)> <Delay = 0.00>
ST_1 : Operation 342 [1/1] (0.00ns)   --->   "%vp_476_load = load i32 %vp_476"   --->   Operation 342 'load' 'vp_476_load' <Predicate = (icmp_ln96)> <Delay = 0.00>
ST_1 : Operation 343 [1/1] (0.00ns)   --->   "%vp_477_load = load i32 %vp_477"   --->   Operation 343 'load' 'vp_477_load' <Predicate = (icmp_ln96)> <Delay = 0.00>
ST_1 : Operation 344 [1/1] (0.00ns)   --->   "%vp_478_load = load i32 %vp_478"   --->   Operation 344 'load' 'vp_478_load' <Predicate = (icmp_ln96)> <Delay = 0.00>
ST_1 : Operation 345 [1/1] (0.00ns)   --->   "%vp_479_load = load i32 %vp_479"   --->   Operation 345 'load' 'vp_479_load' <Predicate = (icmp_ln96)> <Delay = 0.00>
ST_1 : Operation 346 [1/1] (0.00ns)   --->   "%vp_480_load = load i32 %vp_480"   --->   Operation 346 'load' 'vp_480_load' <Predicate = (icmp_ln96)> <Delay = 0.00>
ST_1 : Operation 347 [1/1] (0.00ns)   --->   "%vp_481_load = load i32 %vp_481"   --->   Operation 347 'load' 'vp_481_load' <Predicate = (icmp_ln96)> <Delay = 0.00>
ST_1 : Operation 348 [1/1] (0.00ns)   --->   "%vp_482_load = load i32 %vp_482"   --->   Operation 348 'load' 'vp_482_load' <Predicate = (icmp_ln96)> <Delay = 0.00>
ST_1 : Operation 349 [1/1] (0.00ns)   --->   "%vp_483_load = load i32 %vp_483"   --->   Operation 349 'load' 'vp_483_load' <Predicate = (icmp_ln96)> <Delay = 0.00>
ST_1 : Operation 350 [1/1] (0.00ns)   --->   "%vp_484_load = load i32 %vp_484"   --->   Operation 350 'load' 'vp_484_load' <Predicate = (icmp_ln96)> <Delay = 0.00>
ST_1 : Operation 351 [1/1] (0.00ns)   --->   "%vp_485_load = load i32 %vp_485"   --->   Operation 351 'load' 'vp_485_load' <Predicate = (icmp_ln96)> <Delay = 0.00>
ST_1 : Operation 352 [1/1] (0.00ns)   --->   "%vp_486_load = load i32 %vp_486"   --->   Operation 352 'load' 'vp_486_load' <Predicate = (icmp_ln96)> <Delay = 0.00>
ST_1 : Operation 353 [1/1] (0.00ns)   --->   "%vp_487_load = load i32 %vp_487"   --->   Operation 353 'load' 'vp_487_load' <Predicate = (icmp_ln96)> <Delay = 0.00>
ST_1 : Operation 354 [1/1] (0.00ns)   --->   "%vp_488_load = load i32 %vp_488"   --->   Operation 354 'load' 'vp_488_load' <Predicate = (icmp_ln96)> <Delay = 0.00>
ST_1 : Operation 355 [1/1] (0.00ns)   --->   "%vp_489_load = load i32 %vp_489"   --->   Operation 355 'load' 'vp_489_load' <Predicate = (icmp_ln96)> <Delay = 0.00>
ST_1 : Operation 356 [1/1] (0.00ns)   --->   "%vp_490_load = load i32 %vp_490"   --->   Operation 356 'load' 'vp_490_load' <Predicate = (icmp_ln96)> <Delay = 0.00>
ST_1 : Operation 357 [1/1] (0.00ns)   --->   "%vp_491_load = load i32 %vp_491"   --->   Operation 357 'load' 'vp_491_load' <Predicate = (icmp_ln96)> <Delay = 0.00>
ST_1 : Operation 358 [1/1] (0.00ns)   --->   "%vp_492_load = load i32 %vp_492"   --->   Operation 358 'load' 'vp_492_load' <Predicate = (icmp_ln96)> <Delay = 0.00>
ST_1 : Operation 359 [1/1] (0.00ns)   --->   "%vp_493_load = load i32 %vp_493"   --->   Operation 359 'load' 'vp_493_load' <Predicate = (icmp_ln96)> <Delay = 0.00>
ST_1 : Operation 360 [1/1] (0.00ns)   --->   "%vp_494_load = load i32 %vp_494"   --->   Operation 360 'load' 'vp_494_load' <Predicate = (icmp_ln96)> <Delay = 0.00>
ST_1 : Operation 361 [1/1] (0.00ns)   --->   "%vp_495_load = load i32 %vp_495"   --->   Operation 361 'load' 'vp_495_load' <Predicate = (icmp_ln96)> <Delay = 0.00>
ST_1 : Operation 362 [1/1] (0.00ns)   --->   "%vp_496_load = load i32 %vp_496"   --->   Operation 362 'load' 'vp_496_load' <Predicate = (icmp_ln96)> <Delay = 0.00>
ST_1 : Operation 363 [1/1] (0.00ns)   --->   "%vp_497_load = load i32 %vp_497"   --->   Operation 363 'load' 'vp_497_load' <Predicate = (icmp_ln96)> <Delay = 0.00>
ST_1 : Operation 364 [1/1] (0.00ns)   --->   "%vp_498_load = load i32 %vp_498"   --->   Operation 364 'load' 'vp_498_load' <Predicate = (icmp_ln96)> <Delay = 0.00>
ST_1 : Operation 365 [1/1] (0.00ns)   --->   "%vp_499_load = load i32 %vp_499"   --->   Operation 365 'load' 'vp_499_load' <Predicate = (icmp_ln96)> <Delay = 0.00>
ST_1 : Operation 366 [1/1] (0.00ns)   --->   "%vp_500_load = load i32 %vp_500"   --->   Operation 366 'load' 'vp_500_load' <Predicate = (icmp_ln96)> <Delay = 0.00>
ST_1 : Operation 367 [1/1] (0.00ns)   --->   "%write_ln0 = write void @_ssdm_op_Write.ap_auto.i32P0A, i32 %vp_529_out, i32 %vp_500_load"   --->   Operation 367 'write' 'write_ln0' <Predicate = (icmp_ln96)> <Delay = 0.00>
ST_1 : Operation 368 [1/1] (0.00ns)   --->   "%write_ln0 = write void @_ssdm_op_Write.ap_auto.i32P0A, i32 %vp_528_out, i32 %vp_499_load"   --->   Operation 368 'write' 'write_ln0' <Predicate = (icmp_ln96)> <Delay = 0.00>
ST_1 : Operation 369 [1/1] (0.00ns)   --->   "%write_ln0 = write void @_ssdm_op_Write.ap_auto.i32P0A, i32 %vp_527_out, i32 %vp_498_load"   --->   Operation 369 'write' 'write_ln0' <Predicate = (icmp_ln96)> <Delay = 0.00>
ST_1 : Operation 370 [1/1] (0.00ns)   --->   "%write_ln0 = write void @_ssdm_op_Write.ap_auto.i32P0A, i32 %vp_526_out, i32 %vp_497_load"   --->   Operation 370 'write' 'write_ln0' <Predicate = (icmp_ln96)> <Delay = 0.00>
ST_1 : Operation 371 [1/1] (0.00ns)   --->   "%write_ln0 = write void @_ssdm_op_Write.ap_auto.i32P0A, i32 %vp_525_out, i32 %vp_496_load"   --->   Operation 371 'write' 'write_ln0' <Predicate = (icmp_ln96)> <Delay = 0.00>
ST_1 : Operation 372 [1/1] (0.00ns)   --->   "%write_ln0 = write void @_ssdm_op_Write.ap_auto.i32P0A, i32 %vp_524_out, i32 %vp_495_load"   --->   Operation 372 'write' 'write_ln0' <Predicate = (icmp_ln96)> <Delay = 0.00>
ST_1 : Operation 373 [1/1] (0.00ns)   --->   "%write_ln0 = write void @_ssdm_op_Write.ap_auto.i32P0A, i32 %vp_523_out, i32 %vp_494_load"   --->   Operation 373 'write' 'write_ln0' <Predicate = (icmp_ln96)> <Delay = 0.00>
ST_1 : Operation 374 [1/1] (0.00ns)   --->   "%write_ln0 = write void @_ssdm_op_Write.ap_auto.i32P0A, i32 %vp_522_out, i32 %vp_493_load"   --->   Operation 374 'write' 'write_ln0' <Predicate = (icmp_ln96)> <Delay = 0.00>
ST_1 : Operation 375 [1/1] (0.00ns)   --->   "%write_ln0 = write void @_ssdm_op_Write.ap_auto.i32P0A, i32 %vp_521_out, i32 %vp_492_load"   --->   Operation 375 'write' 'write_ln0' <Predicate = (icmp_ln96)> <Delay = 0.00>
ST_1 : Operation 376 [1/1] (0.00ns)   --->   "%write_ln0 = write void @_ssdm_op_Write.ap_auto.i32P0A, i32 %vp_520_out, i32 %vp_491_load"   --->   Operation 376 'write' 'write_ln0' <Predicate = (icmp_ln96)> <Delay = 0.00>
ST_1 : Operation 377 [1/1] (0.00ns)   --->   "%write_ln0 = write void @_ssdm_op_Write.ap_auto.i32P0A, i32 %vp_519_out, i32 %vp_490_load"   --->   Operation 377 'write' 'write_ln0' <Predicate = (icmp_ln96)> <Delay = 0.00>
ST_1 : Operation 378 [1/1] (0.00ns)   --->   "%write_ln0 = write void @_ssdm_op_Write.ap_auto.i32P0A, i32 %vp_518_out, i32 %vp_489_load"   --->   Operation 378 'write' 'write_ln0' <Predicate = (icmp_ln96)> <Delay = 0.00>
ST_1 : Operation 379 [1/1] (0.00ns)   --->   "%write_ln0 = write void @_ssdm_op_Write.ap_auto.i32P0A, i32 %vp_517_out, i32 %vp_488_load"   --->   Operation 379 'write' 'write_ln0' <Predicate = (icmp_ln96)> <Delay = 0.00>
ST_1 : Operation 380 [1/1] (0.00ns)   --->   "%write_ln0 = write void @_ssdm_op_Write.ap_auto.i32P0A, i32 %vp_516_out, i32 %vp_487_load"   --->   Operation 380 'write' 'write_ln0' <Predicate = (icmp_ln96)> <Delay = 0.00>
ST_1 : Operation 381 [1/1] (0.00ns)   --->   "%write_ln0 = write void @_ssdm_op_Write.ap_auto.i32P0A, i32 %vp_515_out, i32 %vp_486_load"   --->   Operation 381 'write' 'write_ln0' <Predicate = (icmp_ln96)> <Delay = 0.00>
ST_1 : Operation 382 [1/1] (0.00ns)   --->   "%write_ln0 = write void @_ssdm_op_Write.ap_auto.i32P0A, i32 %vp_514_out, i32 %vp_485_load"   --->   Operation 382 'write' 'write_ln0' <Predicate = (icmp_ln96)> <Delay = 0.00>
ST_1 : Operation 383 [1/1] (0.00ns)   --->   "%write_ln0 = write void @_ssdm_op_Write.ap_auto.i32P0A, i32 %vp_513_out, i32 %vp_484_load"   --->   Operation 383 'write' 'write_ln0' <Predicate = (icmp_ln96)> <Delay = 0.00>
ST_1 : Operation 384 [1/1] (0.00ns)   --->   "%write_ln0 = write void @_ssdm_op_Write.ap_auto.i32P0A, i32 %vp_512_out, i32 %vp_483_load"   --->   Operation 384 'write' 'write_ln0' <Predicate = (icmp_ln96)> <Delay = 0.00>
ST_1 : Operation 385 [1/1] (0.00ns)   --->   "%write_ln0 = write void @_ssdm_op_Write.ap_auto.i32P0A, i32 %vp_511_out, i32 %vp_482_load"   --->   Operation 385 'write' 'write_ln0' <Predicate = (icmp_ln96)> <Delay = 0.00>
ST_1 : Operation 386 [1/1] (0.00ns)   --->   "%write_ln0 = write void @_ssdm_op_Write.ap_auto.i32P0A, i32 %vp_510_out, i32 %vp_481_load"   --->   Operation 386 'write' 'write_ln0' <Predicate = (icmp_ln96)> <Delay = 0.00>
ST_1 : Operation 387 [1/1] (0.00ns)   --->   "%write_ln0 = write void @_ssdm_op_Write.ap_auto.i32P0A, i32 %vp_509_out, i32 %vp_480_load"   --->   Operation 387 'write' 'write_ln0' <Predicate = (icmp_ln96)> <Delay = 0.00>
ST_1 : Operation 388 [1/1] (0.00ns)   --->   "%write_ln0 = write void @_ssdm_op_Write.ap_auto.i32P0A, i32 %vp_508_out, i32 %vp_479_load"   --->   Operation 388 'write' 'write_ln0' <Predicate = (icmp_ln96)> <Delay = 0.00>
ST_1 : Operation 389 [1/1] (0.00ns)   --->   "%write_ln0 = write void @_ssdm_op_Write.ap_auto.i32P0A, i32 %vp_507_out, i32 %vp_478_load"   --->   Operation 389 'write' 'write_ln0' <Predicate = (icmp_ln96)> <Delay = 0.00>
ST_1 : Operation 390 [1/1] (0.00ns)   --->   "%write_ln0 = write void @_ssdm_op_Write.ap_auto.i32P0A, i32 %vp_506_out, i32 %vp_477_load"   --->   Operation 390 'write' 'write_ln0' <Predicate = (icmp_ln96)> <Delay = 0.00>
ST_1 : Operation 391 [1/1] (0.00ns)   --->   "%write_ln0 = write void @_ssdm_op_Write.ap_auto.i32P0A, i32 %vp_505_out, i32 %vp_476_load"   --->   Operation 391 'write' 'write_ln0' <Predicate = (icmp_ln96)> <Delay = 0.00>
ST_1 : Operation 392 [1/1] (0.00ns)   --->   "%write_ln0 = write void @_ssdm_op_Write.ap_auto.i32P0A, i32 %vp_504_out, i32 %vp_475_load"   --->   Operation 392 'write' 'write_ln0' <Predicate = (icmp_ln96)> <Delay = 0.00>
ST_1 : Operation 393 [1/1] (0.00ns)   --->   "%write_ln0 = write void @_ssdm_op_Write.ap_auto.i32P0A, i32 %vp_503_out, i32 %vp_474_load"   --->   Operation 393 'write' 'write_ln0' <Predicate = (icmp_ln96)> <Delay = 0.00>
ST_1 : Operation 394 [1/1] (0.00ns)   --->   "%write_ln0 = write void @_ssdm_op_Write.ap_auto.i32P0A, i32 %vp_502_out, i32 %vp_473_load"   --->   Operation 394 'write' 'write_ln0' <Predicate = (icmp_ln96)> <Delay = 0.00>
ST_1 : Operation 395 [1/1] (0.00ns)   --->   "%write_ln0 = write void @_ssdm_op_Write.ap_auto.i32P0A, i32 %vp_501_out, i32 %vp_472_load"   --->   Operation 395 'write' 'write_ln0' <Predicate = (icmp_ln96)> <Delay = 0.00>
ST_1 : Operation 396 [1/1] (0.00ns)   --->   "%write_ln0 = write void @_ssdm_op_Write.ap_auto.i32P0A, i32 %vp_500_out, i32 %vp_471_load"   --->   Operation 396 'write' 'write_ln0' <Predicate = (icmp_ln96)> <Delay = 0.00>
ST_1 : Operation 397 [1/1] (0.00ns)   --->   "%write_ln0 = write void @_ssdm_op_Write.ap_auto.i32P0A, i32 %vp_499_out, i32 %vp_470_load"   --->   Operation 397 'write' 'write_ln0' <Predicate = (icmp_ln96)> <Delay = 0.00>
ST_1 : Operation 398 [1/1] (0.00ns)   --->   "%write_ln0 = write void @_ssdm_op_Write.ap_auto.i32P0A, i32 %vp_498_out, i32 %vp_469_load"   --->   Operation 398 'write' 'write_ln0' <Predicate = (icmp_ln96)> <Delay = 0.00>
ST_1 : Operation 399 [1/1] (0.00ns)   --->   "%write_ln0 = write void @_ssdm_op_Write.ap_auto.i32P0A, i32 %vp_497_out, i32 %vp_468_load"   --->   Operation 399 'write' 'write_ln0' <Predicate = (icmp_ln96)> <Delay = 0.00>
ST_1 : Operation 400 [1/1] (0.00ns)   --->   "%write_ln0 = write void @_ssdm_op_Write.ap_auto.i32P0A, i32 %vp_496_out, i32 %vp_467_load"   --->   Operation 400 'write' 'write_ln0' <Predicate = (icmp_ln96)> <Delay = 0.00>
ST_1 : Operation 401 [1/1] (0.00ns)   --->   "%write_ln0 = write void @_ssdm_op_Write.ap_auto.i32P0A, i32 %vp_495_out, i32 %vp_466_load"   --->   Operation 401 'write' 'write_ln0' <Predicate = (icmp_ln96)> <Delay = 0.00>
ST_1 : Operation 402 [1/1] (0.00ns)   --->   "%write_ln0 = write void @_ssdm_op_Write.ap_auto.i32P0A, i32 %vp_494_out, i32 %vp_465_load"   --->   Operation 402 'write' 'write_ln0' <Predicate = (icmp_ln96)> <Delay = 0.00>
ST_1 : Operation 403 [1/1] (0.00ns)   --->   "%write_ln0 = write void @_ssdm_op_Write.ap_auto.i32P0A, i32 %vp_493_out, i32 %vp_464_load"   --->   Operation 403 'write' 'write_ln0' <Predicate = (icmp_ln96)> <Delay = 0.00>
ST_1 : Operation 404 [1/1] (0.00ns)   --->   "%write_ln0 = write void @_ssdm_op_Write.ap_auto.i32P0A, i32 %vp_492_out, i32 %vp_463_load"   --->   Operation 404 'write' 'write_ln0' <Predicate = (icmp_ln96)> <Delay = 0.00>
ST_1 : Operation 405 [1/1] (0.00ns)   --->   "%write_ln0 = write void @_ssdm_op_Write.ap_auto.i32P0A, i32 %vp_491_out, i32 %vp_462_load"   --->   Operation 405 'write' 'write_ln0' <Predicate = (icmp_ln96)> <Delay = 0.00>
ST_1 : Operation 406 [1/1] (0.00ns)   --->   "%write_ln0 = write void @_ssdm_op_Write.ap_auto.i32P0A, i32 %vp_490_out, i32 %vp_461_load"   --->   Operation 406 'write' 'write_ln0' <Predicate = (icmp_ln96)> <Delay = 0.00>
ST_1 : Operation 407 [1/1] (0.00ns)   --->   "%write_ln0 = write void @_ssdm_op_Write.ap_auto.i32P0A, i32 %vp_489_out, i32 %vp_460_load"   --->   Operation 407 'write' 'write_ln0' <Predicate = (icmp_ln96)> <Delay = 0.00>
ST_1 : Operation 408 [1/1] (0.00ns)   --->   "%write_ln0 = write void @_ssdm_op_Write.ap_auto.i32P0A, i32 %vp_488_out, i32 %vp_459_load"   --->   Operation 408 'write' 'write_ln0' <Predicate = (icmp_ln96)> <Delay = 0.00>
ST_1 : Operation 409 [1/1] (0.00ns)   --->   "%write_ln0 = write void @_ssdm_op_Write.ap_auto.i32P0A, i32 %vp_487_out, i32 %vp_458_load"   --->   Operation 409 'write' 'write_ln0' <Predicate = (icmp_ln96)> <Delay = 0.00>
ST_1 : Operation 410 [1/1] (0.00ns)   --->   "%write_ln0 = write void @_ssdm_op_Write.ap_auto.i32P0A, i32 %vp_486_out, i32 %vp_457_load"   --->   Operation 410 'write' 'write_ln0' <Predicate = (icmp_ln96)> <Delay = 0.00>
ST_1 : Operation 411 [1/1] (0.00ns)   --->   "%write_ln0 = write void @_ssdm_op_Write.ap_auto.i32P0A, i32 %vp_485_out, i32 %vp_456_load"   --->   Operation 411 'write' 'write_ln0' <Predicate = (icmp_ln96)> <Delay = 0.00>
ST_1 : Operation 412 [1/1] (0.00ns)   --->   "%write_ln0 = write void @_ssdm_op_Write.ap_auto.i32P0A, i32 %vp_484_out, i32 %vp_455_load"   --->   Operation 412 'write' 'write_ln0' <Predicate = (icmp_ln96)> <Delay = 0.00>
ST_1 : Operation 413 [1/1] (0.00ns)   --->   "%write_ln0 = write void @_ssdm_op_Write.ap_auto.i32P0A, i32 %vp_483_out, i32 %vp_454_load"   --->   Operation 413 'write' 'write_ln0' <Predicate = (icmp_ln96)> <Delay = 0.00>
ST_1 : Operation 414 [1/1] (0.00ns)   --->   "%write_ln0 = write void @_ssdm_op_Write.ap_auto.i32P0A, i32 %vp_482_out, i32 %vp_452_load"   --->   Operation 414 'write' 'write_ln0' <Predicate = (icmp_ln96)> <Delay = 0.00>
ST_1 : Operation 415 [1/1] (0.00ns)   --->   "%write_ln0 = write void @_ssdm_op_Write.ap_auto.i32P0A, i32 %vp_481_out, i32 %vp_451_load"   --->   Operation 415 'write' 'write_ln0' <Predicate = (icmp_ln96)> <Delay = 0.00>
ST_1 : Operation 416 [1/1] (0.00ns)   --->   "%write_ln0 = write void @_ssdm_op_Write.ap_auto.i32P0A, i32 %vp_480_out, i32 %vp_450_load"   --->   Operation 416 'write' 'write_ln0' <Predicate = (icmp_ln96)> <Delay = 0.00>
ST_1 : Operation 417 [1/1] (0.00ns)   --->   "%write_ln0 = write void @_ssdm_op_Write.ap_auto.i32P0A, i32 %vp_479_out, i32 %vp_449_load"   --->   Operation 417 'write' 'write_ln0' <Predicate = (icmp_ln96)> <Delay = 0.00>
ST_1 : Operation 418 [1/1] (0.00ns)   --->   "%write_ln0 = write void @_ssdm_op_Write.ap_auto.i32P0A, i32 %vp_478_out, i32 %vp_448_load"   --->   Operation 418 'write' 'write_ln0' <Predicate = (icmp_ln96)> <Delay = 0.00>
ST_1 : Operation 419 [1/1] (0.00ns)   --->   "%write_ln0 = write void @_ssdm_op_Write.ap_auto.i32P0A, i32 %vp_477_out, i32 %vp_447_load"   --->   Operation 419 'write' 'write_ln0' <Predicate = (icmp_ln96)> <Delay = 0.00>
ST_1 : Operation 420 [1/1] (0.00ns)   --->   "%write_ln0 = write void @_ssdm_op_Write.ap_auto.i32P0A, i32 %vp_476_out, i32 %vp_446_load"   --->   Operation 420 'write' 'write_ln0' <Predicate = (icmp_ln96)> <Delay = 0.00>
ST_1 : Operation 421 [1/1] (0.00ns)   --->   "%write_ln0 = write void @_ssdm_op_Write.ap_auto.i32P0A, i32 %vp_475_out, i32 %vp_445_load"   --->   Operation 421 'write' 'write_ln0' <Predicate = (icmp_ln96)> <Delay = 0.00>
ST_1 : Operation 422 [1/1] (0.00ns)   --->   "%write_ln0 = write void @_ssdm_op_Write.ap_auto.i32P0A, i32 %vp_out, i32 %vp_load"   --->   Operation 422 'write' 'write_ln0' <Predicate = (icmp_ln96)> <Delay = 0.00>
ST_1 : Operation 423 [1/1] (0.00ns)   --->   "%ret_ln0 = ret"   --->   Operation 423 'ret' 'ret_ln0' <Predicate = (icmp_ln96)> <Delay = 0.00>


============================================================
+ Verbose Summary: Timing violations
============================================================
Target clock period: 10.000ns, clock uncertainty: 1.080ns.

 <State 1>: 1.224ns
The critical path consists of the following:
	'alloca' operation ('i') [165]  (0.000 ns)
	'load' operation ('i', fpga/kernel.cpp:96) on local variable 'i' [389]  (0.000 ns)
	'add' operation ('add_ln96', fpga/kernel.cpp:96) [486]  (0.797 ns)
	'store' operation ('store_ln96', fpga/kernel.cpp:96) of variable 'add_ln96', fpga/kernel.cpp:96 on local variable 'i' [487]  (0.427 ns)


============================================================
+ Verbose Summary: Binding
============================================================
N/A
* FSMD analyzer results:
  - Output states:
 - Input state : 
  - Chain level:
	State 1


============================================================
+ Verbose Summary: Datapath Resource usage 
============================================================
N/A
