

================================================================
== Vitis HLS Report for 'initialization'
================================================================
* Date:           Wed Sep 27 17:43:47 2023

* Version:        2023.1 (Build 3854077 on May  4 2023)
* Project:        fpga
* Solution:       solution1 (Vitis Kernel Flow Target)
* Product family: zynquplus
* Target device:  xczu7ev-ffvc1156-2-e


================================================================
== Performance Estimates
================================================================
+ Timing: 
    * Summary: 
    +--------+----------+----------+------------+
    |  Clock |  Target  | Estimated| Uncertainty|
    +--------+----------+----------+------------+
    |ap_clk  |  10.00 ns|  8.886 ns|     1.08 ns|
    +--------+----------+----------+------------+

+ Latency: 
    * Summary: 
    +---------+---------+----------+----------+-----+-----+---------+
    |  Latency (cycles) |  Latency (absolute) |  Interval | Pipeline|
    |   min   |   max   |    min   |    max   | min | max |   Type  |
    +---------+---------+----------+----------+-----+-----+---------+
    |       57|       57|  0.570 us|  0.570 us|   57|   57|       no|
    +---------+---------+----------+----------+-----+-----+---------+

    + Detail: 
        * Instance: 
        +-------------------------+---------------+---------+---------+-----------+-----------+-----+-----+---------+
        |                         |               |  Latency (cycles) |   Latency (absolute)  |  Interval | Pipeline|
        |         Instance        |     Module    |   min   |   max   |    min    |    max    | min | max |   Type  |
        +-------------------------+---------------+---------+---------+-----------+-----------+-----+-----+---------+
        |y_ap_fixed_base_fu_2014  |ap_fixed_base  |        0|        0|       0 ns|       0 ns|    1|    1|      yes|
        |grp_sin_33_6_s_fu_2019   |sin_33_6_s     |        8|        8|  80.000 ns|  80.000 ns|    1|    1|      yes|
        |grp_sin_33_6_s_fu_2024   |sin_33_6_s     |        8|        8|  80.000 ns|  80.000 ns|    1|    1|      yes|
        |grp_sin_33_6_s_fu_2029   |sin_33_6_s     |        8|        8|  80.000 ns|  80.000 ns|    1|    1|      yes|
        |grp_sin_33_6_s_fu_2034   |sin_33_6_s     |        8|        8|  80.000 ns|  80.000 ns|    1|    1|      yes|
        |grp_sin_33_6_s_fu_2039   |sin_33_6_s     |        8|        8|  80.000 ns|  80.000 ns|    1|    1|      yes|
        |grp_sin_33_6_s_fu_2044   |sin_33_6_s     |        8|        8|  80.000 ns|  80.000 ns|    1|    1|      yes|
        |grp_sin_33_6_s_fu_2049   |sin_33_6_s     |        8|        8|  80.000 ns|  80.000 ns|    1|    1|      yes|
        |grp_sin_33_6_s_fu_2054   |sin_33_6_s     |        8|        8|  80.000 ns|  80.000 ns|    1|    1|      yes|
        |grp_sin_33_6_s_fu_2059   |sin_33_6_s     |        8|        8|  80.000 ns|  80.000 ns|    1|    1|      yes|
        |grp_sin_33_6_s_fu_2064   |sin_33_6_s     |        8|        8|  80.000 ns|  80.000 ns|    1|    1|      yes|
        |grp_sin_33_6_s_fu_2069   |sin_33_6_s     |        8|        8|  80.000 ns|  80.000 ns|    1|    1|      yes|
        |grp_sin_33_6_s_fu_2074   |sin_33_6_s     |        8|        8|  80.000 ns|  80.000 ns|    1|    1|      yes|
        |grp_sin_33_6_s_fu_2079   |sin_33_6_s     |        8|        8|  80.000 ns|  80.000 ns|    1|    1|      yes|
        |grp_sin_33_6_s_fu_2084   |sin_33_6_s     |        8|        8|  80.000 ns|  80.000 ns|    1|    1|      yes|
        |grp_sin_33_6_s_fu_2089   |sin_33_6_s     |        8|        8|  80.000 ns|  80.000 ns|    1|    1|      yes|
        |grp_sin_33_6_s_fu_2094   |sin_33_6_s     |        8|        8|  80.000 ns|  80.000 ns|    1|    1|      yes|
        +-------------------------+---------------+---------+---------+-----------+-----------+-----+-----+---------+

        * Loop: 
        +-------------+---------+---------+----------+-----------+-----------+------+----------+
        |             |  Latency (cycles) | Iteration|  Initiation Interval  | Trip |          |
        |  Loop Name  |   min   |   max   |  Latency |  achieved |   target  | Count| Pipelined|
        +-------------+---------+---------+----------+-----------+-----------+------+----------+
        |- init_loop  |       55|       55|        41|          1|          1|    16|       yes|
        +-------------+---------+---------+----------+-----------+-----------+------+----------+



================================================================
== Utilization Estimates
================================================================
* Summary: 
+-----------------+---------+------+--------+--------+-----+
|       Name      | BRAM_18K|  DSP |   FF   |   LUT  | URAM|
+-----------------+---------+------+--------+--------+-----+
|DSP              |        -|     -|       -|       -|    -|
|Expression       |        -|     -|       0|     667|    -|
|FIFO             |        -|     -|       -|       -|    -|
|Instance         |        -|   110|   16536|  175100|    -|
|Memory           |        -|     -|       -|       -|    -|
|Multiplexer      |        -|     -|       -|    2034|    -|
|Register         |        -|     -|    7611|      64|    -|
+-----------------+---------+------+--------+--------+-----+
|Total            |        0|   110|   24147|  177865|    0|
+-----------------+---------+------+--------+--------+-----+
|Available        |      624|  1728|  460800|  230400|   96|
+-----------------+---------+------+--------+--------+-----+
|Utilization (%)  |        0|     6|       5|      77|    0|
+-----------------+---------+------+--------+--------+-----+

+ Detail: 
    * Instance: 
    +-----------------------------------+--------------------------------+---------+----+-----+-------+-----+
    |              Instance             |             Module             | BRAM_18K| DSP|  FF |  LUT  | URAM|
    +-----------------------------------+--------------------------------+---------+----+-----+-------+-----+
    |y_ap_fixed_base_fu_2014            |ap_fixed_base                   |        0|   0|    0|    723|    0|
    |dadd_64ns_64ns_64_5_full_dsp_1_U8  |dadd_64ns_64ns_64_5_full_dsp_1  |        0|   3|  445|    782|    0|
    |ddiv_64ns_64ns_64_17_no_dsp_1_U10  |ddiv_64ns_64ns_64_17_no_dsp_1   |        0|   0|    0|      0|    0|
    |dmul_64ns_64ns_64_5_max_dsp_1_U9   |dmul_64ns_64ns_64_5_max_dsp_1   |        0|  11|  299|    203|    0|
    |grp_sin_33_6_s_fu_2019             |sin_33_6_s                      |        0|   6|  987|  10837|    0|
    |grp_sin_33_6_s_fu_2024             |sin_33_6_s                      |        0|   6|  987|  10837|    0|
    |grp_sin_33_6_s_fu_2029             |sin_33_6_s                      |        0|   6|  987|  10837|    0|
    |grp_sin_33_6_s_fu_2034             |sin_33_6_s                      |        0|   6|  987|  10837|    0|
    |grp_sin_33_6_s_fu_2039             |sin_33_6_s                      |        0|   6|  987|  10837|    0|
    |grp_sin_33_6_s_fu_2044             |sin_33_6_s                      |        0|   6|  987|  10837|    0|
    |grp_sin_33_6_s_fu_2049             |sin_33_6_s                      |        0|   6|  987|  10837|    0|
    |grp_sin_33_6_s_fu_2054             |sin_33_6_s                      |        0|   6|  987|  10837|    0|
    |grp_sin_33_6_s_fu_2059             |sin_33_6_s                      |        0|   6|  987|  10837|    0|
    |grp_sin_33_6_s_fu_2064             |sin_33_6_s                      |        0|   6|  987|  10837|    0|
    |grp_sin_33_6_s_fu_2069             |sin_33_6_s                      |        0|   6|  987|  10837|    0|
    |grp_sin_33_6_s_fu_2074             |sin_33_6_s                      |        0|   6|  987|  10837|    0|
    |grp_sin_33_6_s_fu_2079             |sin_33_6_s                      |        0|   6|  987|  10837|    0|
    |grp_sin_33_6_s_fu_2084             |sin_33_6_s                      |        0|   6|  987|  10837|    0|
    |grp_sin_33_6_s_fu_2089             |sin_33_6_s                      |        0|   6|  987|  10837|    0|
    |grp_sin_33_6_s_fu_2094             |sin_33_6_s                      |        0|   6|  987|  10837|    0|
    |sitodp_32ns_64_3_no_dsp_1_U11      |sitodp_32ns_64_3_no_dsp_1       |        0|   0|    0|      0|    0|
    +-----------------------------------+--------------------------------+---------+----+-----+-------+-----+
    |Total                              |                                |        0| 110|16536| 175100|    0|
    +-----------------------------------+--------------------------------+---------+----+-----+-------+-----+

    * DSP: 
    N/A

    * Memory: 
    N/A

    * FIFO: 
    N/A

    * Expression: 
    +------------------------+----------+----+---+----+------------+------------+
    |      Variable Name     | Operation| DSP| FF| LUT| Bitwidth P0| Bitwidth P1|
    +------------------------+----------+----+---+----+------------+------------+
    |add_ln16_10_fu_2384_p2  |         +|   0|  0|  40|          33|          26|
    |add_ln16_11_fu_2391_p2  |         +|   0|  0|  40|          33|          26|
    |add_ln16_12_fu_2398_p2  |         +|   0|  0|  40|          33|          27|
    |add_ln16_13_fu_2405_p2  |         +|   0|  0|  40|          33|          27|
    |add_ln16_14_fu_2412_p2  |         +|   0|  0|  40|          33|          27|
    |add_ln16_15_fu_2419_p2  |         +|   0|  0|  40|          33|          28|
    |add_ln16_1_fu_2321_p2   |         +|   0|  0|  40|          33|          28|
    |add_ln16_2_fu_2328_p2   |         +|   0|  0|  40|          33|          28|
    |add_ln16_3_fu_2335_p2   |         +|   0|  0|  40|          33|          28|
    |add_ln16_4_fu_2342_p2   |         +|   0|  0|  40|          33|          27|
    |add_ln16_5_fu_2349_p2   |         +|   0|  0|  40|          33|          27|
    |add_ln16_6_fu_2356_p2   |         +|   0|  0|  40|          33|          26|
    |add_ln16_7_fu_2363_p2   |         +|   0|  0|  40|          33|          25|
    |add_ln16_8_fu_2370_p2   |         +|   0|  0|  40|          33|          24|
    |add_ln16_9_fu_2377_p2   |         +|   0|  0|  40|          33|          25|
    |add_ln16_fu_2314_p2     |         +|   0|  0|  40|          33|          29|
    |add_ln8_fu_2131_p2      |         +|   0|  0|  12|           5|           1|
    |icmp_ln8_fu_2125_p2     |      icmp|   0|  0|  13|           5|           6|
    |ap_enable_pp0           |       xor|   0|  0|   2|           1|           2|
    +------------------------+----------+----+---+----+------------+------------+
    |Total                   |          |   0|  0| 667|         539|         437|
    +------------------------+----------+----+---+----+------------+------------+

    * Multiplexer: 
    +------------------------------------+----+-----------+-----+-----------+
    |                Name                | LUT| Input Size| Bits| Total Bits|
    +------------------------------------+----+-----------+-----+-----------+
    |ap_done_int                         |   9|          2|    1|          2|
    |ap_enable_reg_pp0_iter1             |   9|          2|    1|          2|
    |ap_sig_allocacmp_f_100_0991_load    |   9|          2|   32|         64|
    |ap_sig_allocacmp_f_101_0989_load    |   9|          2|   32|         64|
    |ap_sig_allocacmp_f_102_0988_load    |   9|          2|   32|         64|
    |ap_sig_allocacmp_f_103_0986_load    |   9|          2|   32|         64|
    |ap_sig_allocacmp_f_104_0985_load    |   9|          2|   32|         64|
    |ap_sig_allocacmp_f_105_0983_load    |   9|          2|   32|         64|
    |ap_sig_allocacmp_f_106_0982_load    |   9|          2|   32|         64|
    |ap_sig_allocacmp_f_107_0980_load    |   9|          2|   32|         64|
    |ap_sig_allocacmp_f_108_0948_load    |   9|          2|   32|         64|
    |ap_sig_allocacmp_f_109_0951_load    |   9|          2|   32|         64|
    |ap_sig_allocacmp_f_110_0954_load    |   9|          2|   32|         64|
    |ap_sig_allocacmp_f_111_0957_load    |   9|          2|   32|         64|
    |ap_sig_allocacmp_f_112_0960_load    |   9|          2|   32|         64|
    |ap_sig_allocacmp_f_113_0963_load    |   9|          2|   32|         64|
    |ap_sig_allocacmp_f_114_0966_load    |   9|          2|   32|         64|
    |ap_sig_allocacmp_f_115_0969_load    |   9|          2|   32|         64|
    |ap_sig_allocacmp_f_116_0972_load    |   9|          2|   32|         64|
    |ap_sig_allocacmp_f_117_0975_load    |   9|          2|   32|         64|
    |ap_sig_allocacmp_f_118_0978_load    |   9|          2|   32|         64|
    |ap_sig_allocacmp_f_119_0979_load    |   9|          2|   32|         64|
    |ap_sig_allocacmp_f_120_0977_load    |   9|          2|   32|         64|
    |ap_sig_allocacmp_f_121_0976_load    |   9|          2|   32|         64|
    |ap_sig_allocacmp_f_122_0974_load    |   9|          2|   32|         64|
    |ap_sig_allocacmp_f_123_0973_load    |   9|          2|   32|         64|
    |ap_sig_allocacmp_f_124_0971_load    |   9|          2|   32|         64|
    |ap_sig_allocacmp_f_125_0970_load    |   9|          2|   32|         64|
    |ap_sig_allocacmp_f_126_0968_load    |   9|          2|   32|         64|
    |ap_sig_allocacmp_f_127_0967_load    |   9|          2|   32|         64|
    |ap_sig_allocacmp_f_128_0965_load    |   9|          2|   32|         64|
    |ap_sig_allocacmp_f_129_0964_load    |   9|          2|   32|         64|
    |ap_sig_allocacmp_f_130_0962_load    |   9|          2|   32|         64|
    |ap_sig_allocacmp_f_131_0961_load    |   9|          2|   32|         64|
    |ap_sig_allocacmp_f_132_0959_load    |   9|          2|   32|         64|
    |ap_sig_allocacmp_f_133_0958_load    |   9|          2|   32|         64|
    |ap_sig_allocacmp_f_134_0956_load    |   9|          2|   32|         64|
    |ap_sig_allocacmp_f_135_0955_load    |   9|          2|   32|         64|
    |ap_sig_allocacmp_f_136_0953_load    |   9|          2|   32|         64|
    |ap_sig_allocacmp_f_137_0952_load    |   9|          2|   32|         64|
    |ap_sig_allocacmp_f_138_0950_load    |   9|          2|   32|         64|
    |ap_sig_allocacmp_f_139_0949_load    |   9|          2|   32|         64|
    |ap_sig_allocacmp_f_140_0947_load    |   9|          2|   32|         64|
    |ap_sig_allocacmp_f_141_0914_load    |   9|          2|   32|         64|
    |ap_sig_allocacmp_f_142_0917_load    |   9|          2|   32|         64|
    |ap_sig_allocacmp_f_143_0920_load    |   9|          2|   32|         64|
    |ap_sig_allocacmp_f_144_0923_load    |   9|          2|   32|         64|
    |ap_sig_allocacmp_f_145_0926_load    |   9|          2|   32|         64|
    |ap_sig_allocacmp_f_146_0929_load    |   9|          2|   32|         64|
    |ap_sig_allocacmp_f_147_0932_load    |   9|          2|   32|         64|
    |ap_sig_allocacmp_f_148_0935_load    |   9|          2|   32|         64|
    |ap_sig_allocacmp_f_149_0938_load    |   9|          2|   32|         64|
    |ap_sig_allocacmp_f_150_0941_load    |   9|          2|   32|         64|
    |ap_sig_allocacmp_f_151_0944_load    |   9|          2|   32|         64|
    |ap_sig_allocacmp_f_152_0946_load    |   9|          2|   32|         64|
    |ap_sig_allocacmp_f_153_0945_load    |   9|          2|   32|         64|
    |ap_sig_allocacmp_f_154_0943_load    |   9|          2|   32|         64|
    |ap_sig_allocacmp_f_155_0942_load    |   9|          2|   32|         64|
    |ap_sig_allocacmp_f_156_0940_load    |   9|          2|   32|         64|
    |ap_sig_allocacmp_f_157_0939_load    |   9|          2|   32|         64|
    |ap_sig_allocacmp_f_158_0937_load    |   9|          2|   32|         64|
    |ap_sig_allocacmp_f_159_0936_load    |   9|          2|   32|         64|
    |ap_sig_allocacmp_f_160_0934_load    |   9|          2|   32|         64|
    |ap_sig_allocacmp_f_161_0933_load    |   9|          2|   32|         64|
    |ap_sig_allocacmp_f_162_0931_load    |   9|          2|   32|         64|
    |ap_sig_allocacmp_f_163_0930_load    |   9|          2|   32|         64|
    |ap_sig_allocacmp_f_164_0928_load    |   9|          2|   32|         64|
    |ap_sig_allocacmp_f_165_0927_load    |   9|          2|   32|         64|
    |ap_sig_allocacmp_f_166_0925_load    |   9|          2|   32|         64|
    |ap_sig_allocacmp_f_167_0924_load    |   9|          2|   32|         64|
    |ap_sig_allocacmp_f_168_0922_load    |   9|          2|   32|         64|
    |ap_sig_allocacmp_f_169_0921_load    |   9|          2|   32|         64|
    |ap_sig_allocacmp_f_170_0919_load    |   9|          2|   32|         64|
    |ap_sig_allocacmp_f_171_0918_load    |   9|          2|   32|         64|
    |ap_sig_allocacmp_f_172_0916_load    |   9|          2|   32|         64|
    |ap_sig_allocacmp_f_173_0915_load    |   9|          2|   32|         64|
    |ap_sig_allocacmp_f_174_0913_load    |   9|          2|   32|         64|
    |ap_sig_allocacmp_f_175_0880_load    |   9|          2|   32|         64|
    |ap_sig_allocacmp_f_176_0883_load    |   9|          2|   32|         64|
    |ap_sig_allocacmp_f_177_0886_load    |   9|          2|   32|         64|
    |ap_sig_allocacmp_f_178_0889_load    |   9|          2|   32|         64|
    |ap_sig_allocacmp_f_179_0892_load    |   9|          2|   32|         64|
    |ap_sig_allocacmp_f_17_01079_load    |   9|          2|   32|         64|
    |ap_sig_allocacmp_f_180_0895_load    |   9|          2|   32|         64|
    |ap_sig_allocacmp_f_181_0898_load    |   9|          2|   32|         64|
    |ap_sig_allocacmp_f_182_0901_load    |   9|          2|   32|         64|
    |ap_sig_allocacmp_f_183_0904_load    |   9|          2|   32|         64|
    |ap_sig_allocacmp_f_184_0907_load    |   9|          2|   32|         64|
    |ap_sig_allocacmp_f_185_0910_load    |   9|          2|   32|         64|
    |ap_sig_allocacmp_f_186_0912_load    |   9|          2|   32|         64|
    |ap_sig_allocacmp_f_187_0911_load    |   9|          2|   32|         64|
    |ap_sig_allocacmp_f_188_0909_load    |   9|          2|   32|         64|
    |ap_sig_allocacmp_f_189_0908_load    |   9|          2|   32|         64|
    |ap_sig_allocacmp_f_18_01080_load    |   9|          2|   32|         64|
    |ap_sig_allocacmp_f_190_0906_load    |   9|          2|   32|         64|
    |ap_sig_allocacmp_f_191_0905_load    |   9|          2|   32|         64|
    |ap_sig_allocacmp_f_192_0903_load    |   9|          2|   32|         64|
    |ap_sig_allocacmp_f_193_0902_load    |   9|          2|   32|         64|
    |ap_sig_allocacmp_f_194_0900_load    |   9|          2|   32|         64|
    |ap_sig_allocacmp_f_195_0899_load    |   9|          2|   32|         64|
    |ap_sig_allocacmp_f_196_0897_load    |   9|          2|   32|         64|
    |ap_sig_allocacmp_f_197_0896_load    |   9|          2|   32|         64|
    |ap_sig_allocacmp_f_198_0894_load    |   9|          2|   32|         64|
    |ap_sig_allocacmp_f_199_0893_load    |   9|          2|   32|         64|
    |ap_sig_allocacmp_f_19_01078_load    |   9|          2|   32|         64|
    |ap_sig_allocacmp_f_200_0891_load    |   9|          2|   32|         64|
    |ap_sig_allocacmp_f_201_0890_load    |   9|          2|   32|         64|
    |ap_sig_allocacmp_f_202_0888_load    |   9|          2|   32|         64|
    |ap_sig_allocacmp_f_203_0887_load    |   9|          2|   32|         64|
    |ap_sig_allocacmp_f_204_0885_load    |   9|          2|   32|         64|
    |ap_sig_allocacmp_f_205_0884_load    |   9|          2|   32|         64|
    |ap_sig_allocacmp_f_206_0882_load    |   9|          2|   32|         64|
    |ap_sig_allocacmp_f_207_0881_load    |   9|          2|   32|         64|
    |ap_sig_allocacmp_f_208_0879_load    |   9|          2|   32|         64|
    |ap_sig_allocacmp_f_209_0847_load    |   9|          2|   32|         64|
    |ap_sig_allocacmp_f_20_01077_load    |   9|          2|   32|         64|
    |ap_sig_allocacmp_f_210_0850_load    |   9|          2|   32|         64|
    |ap_sig_allocacmp_f_211_0853_load    |   9|          2|   32|         64|
    |ap_sig_allocacmp_f_212_0856_load    |   9|          2|   32|         64|
    |ap_sig_allocacmp_f_213_0859_load    |   9|          2|   32|         64|
    |ap_sig_allocacmp_f_214_0862_load    |   9|          2|   32|         64|
    |ap_sig_allocacmp_f_215_0865_load    |   9|          2|   32|         64|
    |ap_sig_allocacmp_f_216_0868_load    |   9|          2|   32|         64|
    |ap_sig_allocacmp_f_217_0871_load    |   9|          2|   32|         64|
    |ap_sig_allocacmp_f_218_0874_load    |   9|          2|   32|         64|
    |ap_sig_allocacmp_f_219_0877_load    |   9|          2|   32|         64|
    |ap_sig_allocacmp_f_21_01075_load    |   9|          2|   32|         64|
    |ap_sig_allocacmp_f_220_0878_load    |   9|          2|   32|         64|
    |ap_sig_allocacmp_f_221_0876_load    |   9|          2|   32|         64|
    |ap_sig_allocacmp_f_222_0875_load    |   9|          2|   32|         64|
    |ap_sig_allocacmp_f_223_0873_load    |   9|          2|   32|         64|
    |ap_sig_allocacmp_f_224_0872_load    |   9|          2|   32|         64|
    |ap_sig_allocacmp_f_225_0870_load    |   9|          2|   32|         64|
    |ap_sig_allocacmp_f_226_0869_load    |   9|          2|   32|         64|
    |ap_sig_allocacmp_f_227_0867_load    |   9|          2|   32|         64|
    |ap_sig_allocacmp_f_228_0866_load    |   9|          2|   32|         64|
    |ap_sig_allocacmp_f_229_0864_load    |   9|          2|   32|         64|
    |ap_sig_allocacmp_f_22_01074_load    |   9|          2|   32|         64|
    |ap_sig_allocacmp_f_230_0863_load    |   9|          2|   32|         64|
    |ap_sig_allocacmp_f_231_0861_load    |   9|          2|   32|         64|
    |ap_sig_allocacmp_f_232_0860_load    |   9|          2|   32|         64|
    |ap_sig_allocacmp_f_233_0858_load    |   9|          2|   32|         64|
    |ap_sig_allocacmp_f_234_0857_load    |   9|          2|   32|         64|
    |ap_sig_allocacmp_f_235_0855_load    |   9|          2|   32|         64|
    |ap_sig_allocacmp_f_236_0854_load    |   9|          2|   32|         64|
    |ap_sig_allocacmp_f_237_0852_load    |   9|          2|   32|         64|
    |ap_sig_allocacmp_f_238_0851_load    |   9|          2|   32|         64|
    |ap_sig_allocacmp_f_23_01072_load    |   9|          2|   32|         64|
    |ap_sig_allocacmp_f_24_01071_load    |   9|          2|   32|         64|
    |ap_sig_allocacmp_f_25_01069_load    |   9|          2|   32|         64|
    |ap_sig_allocacmp_f_26_01068_load    |   9|          2|   32|         64|
    |ap_sig_allocacmp_f_2786_01066_load  |   9|          2|   32|         64|
    |ap_sig_allocacmp_f_28_01065_load    |   9|          2|   32|         64|
    |ap_sig_allocacmp_f_29_01063_load    |   9|          2|   32|         64|
    |ap_sig_allocacmp_f_30_01062_load    |   9|          2|   32|         64|
    |ap_sig_allocacmp_f_31_01060_load    |   9|          2|   32|         64|
    |ap_sig_allocacmp_f_32_01059_load    |   9|          2|   32|         64|
    |ap_sig_allocacmp_f_33_01057_load    |   9|          2|   32|         64|
    |ap_sig_allocacmp_f_34_01056_load    |   9|          2|   32|         64|
    |ap_sig_allocacmp_f_35_01054_load    |   9|          2|   32|         64|
    |ap_sig_allocacmp_f_36_01053_load    |   9|          2|   32|         64|
    |ap_sig_allocacmp_f_37_01051_load    |   9|          2|   32|         64|
    |ap_sig_allocacmp_f_38_01050_load    |   9|          2|   32|         64|
    |ap_sig_allocacmp_f_39_01048_load    |   9|          2|   32|         64|
    |ap_sig_allocacmp_f_40_01015_load    |   9|          2|   32|         64|
    |ap_sig_allocacmp_f_41_01018_load    |   9|          2|   32|         64|
    |ap_sig_allocacmp_f_42_01021_load    |   9|          2|   32|         64|
    |ap_sig_allocacmp_f_43_01024_load    |   9|          2|   32|         64|
    |ap_sig_allocacmp_f_44_01027_load    |   9|          2|   32|         64|
    |ap_sig_allocacmp_f_45_01030_load    |   9|          2|   32|         64|
    |ap_sig_allocacmp_f_46_01033_load    |   9|          2|   32|         64|
    |ap_sig_allocacmp_f_47_01036_load    |   9|          2|   32|         64|
    |ap_sig_allocacmp_f_48_01039_load    |   9|          2|   32|         64|
    |ap_sig_allocacmp_f_49_01042_load    |   9|          2|   32|         64|
    |ap_sig_allocacmp_f_50_01045_load    |   9|          2|   32|         64|
    |ap_sig_allocacmp_f_51_01047_load    |   9|          2|   32|         64|
    |ap_sig_allocacmp_f_52_01046_load    |   9|          2|   32|         64|
    |ap_sig_allocacmp_f_53_01044_load    |   9|          2|   32|         64|
    |ap_sig_allocacmp_f_54_01043_load    |   9|          2|   32|         64|
    |ap_sig_allocacmp_f_55_01041_load    |   9|          2|   32|         64|
    |ap_sig_allocacmp_f_56_01040_load    |   9|          2|   32|         64|
    |ap_sig_allocacmp_f_57_01038_load    |   9|          2|   32|         64|
    |ap_sig_allocacmp_f_58_01037_load    |   9|          2|   32|         64|
    |ap_sig_allocacmp_f_59_01035_load    |   9|          2|   32|         64|
    |ap_sig_allocacmp_f_60_01034_load    |   9|          2|   32|         64|
    |ap_sig_allocacmp_f_61_01032_load    |   9|          2|   32|         64|
    |ap_sig_allocacmp_f_62_01031_load    |   9|          2|   32|         64|
    |ap_sig_allocacmp_f_63_01029_load    |   9|          2|   32|         64|
    |ap_sig_allocacmp_f_64_01028_load    |   9|          2|   32|         64|
    |ap_sig_allocacmp_f_65_01026_load    |   9|          2|   32|         64|
    |ap_sig_allocacmp_f_66_01025_load    |   9|          2|   32|         64|
    |ap_sig_allocacmp_f_67_01023_load    |   9|          2|   32|         64|
    |ap_sig_allocacmp_f_68_01022_load    |   9|          2|   32|         64|
    |ap_sig_allocacmp_f_69_01020_load    |   9|          2|   32|         64|
    |ap_sig_allocacmp_f_70_01019_load    |   9|          2|   32|         64|
    |ap_sig_allocacmp_f_71_01017_load    |   9|          2|   32|         64|
    |ap_sig_allocacmp_f_72_01016_load    |   9|          2|   32|         64|
    |ap_sig_allocacmp_f_73_01014_load    |   9|          2|   32|         64|
    |ap_sig_allocacmp_f_74_0981_load     |   9|          2|   32|         64|
    |ap_sig_allocacmp_f_75_0984_load     |   9|          2|   32|         64|
    |ap_sig_allocacmp_f_76_0987_load     |   9|          2|   32|         64|
    |ap_sig_allocacmp_f_77_0990_load     |   9|          2|   32|         64|
    |ap_sig_allocacmp_f_78_0993_load     |   9|          2|   32|         64|
    |ap_sig_allocacmp_f_79_0996_load     |   9|          2|   32|         64|
    |ap_sig_allocacmp_f_80_0999_load     |   9|          2|   32|         64|
    |ap_sig_allocacmp_f_81_01002_load    |   9|          2|   32|         64|
    |ap_sig_allocacmp_f_82_01005_load    |   9|          2|   32|         64|
    |ap_sig_allocacmp_f_83_01008_load    |   9|          2|   32|         64|
    |ap_sig_allocacmp_f_84_01011_load    |   9|          2|   32|         64|
    |ap_sig_allocacmp_f_85_01013_load    |   9|          2|   32|         64|
    |ap_sig_allocacmp_f_86_01012_load    |   9|          2|   32|         64|
    |ap_sig_allocacmp_f_87_01010_load    |   9|          2|   32|         64|
    |ap_sig_allocacmp_f_88_01009_load    |   9|          2|   32|         64|
    |ap_sig_allocacmp_f_89_01007_load    |   9|          2|   32|         64|
    |ap_sig_allocacmp_f_90_01006_load    |   9|          2|   32|         64|
    |ap_sig_allocacmp_f_91_01004_load    |   9|          2|   32|         64|
    |ap_sig_allocacmp_f_92_01003_load    |   9|          2|   32|         64|
    |ap_sig_allocacmp_f_93_01001_load    |   9|          2|   32|         64|
    |ap_sig_allocacmp_f_94_01000_load    |   9|          2|   32|         64|
    |ap_sig_allocacmp_f_95_0998_load     |   9|          2|   32|         64|
    |ap_sig_allocacmp_f_96_0997_load     |   9|          2|   32|         64|
    |ap_sig_allocacmp_f_97_0995_load     |   9|          2|   32|         64|
    |ap_sig_allocacmp_f_98_0994_load     |   9|          2|   32|         64|
    |ap_sig_allocacmp_f_99_0992_load     |   9|          2|   32|         64|
    |ap_sig_allocacmp_iy_2               |   9|          2|    5|         10|
    |iy_fu_98                            |   9|          2|    5|         10|
    +------------------------------------+----+-----------+-----+-----------+
    |Total                               |2034|        452| 7116|      14232|
    +------------------------------------+----+-----------+-----+-----------+

    * Register: 
    +-----------------------------------+----+----+-----+-----------+
    |                Name               | FF | LUT| Bits| Const Bits|
    +-----------------------------------+----+----+-----+-----------+
    |ap_CS_fsm                          |   1|   0|    1|          0|
    |ap_done_reg                        |   1|   0|    1|          0|
    |ap_enable_reg_pp0_iter1            |   1|   0|    1|          0|
    |ap_enable_reg_pp0_iter10           |   1|   0|    1|          0|
    |ap_enable_reg_pp0_iter11           |   1|   0|    1|          0|
    |ap_enable_reg_pp0_iter12           |   1|   0|    1|          0|
    |ap_enable_reg_pp0_iter13           |   1|   0|    1|          0|
    |ap_enable_reg_pp0_iter14           |   1|   0|    1|          0|
    |ap_enable_reg_pp0_iter15           |   1|   0|    1|          0|
    |ap_enable_reg_pp0_iter16           |   1|   0|    1|          0|
    |ap_enable_reg_pp0_iter17           |   1|   0|    1|          0|
    |ap_enable_reg_pp0_iter18           |   1|   0|    1|          0|
    |ap_enable_reg_pp0_iter19           |   1|   0|    1|          0|
    |ap_enable_reg_pp0_iter2            |   1|   0|    1|          0|
    |ap_enable_reg_pp0_iter20           |   1|   0|    1|          0|
    |ap_enable_reg_pp0_iter21           |   1|   0|    1|          0|
    |ap_enable_reg_pp0_iter22           |   1|   0|    1|          0|
    |ap_enable_reg_pp0_iter23           |   1|   0|    1|          0|
    |ap_enable_reg_pp0_iter24           |   1|   0|    1|          0|
    |ap_enable_reg_pp0_iter25           |   1|   0|    1|          0|
    |ap_enable_reg_pp0_iter26           |   1|   0|    1|          0|
    |ap_enable_reg_pp0_iter27           |   1|   0|    1|          0|
    |ap_enable_reg_pp0_iter28           |   1|   0|    1|          0|
    |ap_enable_reg_pp0_iter29           |   1|   0|    1|          0|
    |ap_enable_reg_pp0_iter3            |   1|   0|    1|          0|
    |ap_enable_reg_pp0_iter30           |   1|   0|    1|          0|
    |ap_enable_reg_pp0_iter31           |   1|   0|    1|          0|
    |ap_enable_reg_pp0_iter32           |   1|   0|    1|          0|
    |ap_enable_reg_pp0_iter33           |   1|   0|    1|          0|
    |ap_enable_reg_pp0_iter34           |   1|   0|    1|          0|
    |ap_enable_reg_pp0_iter35           |   1|   0|    1|          0|
    |ap_enable_reg_pp0_iter36           |   1|   0|    1|          0|
    |ap_enable_reg_pp0_iter37           |   1|   0|    1|          0|
    |ap_enable_reg_pp0_iter38           |   1|   0|    1|          0|
    |ap_enable_reg_pp0_iter39           |   1|   0|    1|          0|
    |ap_enable_reg_pp0_iter4            |   1|   0|    1|          0|
    |ap_enable_reg_pp0_iter40           |   1|   0|    1|          0|
    |ap_enable_reg_pp0_iter5            |   1|   0|    1|          0|
    |ap_enable_reg_pp0_iter6            |   1|   0|    1|          0|
    |ap_enable_reg_pp0_iter7            |   1|   0|    1|          0|
    |ap_enable_reg_pp0_iter8            |   1|   0|    1|          0|
    |ap_enable_reg_pp0_iter9            |   1|   0|    1|          0|
    |ap_loop_exit_ready_pp0_iter10_reg  |   1|   0|    1|          0|
    |ap_loop_exit_ready_pp0_iter11_reg  |   1|   0|    1|          0|
    |ap_loop_exit_ready_pp0_iter12_reg  |   1|   0|    1|          0|
    |ap_loop_exit_ready_pp0_iter13_reg  |   1|   0|    1|          0|
    |ap_loop_exit_ready_pp0_iter14_reg  |   1|   0|    1|          0|
    |ap_loop_exit_ready_pp0_iter15_reg  |   1|   0|    1|          0|
    |ap_loop_exit_ready_pp0_iter16_reg  |   1|   0|    1|          0|
    |ap_loop_exit_ready_pp0_iter17_reg  |   1|   0|    1|          0|
    |ap_loop_exit_ready_pp0_iter18_reg  |   1|   0|    1|          0|
    |ap_loop_exit_ready_pp0_iter19_reg  |   1|   0|    1|          0|
    |ap_loop_exit_ready_pp0_iter1_reg   |   1|   0|    1|          0|
    |ap_loop_exit_ready_pp0_iter20_reg  |   1|   0|    1|          0|
    |ap_loop_exit_ready_pp0_iter21_reg  |   1|   0|    1|          0|
    |ap_loop_exit_ready_pp0_iter22_reg  |   1|   0|    1|          0|
    |ap_loop_exit_ready_pp0_iter23_reg  |   1|   0|    1|          0|
    |ap_loop_exit_ready_pp0_iter24_reg  |   1|   0|    1|          0|
    |ap_loop_exit_ready_pp0_iter25_reg  |   1|   0|    1|          0|
    |ap_loop_exit_ready_pp0_iter26_reg  |   1|   0|    1|          0|
    |ap_loop_exit_ready_pp0_iter27_reg  |   1|   0|    1|          0|
    |ap_loop_exit_ready_pp0_iter28_reg  |   1|   0|    1|          0|
    |ap_loop_exit_ready_pp0_iter29_reg  |   1|   0|    1|          0|
    |ap_loop_exit_ready_pp0_iter2_reg   |   1|   0|    1|          0|
    |ap_loop_exit_ready_pp0_iter30_reg  |   1|   0|    1|          0|
    |ap_loop_exit_ready_pp0_iter31_reg  |   1|   0|    1|          0|
    |ap_loop_exit_ready_pp0_iter32_reg  |   1|   0|    1|          0|
    |ap_loop_exit_ready_pp0_iter33_reg  |   1|   0|    1|          0|
    |ap_loop_exit_ready_pp0_iter34_reg  |   1|   0|    1|          0|
    |ap_loop_exit_ready_pp0_iter35_reg  |   1|   0|    1|          0|
    |ap_loop_exit_ready_pp0_iter36_reg  |   1|   0|    1|          0|
    |ap_loop_exit_ready_pp0_iter37_reg  |   1|   0|    1|          0|
    |ap_loop_exit_ready_pp0_iter38_reg  |   1|   0|    1|          0|
    |ap_loop_exit_ready_pp0_iter39_reg  |   1|   0|    1|          0|
    |ap_loop_exit_ready_pp0_iter3_reg   |   1|   0|    1|          0|
    |ap_loop_exit_ready_pp0_iter4_reg   |   1|   0|    1|          0|
    |ap_loop_exit_ready_pp0_iter5_reg   |   1|   0|    1|          0|
    |ap_loop_exit_ready_pp0_iter6_reg   |   1|   0|    1|          0|
    |ap_loop_exit_ready_pp0_iter7_reg   |   1|   0|    1|          0|
    |ap_loop_exit_ready_pp0_iter8_reg   |   1|   0|    1|          0|
    |ap_loop_exit_ready_pp0_iter9_reg   |   1|   0|    1|          0|
    |conv5_reg_11910                    |  64|   0|   64|          0|
    |div7_reg_11920                     |  64|   0|   64|          0|
    |f_100_0991_fu_1694                 |  32|   0|   32|          0|
    |f_101_0989_fu_1686                 |  32|   0|   32|          0|
    |f_102_0988_fu_1682                 |  32|   0|   32|          0|
    |f_103_0986_fu_1674                 |  32|   0|   32|          0|
    |f_104_0985_fu_1670                 |  32|   0|   32|          0|
    |f_105_0983_fu_1662                 |  32|   0|   32|          0|
    |f_106_0982_fu_1658                 |  32|   0|   32|          0|
    |f_107_0980_fu_1650                 |  32|   0|   32|          0|
    |f_108_0948_fu_1522                 |  32|   0|   32|          0|
    |f_109_0951_fu_1534                 |  32|   0|   32|          0|
    |f_110_0954_fu_1546                 |  32|   0|   32|          0|
    |f_111_0957_fu_1558                 |  32|   0|   32|          0|
    |f_112_0960_fu_1570                 |  32|   0|   32|          0|
    |f_113_0963_fu_1582                 |  32|   0|   32|          0|
    |f_114_0966_fu_1594                 |  32|   0|   32|          0|
    |f_115_0969_fu_1606                 |  32|   0|   32|          0|
    |f_116_0972_fu_1618                 |  32|   0|   32|          0|
    |f_117_0975_fu_1630                 |  32|   0|   32|          0|
    |f_118_0978_fu_1642                 |  32|   0|   32|          0|
    |f_119_0979_fu_1646                 |  32|   0|   32|          0|
    |f_120_0977_fu_1638                 |  32|   0|   32|          0|
    |f_121_0976_fu_1634                 |  32|   0|   32|          0|
    |f_122_0974_fu_1626                 |  32|   0|   32|          0|
    |f_123_0973_fu_1622                 |  32|   0|   32|          0|
    |f_124_0971_fu_1614                 |  32|   0|   32|          0|
    |f_125_0970_fu_1610                 |  32|   0|   32|          0|
    |f_126_0968_fu_1602                 |  32|   0|   32|          0|
    |f_127_0967_fu_1598                 |  32|   0|   32|          0|
    |f_128_0965_fu_1590                 |  32|   0|   32|          0|
    |f_129_0964_fu_1586                 |  32|   0|   32|          0|
    |f_130_0962_fu_1578                 |  32|   0|   32|          0|
    |f_131_0961_fu_1574                 |  32|   0|   32|          0|
    |f_132_0959_fu_1566                 |  32|   0|   32|          0|
    |f_133_0958_fu_1562                 |  32|   0|   32|          0|
    |f_134_0956_fu_1554                 |  32|   0|   32|          0|
    |f_135_0955_fu_1550                 |  32|   0|   32|          0|
    |f_136_0953_fu_1542                 |  32|   0|   32|          0|
    |f_137_0952_fu_1538                 |  32|   0|   32|          0|
    |f_138_0950_fu_1530                 |  32|   0|   32|          0|
    |f_139_0949_fu_1526                 |  32|   0|   32|          0|
    |f_140_0947_fu_1518                 |  32|   0|   32|          0|
    |f_141_0914_fu_1386                 |  32|   0|   32|          0|
    |f_142_0917_fu_1398                 |  32|   0|   32|          0|
    |f_143_0920_fu_1410                 |  32|   0|   32|          0|
    |f_144_0923_fu_1422                 |  32|   0|   32|          0|
    |f_145_0926_fu_1434                 |  32|   0|   32|          0|
    |f_146_0929_fu_1446                 |  32|   0|   32|          0|
    |f_147_0932_fu_1458                 |  32|   0|   32|          0|
    |f_148_0935_fu_1470                 |  32|   0|   32|          0|
    |f_149_0938_fu_1482                 |  32|   0|   32|          0|
    |f_150_0941_fu_1494                 |  32|   0|   32|          0|
    |f_151_0944_fu_1506                 |  32|   0|   32|          0|
    |f_152_0946_fu_1514                 |  32|   0|   32|          0|
    |f_153_0945_fu_1510                 |  32|   0|   32|          0|
    |f_154_0943_fu_1502                 |  32|   0|   32|          0|
    |f_155_0942_fu_1498                 |  32|   0|   32|          0|
    |f_156_0940_fu_1490                 |  32|   0|   32|          0|
    |f_157_0939_fu_1486                 |  32|   0|   32|          0|
    |f_158_0937_fu_1478                 |  32|   0|   32|          0|
    |f_159_0936_fu_1474                 |  32|   0|   32|          0|
    |f_160_0934_fu_1466                 |  32|   0|   32|          0|
    |f_161_0933_fu_1462                 |  32|   0|   32|          0|
    |f_162_0931_fu_1454                 |  32|   0|   32|          0|
    |f_163_0930_fu_1450                 |  32|   0|   32|          0|
    |f_164_0928_fu_1442                 |  32|   0|   32|          0|
    |f_165_0927_fu_1438                 |  32|   0|   32|          0|
    |f_166_0925_fu_1430                 |  32|   0|   32|          0|
    |f_167_0924_fu_1426                 |  32|   0|   32|          0|
    |f_168_0922_fu_1418                 |  32|   0|   32|          0|
    |f_169_0921_fu_1414                 |  32|   0|   32|          0|
    |f_170_0919_fu_1406                 |  32|   0|   32|          0|
    |f_171_0918_fu_1402                 |  32|   0|   32|          0|
    |f_172_0916_fu_1394                 |  32|   0|   32|          0|
    |f_173_0915_fu_1390                 |  32|   0|   32|          0|
    |f_174_0913_fu_1382                 |  32|   0|   32|          0|
    |f_175_0880_fu_1250                 |  32|   0|   32|          0|
    |f_176_0883_fu_1262                 |  32|   0|   32|          0|
    |f_177_0886_fu_1274                 |  32|   0|   32|          0|
    |f_178_0889_fu_1286                 |  32|   0|   32|          0|
    |f_179_0892_fu_1298                 |  32|   0|   32|          0|
    |f_17_01079_fu_2006                 |  32|   0|   32|          0|
    |f_180_0895_fu_1310                 |  32|   0|   32|          0|
    |f_181_0898_fu_1322                 |  32|   0|   32|          0|
    |f_182_0901_fu_1334                 |  32|   0|   32|          0|
    |f_183_0904_fu_1346                 |  32|   0|   32|          0|
    |f_184_0907_fu_1358                 |  32|   0|   32|          0|
    |f_185_0910_fu_1370                 |  32|   0|   32|          0|
    |f_186_0912_fu_1378                 |  32|   0|   32|          0|
    |f_187_0911_fu_1374                 |  32|   0|   32|          0|
    |f_188_0909_fu_1366                 |  32|   0|   32|          0|
    |f_189_0908_fu_1362                 |  32|   0|   32|          0|
    |f_18_01080_fu_2010                 |  32|   0|   32|          0|
    |f_190_0906_fu_1354                 |  32|   0|   32|          0|
    |f_191_0905_fu_1350                 |  32|   0|   32|          0|
    |f_192_0903_fu_1342                 |  32|   0|   32|          0|
    |f_193_0902_fu_1338                 |  32|   0|   32|          0|
    |f_194_0900_fu_1330                 |  32|   0|   32|          0|
    |f_195_0899_fu_1326                 |  32|   0|   32|          0|
    |f_196_0897_fu_1318                 |  32|   0|   32|          0|
    |f_197_0896_fu_1314                 |  32|   0|   32|          0|
    |f_198_0894_fu_1306                 |  32|   0|   32|          0|
    |f_199_0893_fu_1302                 |  32|   0|   32|          0|
    |f_19_01078_fu_2002                 |  32|   0|   32|          0|
    |f_200_0891_fu_1294                 |  32|   0|   32|          0|
    |f_201_0890_fu_1290                 |  32|   0|   32|          0|
    |f_202_0888_fu_1282                 |  32|   0|   32|          0|
    |f_203_0887_fu_1278                 |  32|   0|   32|          0|
    |f_204_0885_fu_1270                 |  32|   0|   32|          0|
    |f_205_0884_fu_1266                 |  32|   0|   32|          0|
    |f_206_0882_fu_1258                 |  32|   0|   32|          0|
    |f_207_0881_fu_1254                 |  32|   0|   32|          0|
    |f_208_0879_fu_1246                 |  32|   0|   32|          0|
    |f_209_0847_fu_1126                 |  32|   0|   32|          0|
    |f_20_01077_fu_1998                 |  32|   0|   32|          0|
    |f_210_0850_fu_1130                 |  32|   0|   32|          0|
    |f_211_0853_fu_1142                 |  32|   0|   32|          0|
    |f_212_0856_fu_1154                 |  32|   0|   32|          0|
    |f_213_0859_fu_1166                 |  32|   0|   32|          0|
    |f_214_0862_fu_1178                 |  32|   0|   32|          0|
    |f_215_0865_fu_1190                 |  32|   0|   32|          0|
    |f_216_0868_fu_1202                 |  32|   0|   32|          0|
    |f_217_0871_fu_1214                 |  32|   0|   32|          0|
    |f_218_0874_fu_1226                 |  32|   0|   32|          0|
    |f_219_0877_fu_1238                 |  32|   0|   32|          0|
    |f_21_01075_fu_1994                 |  32|   0|   32|          0|
    |f_220_0878_fu_1242                 |  32|   0|   32|          0|
    |f_221_0876_fu_1234                 |  32|   0|   32|          0|
    |f_222_0875_fu_1230                 |  32|   0|   32|          0|
    |f_223_0873_fu_1222                 |  32|   0|   32|          0|
    |f_224_0872_fu_1218                 |  32|   0|   32|          0|
    |f_225_0870_fu_1210                 |  32|   0|   32|          0|
    |f_226_0869_fu_1206                 |  32|   0|   32|          0|
    |f_227_0867_fu_1198                 |  32|   0|   32|          0|
    |f_228_0866_fu_1194                 |  32|   0|   32|          0|
    |f_229_0864_fu_1186                 |  32|   0|   32|          0|
    |f_22_01074_fu_1990                 |  32|   0|   32|          0|
    |f_230_0863_fu_1182                 |  32|   0|   32|          0|
    |f_231_0861_fu_1174                 |  32|   0|   32|          0|
    |f_232_0860_fu_1170                 |  32|   0|   32|          0|
    |f_233_0858_fu_1162                 |  32|   0|   32|          0|
    |f_234_0857_fu_1158                 |  32|   0|   32|          0|
    |f_235_0855_fu_1150                 |  32|   0|   32|          0|
    |f_236_0854_fu_1146                 |  32|   0|   32|          0|
    |f_237_0852_fu_1138                 |  32|   0|   32|          0|
    |f_238_0851_fu_1134                 |  32|   0|   32|          0|
    |f_23_01072_fu_1986                 |  32|   0|   32|          0|
    |f_24_01071_fu_1982                 |  32|   0|   32|          0|
    |f_25_01069_fu_1978                 |  32|   0|   32|          0|
    |f_26_01068_fu_1974                 |  32|   0|   32|          0|
    |f_2786_01066_fu_1970               |  32|   0|   32|          0|
    |f_28_01065_fu_1966                 |  32|   0|   32|          0|
    |f_29_01063_fu_1962                 |  32|   0|   32|          0|
    |f_30_01062_fu_1958                 |  32|   0|   32|          0|
    |f_31_01060_fu_1954                 |  32|   0|   32|          0|
    |f_32_01059_fu_1950                 |  32|   0|   32|          0|
    |f_33_01057_fu_1946                 |  32|   0|   32|          0|
    |f_34_01056_fu_1942                 |  32|   0|   32|          0|
    |f_35_01054_fu_1938                 |  32|   0|   32|          0|
    |f_36_01053_fu_1934                 |  32|   0|   32|          0|
    |f_37_01051_fu_1930                 |  32|   0|   32|          0|
    |f_38_01050_fu_1926                 |  32|   0|   32|          0|
    |f_39_01048_fu_1922                 |  32|   0|   32|          0|
    |f_40_01015_fu_1790                 |  32|   0|   32|          0|
    |f_41_01018_fu_1802                 |  32|   0|   32|          0|
    |f_42_01021_fu_1814                 |  32|   0|   32|          0|
    |f_43_01024_fu_1826                 |  32|   0|   32|          0|
    |f_44_01027_fu_1838                 |  32|   0|   32|          0|
    |f_45_01030_fu_1850                 |  32|   0|   32|          0|
    |f_46_01033_fu_1862                 |  32|   0|   32|          0|
    |f_47_01036_fu_1874                 |  32|   0|   32|          0|
    |f_48_01039_fu_1886                 |  32|   0|   32|          0|
    |f_49_01042_fu_1898                 |  32|   0|   32|          0|
    |f_50_01045_fu_1910                 |  32|   0|   32|          0|
    |f_51_01047_fu_1918                 |  32|   0|   32|          0|
    |f_52_01046_fu_1914                 |  32|   0|   32|          0|
    |f_53_01044_fu_1906                 |  32|   0|   32|          0|
    |f_54_01043_fu_1902                 |  32|   0|   32|          0|
    |f_55_01041_fu_1894                 |  32|   0|   32|          0|
    |f_56_01040_fu_1890                 |  32|   0|   32|          0|
    |f_57_01038_fu_1882                 |  32|   0|   32|          0|
    |f_58_01037_fu_1878                 |  32|   0|   32|          0|
    |f_59_01035_fu_1870                 |  32|   0|   32|          0|
    |f_60_01034_fu_1866                 |  32|   0|   32|          0|
    |f_61_01032_fu_1858                 |  32|   0|   32|          0|
    |f_62_01031_fu_1854                 |  32|   0|   32|          0|
    |f_63_01029_fu_1846                 |  32|   0|   32|          0|
    |f_64_01028_fu_1842                 |  32|   0|   32|          0|
    |f_65_01026_fu_1834                 |  32|   0|   32|          0|
    |f_66_01025_fu_1830                 |  32|   0|   32|          0|
    |f_67_01023_fu_1822                 |  32|   0|   32|          0|
    |f_68_01022_fu_1818                 |  32|   0|   32|          0|
    |f_69_01020_fu_1810                 |  32|   0|   32|          0|
    |f_70_01019_fu_1806                 |  32|   0|   32|          0|
    |f_71_01017_fu_1798                 |  32|   0|   32|          0|
    |f_72_01016_fu_1794                 |  32|   0|   32|          0|
    |f_73_01014_fu_1786                 |  32|   0|   32|          0|
    |f_74_0981_fu_1654                  |  32|   0|   32|          0|
    |f_75_0984_fu_1666                  |  32|   0|   32|          0|
    |f_76_0987_fu_1678                  |  32|   0|   32|          0|
    |f_77_0990_fu_1690                  |  32|   0|   32|          0|
    |f_78_0993_fu_1702                  |  32|   0|   32|          0|
    |f_79_0996_fu_1714                  |  32|   0|   32|          0|
    |f_80_0999_fu_1726                  |  32|   0|   32|          0|
    |f_81_01002_fu_1738                 |  32|   0|   32|          0|
    |f_82_01005_fu_1750                 |  32|   0|   32|          0|
    |f_83_01008_fu_1762                 |  32|   0|   32|          0|
    |f_84_01011_fu_1774                 |  32|   0|   32|          0|
    |f_85_01013_fu_1782                 |  32|   0|   32|          0|
    |f_86_01012_fu_1778                 |  32|   0|   32|          0|
    |f_87_01010_fu_1770                 |  32|   0|   32|          0|
    |f_88_01009_fu_1766                 |  32|   0|   32|          0|
    |f_89_01007_fu_1758                 |  32|   0|   32|          0|
    |f_90_01006_fu_1754                 |  32|   0|   32|          0|
    |f_91_01004_fu_1746                 |  32|   0|   32|          0|
    |f_92_01003_fu_1742                 |  32|   0|   32|          0|
    |f_93_01001_fu_1734                 |  32|   0|   32|          0|
    |f_94_01000_fu_1730                 |  32|   0|   32|          0|
    |f_95_0998_fu_1722                  |  32|   0|   32|          0|
    |f_96_0997_fu_1718                  |  32|   0|   32|          0|
    |f_97_0995_fu_1710                  |  32|   0|   32|          0|
    |f_98_0994_fu_1706                  |  32|   0|   32|          0|
    |f_99_0992_fu_1698                  |  32|   0|   32|          0|
    |icmp_ln8_reg_11897                 |   1|   0|    1|          0|
    |iy_fu_98                           |   5|   0|    5|          0|
    |mul6_reg_11915                     |  64|   0|   64|          0|
    |sub8_reg_11925                     |  64|   0|   64|          0|
    |trunc_ln8_reg_11901                |   4|   0|    4|          0|
    |y_reg_11930                        |  32|   0|   32|          0|
    |icmp_ln8_reg_11897                 |  64|  32|    1|          0|
    |trunc_ln8_reg_11901                |  64|  32|    4|          0|
    +-----------------------------------+----+----+-----+-----------+
    |Total                              |7611|  64| 7488|          0|
    +-----------------------------------+----+----+-----+-----------+



================================================================
== Interface
================================================================
* Summary: 
+---------------+-----+-----+------------+----------------+--------------+
|   RTL Ports   | Dir | Bits|  Protocol  |  Source Object |    C Type    |
+---------------+-----+-----+------------+----------------+--------------+
|ap_clk         |   in|    1|  ap_ctrl_hs|  initialization|  return value|
|ap_rst         |   in|    1|  ap_ctrl_hs|  initialization|  return value|
|ap_start       |   in|    1|  ap_ctrl_hs|  initialization|  return value|
|ap_done        |  out|    1|  ap_ctrl_hs|  initialization|  return value|
|ap_idle        |  out|    1|  ap_ctrl_hs|  initialization|  return value|
|ap_ready       |  out|    1|  ap_ctrl_hs|  initialization|  return value|
|ap_return_0    |  out|   32|  ap_ctrl_hs|  initialization|  return value|
|ap_return_1    |  out|   32|  ap_ctrl_hs|  initialization|  return value|
|ap_return_2    |  out|   32|  ap_ctrl_hs|  initialization|  return value|
|ap_return_3    |  out|   32|  ap_ctrl_hs|  initialization|  return value|
|ap_return_4    |  out|   32|  ap_ctrl_hs|  initialization|  return value|
|ap_return_5    |  out|   32|  ap_ctrl_hs|  initialization|  return value|
|ap_return_6    |  out|   32|  ap_ctrl_hs|  initialization|  return value|
|ap_return_7    |  out|   32|  ap_ctrl_hs|  initialization|  return value|
|ap_return_8    |  out|   32|  ap_ctrl_hs|  initialization|  return value|
|ap_return_9    |  out|   32|  ap_ctrl_hs|  initialization|  return value|
|ap_return_10   |  out|   32|  ap_ctrl_hs|  initialization|  return value|
|ap_return_11   |  out|   32|  ap_ctrl_hs|  initialization|  return value|
|ap_return_12   |  out|   32|  ap_ctrl_hs|  initialization|  return value|
|ap_return_13   |  out|   32|  ap_ctrl_hs|  initialization|  return value|
|ap_return_14   |  out|   32|  ap_ctrl_hs|  initialization|  return value|
|ap_return_15   |  out|   32|  ap_ctrl_hs|  initialization|  return value|
|ap_return_16   |  out|   32|  ap_ctrl_hs|  initialization|  return value|
|ap_return_17   |  out|   32|  ap_ctrl_hs|  initialization|  return value|
|ap_return_18   |  out|   32|  ap_ctrl_hs|  initialization|  return value|
|ap_return_19   |  out|   32|  ap_ctrl_hs|  initialization|  return value|
|ap_return_20   |  out|   32|  ap_ctrl_hs|  initialization|  return value|
|ap_return_21   |  out|   32|  ap_ctrl_hs|  initialization|  return value|
|ap_return_22   |  out|   32|  ap_ctrl_hs|  initialization|  return value|
|ap_return_23   |  out|   32|  ap_ctrl_hs|  initialization|  return value|
|ap_return_24   |  out|   32|  ap_ctrl_hs|  initialization|  return value|
|ap_return_25   |  out|   32|  ap_ctrl_hs|  initialization|  return value|
|ap_return_26   |  out|   32|  ap_ctrl_hs|  initialization|  return value|
|ap_return_27   |  out|   32|  ap_ctrl_hs|  initialization|  return value|
|ap_return_28   |  out|   32|  ap_ctrl_hs|  initialization|  return value|
|ap_return_29   |  out|   32|  ap_ctrl_hs|  initialization|  return value|
|ap_return_30   |  out|   32|  ap_ctrl_hs|  initialization|  return value|
|ap_return_31   |  out|   32|  ap_ctrl_hs|  initialization|  return value|
|ap_return_32   |  out|   32|  ap_ctrl_hs|  initialization|  return value|
|ap_return_33   |  out|   32|  ap_ctrl_hs|  initialization|  return value|
|ap_return_34   |  out|   32|  ap_ctrl_hs|  initialization|  return value|
|ap_return_35   |  out|   32|  ap_ctrl_hs|  initialization|  return value|
|ap_return_36   |  out|   32|  ap_ctrl_hs|  initialization|  return value|
|ap_return_37   |  out|   32|  ap_ctrl_hs|  initialization|  return value|
|ap_return_38   |  out|   32|  ap_ctrl_hs|  initialization|  return value|
|ap_return_39   |  out|   32|  ap_ctrl_hs|  initialization|  return value|
|ap_return_40   |  out|   32|  ap_ctrl_hs|  initialization|  return value|
|ap_return_41   |  out|   32|  ap_ctrl_hs|  initialization|  return value|
|ap_return_42   |  out|   32|  ap_ctrl_hs|  initialization|  return value|
|ap_return_43   |  out|   32|  ap_ctrl_hs|  initialization|  return value|
|ap_return_44   |  out|   32|  ap_ctrl_hs|  initialization|  return value|
|ap_return_45   |  out|   32|  ap_ctrl_hs|  initialization|  return value|
|ap_return_46   |  out|   32|  ap_ctrl_hs|  initialization|  return value|
|ap_return_47   |  out|   32|  ap_ctrl_hs|  initialization|  return value|
|ap_return_48   |  out|   32|  ap_ctrl_hs|  initialization|  return value|
|ap_return_49   |  out|   32|  ap_ctrl_hs|  initialization|  return value|
|ap_return_50   |  out|   32|  ap_ctrl_hs|  initialization|  return value|
|ap_return_51   |  out|   32|  ap_ctrl_hs|  initialization|  return value|
|ap_return_52   |  out|   32|  ap_ctrl_hs|  initialization|  return value|
|ap_return_53   |  out|   32|  ap_ctrl_hs|  initialization|  return value|
|ap_return_54   |  out|   32|  ap_ctrl_hs|  initialization|  return value|
|ap_return_55   |  out|   32|  ap_ctrl_hs|  initialization|  return value|
|ap_return_56   |  out|   32|  ap_ctrl_hs|  initialization|  return value|
|ap_return_57   |  out|   32|  ap_ctrl_hs|  initialization|  return value|
|ap_return_58   |  out|   32|  ap_ctrl_hs|  initialization|  return value|
|ap_return_59   |  out|   32|  ap_ctrl_hs|  initialization|  return value|
|ap_return_60   |  out|   32|  ap_ctrl_hs|  initialization|  return value|
|ap_return_61   |  out|   32|  ap_ctrl_hs|  initialization|  return value|
|ap_return_62   |  out|   32|  ap_ctrl_hs|  initialization|  return value|
|ap_return_63   |  out|   32|  ap_ctrl_hs|  initialization|  return value|
|ap_return_64   |  out|   32|  ap_ctrl_hs|  initialization|  return value|
|ap_return_65   |  out|   32|  ap_ctrl_hs|  initialization|  return value|
|ap_return_66   |  out|   32|  ap_ctrl_hs|  initialization|  return value|
|ap_return_67   |  out|   32|  ap_ctrl_hs|  initialization|  return value|
|ap_return_68   |  out|   32|  ap_ctrl_hs|  initialization|  return value|
|ap_return_69   |  out|   32|  ap_ctrl_hs|  initialization|  return value|
|ap_return_70   |  out|   32|  ap_ctrl_hs|  initialization|  return value|
|ap_return_71   |  out|   32|  ap_ctrl_hs|  initialization|  return value|
|ap_return_72   |  out|   32|  ap_ctrl_hs|  initialization|  return value|
|ap_return_73   |  out|   32|  ap_ctrl_hs|  initialization|  return value|
|ap_return_74   |  out|   32|  ap_ctrl_hs|  initialization|  return value|
|ap_return_75   |  out|   32|  ap_ctrl_hs|  initialization|  return value|
|ap_return_76   |  out|   32|  ap_ctrl_hs|  initialization|  return value|
|ap_return_77   |  out|   32|  ap_ctrl_hs|  initialization|  return value|
|ap_return_78   |  out|   32|  ap_ctrl_hs|  initialization|  return value|
|ap_return_79   |  out|   32|  ap_ctrl_hs|  initialization|  return value|
|ap_return_80   |  out|   32|  ap_ctrl_hs|  initialization|  return value|
|ap_return_81   |  out|   32|  ap_ctrl_hs|  initialization|  return value|
|ap_return_82   |  out|   32|  ap_ctrl_hs|  initialization|  return value|
|ap_return_83   |  out|   32|  ap_ctrl_hs|  initialization|  return value|
|ap_return_84   |  out|   32|  ap_ctrl_hs|  initialization|  return value|
|ap_return_85   |  out|   32|  ap_ctrl_hs|  initialization|  return value|
|ap_return_86   |  out|   32|  ap_ctrl_hs|  initialization|  return value|
|ap_return_87   |  out|   32|  ap_ctrl_hs|  initialization|  return value|
|ap_return_88   |  out|   32|  ap_ctrl_hs|  initialization|  return value|
|ap_return_89   |  out|   32|  ap_ctrl_hs|  initialization|  return value|
|ap_return_90   |  out|   32|  ap_ctrl_hs|  initialization|  return value|
|ap_return_91   |  out|   32|  ap_ctrl_hs|  initialization|  return value|
|ap_return_92   |  out|   32|  ap_ctrl_hs|  initialization|  return value|
|ap_return_93   |  out|   32|  ap_ctrl_hs|  initialization|  return value|
|ap_return_94   |  out|   32|  ap_ctrl_hs|  initialization|  return value|
|ap_return_95   |  out|   32|  ap_ctrl_hs|  initialization|  return value|
|ap_return_96   |  out|   32|  ap_ctrl_hs|  initialization|  return value|
|ap_return_97   |  out|   32|  ap_ctrl_hs|  initialization|  return value|
|ap_return_98   |  out|   32|  ap_ctrl_hs|  initialization|  return value|
|ap_return_99   |  out|   32|  ap_ctrl_hs|  initialization|  return value|
|ap_return_100  |  out|   32|  ap_ctrl_hs|  initialization|  return value|
|ap_return_101  |  out|   32|  ap_ctrl_hs|  initialization|  return value|
|ap_return_102  |  out|   32|  ap_ctrl_hs|  initialization|  return value|
|ap_return_103  |  out|   32|  ap_ctrl_hs|  initialization|  return value|
|ap_return_104  |  out|   32|  ap_ctrl_hs|  initialization|  return value|
|ap_return_105  |  out|   32|  ap_ctrl_hs|  initialization|  return value|
|ap_return_106  |  out|   32|  ap_ctrl_hs|  initialization|  return value|
|ap_return_107  |  out|   32|  ap_ctrl_hs|  initialization|  return value|
|ap_return_108  |  out|   32|  ap_ctrl_hs|  initialization|  return value|
|ap_return_109  |  out|   32|  ap_ctrl_hs|  initialization|  return value|
|ap_return_110  |  out|   32|  ap_ctrl_hs|  initialization|  return value|
|ap_return_111  |  out|   32|  ap_ctrl_hs|  initialization|  return value|
|ap_return_112  |  out|   32|  ap_ctrl_hs|  initialization|  return value|
|ap_return_113  |  out|   32|  ap_ctrl_hs|  initialization|  return value|
|ap_return_114  |  out|   32|  ap_ctrl_hs|  initialization|  return value|
|ap_return_115  |  out|   32|  ap_ctrl_hs|  initialization|  return value|
|ap_return_116  |  out|   32|  ap_ctrl_hs|  initialization|  return value|
|ap_return_117  |  out|   32|  ap_ctrl_hs|  initialization|  return value|
|ap_return_118  |  out|   32|  ap_ctrl_hs|  initialization|  return value|
|ap_return_119  |  out|   32|  ap_ctrl_hs|  initialization|  return value|
|ap_return_120  |  out|   32|  ap_ctrl_hs|  initialization|  return value|
|ap_return_121  |  out|   32|  ap_ctrl_hs|  initialization|  return value|
|ap_return_122  |  out|   32|  ap_ctrl_hs|  initialization|  return value|
|ap_return_123  |  out|   32|  ap_ctrl_hs|  initialization|  return value|
|ap_return_124  |  out|   32|  ap_ctrl_hs|  initialization|  return value|
|ap_return_125  |  out|   32|  ap_ctrl_hs|  initialization|  return value|
|ap_return_126  |  out|   32|  ap_ctrl_hs|  initialization|  return value|
|ap_return_127  |  out|   32|  ap_ctrl_hs|  initialization|  return value|
|ap_return_128  |  out|   32|  ap_ctrl_hs|  initialization|  return value|
|ap_return_129  |  out|   32|  ap_ctrl_hs|  initialization|  return value|
|ap_return_130  |  out|   32|  ap_ctrl_hs|  initialization|  return value|
|ap_return_131  |  out|   32|  ap_ctrl_hs|  initialization|  return value|
|ap_return_132  |  out|   32|  ap_ctrl_hs|  initialization|  return value|
|ap_return_133  |  out|   32|  ap_ctrl_hs|  initialization|  return value|
|ap_return_134  |  out|   32|  ap_ctrl_hs|  initialization|  return value|
|ap_return_135  |  out|   32|  ap_ctrl_hs|  initialization|  return value|
|ap_return_136  |  out|   32|  ap_ctrl_hs|  initialization|  return value|
|ap_return_137  |  out|   32|  ap_ctrl_hs|  initialization|  return value|
|ap_return_138  |  out|   32|  ap_ctrl_hs|  initialization|  return value|
|ap_return_139  |  out|   32|  ap_ctrl_hs|  initialization|  return value|
|ap_return_140  |  out|   32|  ap_ctrl_hs|  initialization|  return value|
|ap_return_141  |  out|   32|  ap_ctrl_hs|  initialization|  return value|
|ap_return_142  |  out|   32|  ap_ctrl_hs|  initialization|  return value|
|ap_return_143  |  out|   32|  ap_ctrl_hs|  initialization|  return value|
|ap_return_144  |  out|   32|  ap_ctrl_hs|  initialization|  return value|
|ap_return_145  |  out|   32|  ap_ctrl_hs|  initialization|  return value|
|ap_return_146  |  out|   32|  ap_ctrl_hs|  initialization|  return value|
|ap_return_147  |  out|   32|  ap_ctrl_hs|  initialization|  return value|
|ap_return_148  |  out|   32|  ap_ctrl_hs|  initialization|  return value|
|ap_return_149  |  out|   32|  ap_ctrl_hs|  initialization|  return value|
|ap_return_150  |  out|   32|  ap_ctrl_hs|  initialization|  return value|
|ap_return_151  |  out|   32|  ap_ctrl_hs|  initialization|  return value|
|ap_return_152  |  out|   32|  ap_ctrl_hs|  initialization|  return value|
|ap_return_153  |  out|   32|  ap_ctrl_hs|  initialization|  return value|
|ap_return_154  |  out|   32|  ap_ctrl_hs|  initialization|  return value|
|ap_return_155  |  out|   32|  ap_ctrl_hs|  initialization|  return value|
|ap_return_156  |  out|   32|  ap_ctrl_hs|  initialization|  return value|
|ap_return_157  |  out|   32|  ap_ctrl_hs|  initialization|  return value|
|ap_return_158  |  out|   32|  ap_ctrl_hs|  initialization|  return value|
|ap_return_159  |  out|   32|  ap_ctrl_hs|  initialization|  return value|
|ap_return_160  |  out|   32|  ap_ctrl_hs|  initialization|  return value|
|ap_return_161  |  out|   32|  ap_ctrl_hs|  initialization|  return value|
|ap_return_162  |  out|   32|  ap_ctrl_hs|  initialization|  return value|
|ap_return_163  |  out|   32|  ap_ctrl_hs|  initialization|  return value|
|ap_return_164  |  out|   32|  ap_ctrl_hs|  initialization|  return value|
|ap_return_165  |  out|   32|  ap_ctrl_hs|  initialization|  return value|
|ap_return_166  |  out|   32|  ap_ctrl_hs|  initialization|  return value|
|ap_return_167  |  out|   32|  ap_ctrl_hs|  initialization|  return value|
|ap_return_168  |  out|   32|  ap_ctrl_hs|  initialization|  return value|
|ap_return_169  |  out|   32|  ap_ctrl_hs|  initialization|  return value|
|ap_return_170  |  out|   32|  ap_ctrl_hs|  initialization|  return value|
|ap_return_171  |  out|   32|  ap_ctrl_hs|  initialization|  return value|
|ap_return_172  |  out|   32|  ap_ctrl_hs|  initialization|  return value|
|ap_return_173  |  out|   32|  ap_ctrl_hs|  initialization|  return value|
|ap_return_174  |  out|   32|  ap_ctrl_hs|  initialization|  return value|
|ap_return_175  |  out|   32|  ap_ctrl_hs|  initialization|  return value|
|ap_return_176  |  out|   32|  ap_ctrl_hs|  initialization|  return value|
|ap_return_177  |  out|   32|  ap_ctrl_hs|  initialization|  return value|
|ap_return_178  |  out|   32|  ap_ctrl_hs|  initialization|  return value|
|ap_return_179  |  out|   32|  ap_ctrl_hs|  initialization|  return value|
|ap_return_180  |  out|   32|  ap_ctrl_hs|  initialization|  return value|
|ap_return_181  |  out|   32|  ap_ctrl_hs|  initialization|  return value|
|ap_return_182  |  out|   32|  ap_ctrl_hs|  initialization|  return value|
|ap_return_183  |  out|   32|  ap_ctrl_hs|  initialization|  return value|
|ap_return_184  |  out|   32|  ap_ctrl_hs|  initialization|  return value|
|ap_return_185  |  out|   32|  ap_ctrl_hs|  initialization|  return value|
|ap_return_186  |  out|   32|  ap_ctrl_hs|  initialization|  return value|
|ap_return_187  |  out|   32|  ap_ctrl_hs|  initialization|  return value|
|ap_return_188  |  out|   32|  ap_ctrl_hs|  initialization|  return value|
|ap_return_189  |  out|   32|  ap_ctrl_hs|  initialization|  return value|
|ap_return_190  |  out|   32|  ap_ctrl_hs|  initialization|  return value|
|ap_return_191  |  out|   32|  ap_ctrl_hs|  initialization|  return value|
|ap_return_192  |  out|   32|  ap_ctrl_hs|  initialization|  return value|
|ap_return_193  |  out|   32|  ap_ctrl_hs|  initialization|  return value|
|ap_return_194  |  out|   32|  ap_ctrl_hs|  initialization|  return value|
|ap_return_195  |  out|   32|  ap_ctrl_hs|  initialization|  return value|
|ap_return_196  |  out|   32|  ap_ctrl_hs|  initialization|  return value|
|ap_return_197  |  out|   32|  ap_ctrl_hs|  initialization|  return value|
|ap_return_198  |  out|   32|  ap_ctrl_hs|  initialization|  return value|
|ap_return_199  |  out|   32|  ap_ctrl_hs|  initialization|  return value|
|ap_return_200  |  out|   32|  ap_ctrl_hs|  initialization|  return value|
|ap_return_201  |  out|   32|  ap_ctrl_hs|  initialization|  return value|
|ap_return_202  |  out|   32|  ap_ctrl_hs|  initialization|  return value|
|ap_return_203  |  out|   32|  ap_ctrl_hs|  initialization|  return value|
|ap_return_204  |  out|   32|  ap_ctrl_hs|  initialization|  return value|
|ap_return_205  |  out|   32|  ap_ctrl_hs|  initialization|  return value|
|ap_return_206  |  out|   32|  ap_ctrl_hs|  initialization|  return value|
|ap_return_207  |  out|   32|  ap_ctrl_hs|  initialization|  return value|
|ap_return_208  |  out|   32|  ap_ctrl_hs|  initialization|  return value|
|ap_return_209  |  out|   32|  ap_ctrl_hs|  initialization|  return value|
|ap_return_210  |  out|   32|  ap_ctrl_hs|  initialization|  return value|
|ap_return_211  |  out|   32|  ap_ctrl_hs|  initialization|  return value|
|ap_return_212  |  out|   32|  ap_ctrl_hs|  initialization|  return value|
|ap_return_213  |  out|   32|  ap_ctrl_hs|  initialization|  return value|
|ap_return_214  |  out|   32|  ap_ctrl_hs|  initialization|  return value|
|ap_return_215  |  out|   32|  ap_ctrl_hs|  initialization|  return value|
|ap_return_216  |  out|   32|  ap_ctrl_hs|  initialization|  return value|
|ap_return_217  |  out|   32|  ap_ctrl_hs|  initialization|  return value|
|ap_return_218  |  out|   32|  ap_ctrl_hs|  initialization|  return value|
|ap_return_219  |  out|   32|  ap_ctrl_hs|  initialization|  return value|
|ap_return_220  |  out|   32|  ap_ctrl_hs|  initialization|  return value|
|ap_return_221  |  out|   32|  ap_ctrl_hs|  initialization|  return value|
|ap_return_222  |  out|   32|  ap_ctrl_hs|  initialization|  return value|
|ap_return_223  |  out|   32|  ap_ctrl_hs|  initialization|  return value|
|ap_return_224  |  out|   32|  ap_ctrl_hs|  initialization|  return value|
|ap_return_225  |  out|   32|  ap_ctrl_hs|  initialization|  return value|
|ap_return_226  |  out|   32|  ap_ctrl_hs|  initialization|  return value|
|ap_return_227  |  out|   32|  ap_ctrl_hs|  initialization|  return value|
|ap_return_228  |  out|   32|  ap_ctrl_hs|  initialization|  return value|
|ap_return_229  |  out|   32|  ap_ctrl_hs|  initialization|  return value|
|ap_return_230  |  out|   32|  ap_ctrl_hs|  initialization|  return value|
|ap_return_231  |  out|   32|  ap_ctrl_hs|  initialization|  return value|
|ap_return_232  |  out|   32|  ap_ctrl_hs|  initialization|  return value|
|ap_return_233  |  out|   32|  ap_ctrl_hs|  initialization|  return value|
|ap_return_234  |  out|   32|  ap_ctrl_hs|  initialization|  return value|
|ap_return_235  |  out|   32|  ap_ctrl_hs|  initialization|  return value|
|ap_return_236  |  out|   32|  ap_ctrl_hs|  initialization|  return value|
|ap_return_237  |  out|   32|  ap_ctrl_hs|  initialization|  return value|
|ap_return_238  |  out|   32|  ap_ctrl_hs|  initialization|  return value|
|ap_return_239  |  out|   32|  ap_ctrl_hs|  initialization|  return value|
|ap_return_240  |  out|   32|  ap_ctrl_hs|  initialization|  return value|
|ap_return_241  |  out|   32|  ap_ctrl_hs|  initialization|  return value|
|ap_return_242  |  out|   32|  ap_ctrl_hs|  initialization|  return value|
|ap_return_243  |  out|   32|  ap_ctrl_hs|  initialization|  return value|
|ap_return_244  |  out|   32|  ap_ctrl_hs|  initialization|  return value|
|ap_return_245  |  out|   32|  ap_ctrl_hs|  initialization|  return value|
|ap_return_246  |  out|   32|  ap_ctrl_hs|  initialization|  return value|
|ap_return_247  |  out|   32|  ap_ctrl_hs|  initialization|  return value|
|ap_return_248  |  out|   32|  ap_ctrl_hs|  initialization|  return value|
|ap_return_249  |  out|   32|  ap_ctrl_hs|  initialization|  return value|
|ap_return_250  |  out|   32|  ap_ctrl_hs|  initialization|  return value|
|ap_return_251  |  out|   32|  ap_ctrl_hs|  initialization|  return value|
|ap_return_252  |  out|   32|  ap_ctrl_hs|  initialization|  return value|
|ap_return_253  |  out|   32|  ap_ctrl_hs|  initialization|  return value|
|ap_return_254  |  out|   32|  ap_ctrl_hs|  initialization|  return value|
|ap_return_255  |  out|   32|  ap_ctrl_hs|  initialization|  return value|
|ap_return_256  |  out|   32|  ap_ctrl_hs|  initialization|  return value|
|ap_return_257  |  out|   32|  ap_ctrl_hs|  initialization|  return value|
|ap_return_258  |  out|   32|  ap_ctrl_hs|  initialization|  return value|
|ap_return_259  |  out|   32|  ap_ctrl_hs|  initialization|  return value|
|ap_return_260  |  out|   32|  ap_ctrl_hs|  initialization|  return value|
|ap_return_261  |  out|   32|  ap_ctrl_hs|  initialization|  return value|
|ap_return_262  |  out|   32|  ap_ctrl_hs|  initialization|  return value|
|ap_return_263  |  out|   32|  ap_ctrl_hs|  initialization|  return value|
|ap_return_264  |  out|   32|  ap_ctrl_hs|  initialization|  return value|
|ap_return_265  |  out|   32|  ap_ctrl_hs|  initialization|  return value|
|ap_return_266  |  out|   32|  ap_ctrl_hs|  initialization|  return value|
|ap_return_267  |  out|   32|  ap_ctrl_hs|  initialization|  return value|
|ap_return_268  |  out|   32|  ap_ctrl_hs|  initialization|  return value|
|ap_return_269  |  out|   32|  ap_ctrl_hs|  initialization|  return value|
|ap_return_270  |  out|   32|  ap_ctrl_hs|  initialization|  return value|
|ap_return_271  |  out|   32|  ap_ctrl_hs|  initialization|  return value|
|ap_return_272  |  out|   32|  ap_ctrl_hs|  initialization|  return value|
|ap_return_273  |  out|   32|  ap_ctrl_hs|  initialization|  return value|
|ap_return_274  |  out|   32|  ap_ctrl_hs|  initialization|  return value|
|ap_return_275  |  out|   32|  ap_ctrl_hs|  initialization|  return value|
|ap_return_276  |  out|   32|  ap_ctrl_hs|  initialization|  return value|
|ap_return_277  |  out|   32|  ap_ctrl_hs|  initialization|  return value|
|ap_return_278  |  out|   32|  ap_ctrl_hs|  initialization|  return value|
|ap_return_279  |  out|   32|  ap_ctrl_hs|  initialization|  return value|
|ap_return_280  |  out|   32|  ap_ctrl_hs|  initialization|  return value|
|ap_return_281  |  out|   32|  ap_ctrl_hs|  initialization|  return value|
|ap_return_282  |  out|   32|  ap_ctrl_hs|  initialization|  return value|
|ap_return_283  |  out|   32|  ap_ctrl_hs|  initialization|  return value|
|ap_return_284  |  out|   32|  ap_ctrl_hs|  initialization|  return value|
|ap_return_285  |  out|   32|  ap_ctrl_hs|  initialization|  return value|
|ap_return_286  |  out|   32|  ap_ctrl_hs|  initialization|  return value|
|ap_return_287  |  out|   32|  ap_ctrl_hs|  initialization|  return value|
|ap_return_288  |  out|   32|  ap_ctrl_hs|  initialization|  return value|
|ap_return_289  |  out|   32|  ap_ctrl_hs|  initialization|  return value|
|ap_return_290  |  out|   32|  ap_ctrl_hs|  initialization|  return value|
|ap_return_291  |  out|   32|  ap_ctrl_hs|  initialization|  return value|
|ap_return_292  |  out|   32|  ap_ctrl_hs|  initialization|  return value|
|ap_return_293  |  out|   32|  ap_ctrl_hs|  initialization|  return value|
|ap_return_294  |  out|   32|  ap_ctrl_hs|  initialization|  return value|
|ap_return_295  |  out|   32|  ap_ctrl_hs|  initialization|  return value|
|ap_return_296  |  out|   32|  ap_ctrl_hs|  initialization|  return value|
|ap_return_297  |  out|   32|  ap_ctrl_hs|  initialization|  return value|
|ap_return_298  |  out|   32|  ap_ctrl_hs|  initialization|  return value|
|ap_return_299  |  out|   32|  ap_ctrl_hs|  initialization|  return value|
|ap_return_300  |  out|   32|  ap_ctrl_hs|  initialization|  return value|
|ap_return_301  |  out|   32|  ap_ctrl_hs|  initialization|  return value|
|ap_return_302  |  out|   32|  ap_ctrl_hs|  initialization|  return value|
|ap_return_303  |  out|   32|  ap_ctrl_hs|  initialization|  return value|
|ap_return_304  |  out|   32|  ap_ctrl_hs|  initialization|  return value|
|ap_return_305  |  out|   32|  ap_ctrl_hs|  initialization|  return value|
|ap_return_306  |  out|   32|  ap_ctrl_hs|  initialization|  return value|
|ap_return_307  |  out|   32|  ap_ctrl_hs|  initialization|  return value|
|ap_return_308  |  out|   32|  ap_ctrl_hs|  initialization|  return value|
|ap_return_309  |  out|   32|  ap_ctrl_hs|  initialization|  return value|
|ap_return_310  |  out|   32|  ap_ctrl_hs|  initialization|  return value|
|ap_return_311  |  out|   32|  ap_ctrl_hs|  initialization|  return value|
|ap_return_312  |  out|   32|  ap_ctrl_hs|  initialization|  return value|
|ap_return_313  |  out|   32|  ap_ctrl_hs|  initialization|  return value|
|ap_return_314  |  out|   32|  ap_ctrl_hs|  initialization|  return value|
|ap_return_315  |  out|   32|  ap_ctrl_hs|  initialization|  return value|
|ap_return_316  |  out|   32|  ap_ctrl_hs|  initialization|  return value|
|ap_return_317  |  out|   32|  ap_ctrl_hs|  initialization|  return value|
|ap_return_318  |  out|   32|  ap_ctrl_hs|  initialization|  return value|
|ap_return_319  |  out|   32|  ap_ctrl_hs|  initialization|  return value|
|ap_return_320  |  out|   32|  ap_ctrl_hs|  initialization|  return value|
|ap_return_321  |  out|   32|  ap_ctrl_hs|  initialization|  return value|
|ap_return_322  |  out|   32|  ap_ctrl_hs|  initialization|  return value|
|ap_return_323  |  out|   32|  ap_ctrl_hs|  initialization|  return value|
|ap_return_324  |  out|   32|  ap_ctrl_hs|  initialization|  return value|
|ap_return_325  |  out|   32|  ap_ctrl_hs|  initialization|  return value|
|ap_return_326  |  out|   32|  ap_ctrl_hs|  initialization|  return value|
|ap_return_327  |  out|   32|  ap_ctrl_hs|  initialization|  return value|
|ap_return_328  |  out|   32|  ap_ctrl_hs|  initialization|  return value|
|ap_return_329  |  out|   32|  ap_ctrl_hs|  initialization|  return value|
|ap_return_330  |  out|   32|  ap_ctrl_hs|  initialization|  return value|
|ap_return_331  |  out|   32|  ap_ctrl_hs|  initialization|  return value|
|ap_return_332  |  out|   32|  ap_ctrl_hs|  initialization|  return value|
|ap_return_333  |  out|   32|  ap_ctrl_hs|  initialization|  return value|
|ap_return_334  |  out|   32|  ap_ctrl_hs|  initialization|  return value|
|ap_return_335  |  out|   32|  ap_ctrl_hs|  initialization|  return value|
|ap_return_336  |  out|   32|  ap_ctrl_hs|  initialization|  return value|
|ap_return_337  |  out|   32|  ap_ctrl_hs|  initialization|  return value|
|ap_return_338  |  out|   32|  ap_ctrl_hs|  initialization|  return value|
|ap_return_339  |  out|   32|  ap_ctrl_hs|  initialization|  return value|
|ap_return_340  |  out|   32|  ap_ctrl_hs|  initialization|  return value|
|ap_return_341  |  out|   32|  ap_ctrl_hs|  initialization|  return value|
|ap_return_342  |  out|   32|  ap_ctrl_hs|  initialization|  return value|
|ap_return_343  |  out|   32|  ap_ctrl_hs|  initialization|  return value|
|ap_return_344  |  out|   32|  ap_ctrl_hs|  initialization|  return value|
|ap_return_345  |  out|   32|  ap_ctrl_hs|  initialization|  return value|
|ap_return_346  |  out|   32|  ap_ctrl_hs|  initialization|  return value|
|ap_return_347  |  out|   32|  ap_ctrl_hs|  initialization|  return value|
|ap_return_348  |  out|   32|  ap_ctrl_hs|  initialization|  return value|
|ap_return_349  |  out|   32|  ap_ctrl_hs|  initialization|  return value|
|ap_return_350  |  out|   32|  ap_ctrl_hs|  initialization|  return value|
|ap_return_351  |  out|   32|  ap_ctrl_hs|  initialization|  return value|
|ap_return_352  |  out|   32|  ap_ctrl_hs|  initialization|  return value|
|ap_return_353  |  out|   32|  ap_ctrl_hs|  initialization|  return value|
|ap_return_354  |  out|   32|  ap_ctrl_hs|  initialization|  return value|
|ap_return_355  |  out|   32|  ap_ctrl_hs|  initialization|  return value|
|ap_return_356  |  out|   32|  ap_ctrl_hs|  initialization|  return value|
|ap_return_357  |  out|   32|  ap_ctrl_hs|  initialization|  return value|
|ap_return_358  |  out|   32|  ap_ctrl_hs|  initialization|  return value|
|ap_return_359  |  out|   32|  ap_ctrl_hs|  initialization|  return value|
|ap_return_360  |  out|   32|  ap_ctrl_hs|  initialization|  return value|
|ap_return_361  |  out|   32|  ap_ctrl_hs|  initialization|  return value|
|ap_return_362  |  out|   32|  ap_ctrl_hs|  initialization|  return value|
|ap_return_363  |  out|   32|  ap_ctrl_hs|  initialization|  return value|
|ap_return_364  |  out|   32|  ap_ctrl_hs|  initialization|  return value|
|ap_return_365  |  out|   32|  ap_ctrl_hs|  initialization|  return value|
|ap_return_366  |  out|   32|  ap_ctrl_hs|  initialization|  return value|
|ap_return_367  |  out|   32|  ap_ctrl_hs|  initialization|  return value|
|ap_return_368  |  out|   32|  ap_ctrl_hs|  initialization|  return value|
|ap_return_369  |  out|   32|  ap_ctrl_hs|  initialization|  return value|
|ap_return_370  |  out|   32|  ap_ctrl_hs|  initialization|  return value|
|ap_return_371  |  out|   32|  ap_ctrl_hs|  initialization|  return value|
|ap_return_372  |  out|   32|  ap_ctrl_hs|  initialization|  return value|
|ap_return_373  |  out|   32|  ap_ctrl_hs|  initialization|  return value|
|ap_return_374  |  out|   32|  ap_ctrl_hs|  initialization|  return value|
|ap_return_375  |  out|   32|  ap_ctrl_hs|  initialization|  return value|
|ap_return_376  |  out|   32|  ap_ctrl_hs|  initialization|  return value|
|ap_return_377  |  out|   32|  ap_ctrl_hs|  initialization|  return value|
|ap_return_378  |  out|   32|  ap_ctrl_hs|  initialization|  return value|
|ap_return_379  |  out|   32|  ap_ctrl_hs|  initialization|  return value|
|ap_return_380  |  out|   32|  ap_ctrl_hs|  initialization|  return value|
|ap_return_381  |  out|   32|  ap_ctrl_hs|  initialization|  return value|
|ap_return_382  |  out|   32|  ap_ctrl_hs|  initialization|  return value|
|ap_return_383  |  out|   32|  ap_ctrl_hs|  initialization|  return value|
|ap_return_384  |  out|   32|  ap_ctrl_hs|  initialization|  return value|
|ap_return_385  |  out|   32|  ap_ctrl_hs|  initialization|  return value|
|ap_return_386  |  out|   32|  ap_ctrl_hs|  initialization|  return value|
|ap_return_387  |  out|   32|  ap_ctrl_hs|  initialization|  return value|
|ap_return_388  |  out|   32|  ap_ctrl_hs|  initialization|  return value|
|ap_return_389  |  out|   32|  ap_ctrl_hs|  initialization|  return value|
|ap_return_390  |  out|   32|  ap_ctrl_hs|  initialization|  return value|
|ap_return_391  |  out|   32|  ap_ctrl_hs|  initialization|  return value|
|ap_return_392  |  out|   32|  ap_ctrl_hs|  initialization|  return value|
|ap_return_393  |  out|   32|  ap_ctrl_hs|  initialization|  return value|
|ap_return_394  |  out|   32|  ap_ctrl_hs|  initialization|  return value|
|ap_return_395  |  out|   32|  ap_ctrl_hs|  initialization|  return value|
|ap_return_396  |  out|   32|  ap_ctrl_hs|  initialization|  return value|
|ap_return_397  |  out|   32|  ap_ctrl_hs|  initialization|  return value|
|ap_return_398  |  out|   32|  ap_ctrl_hs|  initialization|  return value|
|ap_return_399  |  out|   32|  ap_ctrl_hs|  initialization|  return value|
|ap_return_400  |  out|   32|  ap_ctrl_hs|  initialization|  return value|
|ap_return_401  |  out|   32|  ap_ctrl_hs|  initialization|  return value|
|ap_return_402  |  out|   32|  ap_ctrl_hs|  initialization|  return value|
|ap_return_403  |  out|   32|  ap_ctrl_hs|  initialization|  return value|
|ap_return_404  |  out|   32|  ap_ctrl_hs|  initialization|  return value|
|ap_return_405  |  out|   32|  ap_ctrl_hs|  initialization|  return value|
|ap_return_406  |  out|   32|  ap_ctrl_hs|  initialization|  return value|
|ap_return_407  |  out|   32|  ap_ctrl_hs|  initialization|  return value|
|ap_return_408  |  out|   32|  ap_ctrl_hs|  initialization|  return value|
|ap_return_409  |  out|   32|  ap_ctrl_hs|  initialization|  return value|
|ap_return_410  |  out|   32|  ap_ctrl_hs|  initialization|  return value|
|ap_return_411  |  out|   32|  ap_ctrl_hs|  initialization|  return value|
|ap_return_412  |  out|   32|  ap_ctrl_hs|  initialization|  return value|
|ap_return_413  |  out|   32|  ap_ctrl_hs|  initialization|  return value|
|ap_return_414  |  out|   32|  ap_ctrl_hs|  initialization|  return value|
|ap_return_415  |  out|   32|  ap_ctrl_hs|  initialization|  return value|
|ap_return_416  |  out|   32|  ap_ctrl_hs|  initialization|  return value|
|ap_return_417  |  out|   32|  ap_ctrl_hs|  initialization|  return value|
|ap_return_418  |  out|   32|  ap_ctrl_hs|  initialization|  return value|
|ap_return_419  |  out|   32|  ap_ctrl_hs|  initialization|  return value|
|ap_return_420  |  out|   32|  ap_ctrl_hs|  initialization|  return value|
|ap_return_421  |  out|   32|  ap_ctrl_hs|  initialization|  return value|
|ap_return_422  |  out|   32|  ap_ctrl_hs|  initialization|  return value|
|ap_return_423  |  out|   32|  ap_ctrl_hs|  initialization|  return value|
|ap_return_424  |  out|   32|  ap_ctrl_hs|  initialization|  return value|
|ap_return_425  |  out|   32|  ap_ctrl_hs|  initialization|  return value|
|ap_return_426  |  out|   32|  ap_ctrl_hs|  initialization|  return value|
|ap_return_427  |  out|   32|  ap_ctrl_hs|  initialization|  return value|
|ap_return_428  |  out|   32|  ap_ctrl_hs|  initialization|  return value|
|ap_return_429  |  out|   32|  ap_ctrl_hs|  initialization|  return value|
|ap_return_430  |  out|   32|  ap_ctrl_hs|  initialization|  return value|
|ap_return_431  |  out|   32|  ap_ctrl_hs|  initialization|  return value|
|ap_return_432  |  out|   32|  ap_ctrl_hs|  initialization|  return value|
|ap_return_433  |  out|   32|  ap_ctrl_hs|  initialization|  return value|
|ap_return_434  |  out|   32|  ap_ctrl_hs|  initialization|  return value|
|ap_return_435  |  out|   32|  ap_ctrl_hs|  initialization|  return value|
|ap_return_436  |  out|   32|  ap_ctrl_hs|  initialization|  return value|
|ap_return_437  |  out|   32|  ap_ctrl_hs|  initialization|  return value|
|ap_return_438  |  out|   32|  ap_ctrl_hs|  initialization|  return value|
|ap_return_439  |  out|   32|  ap_ctrl_hs|  initialization|  return value|
|ap_return_440  |  out|   32|  ap_ctrl_hs|  initialization|  return value|
|ap_return_441  |  out|   32|  ap_ctrl_hs|  initialization|  return value|
|ap_return_442  |  out|   32|  ap_ctrl_hs|  initialization|  return value|
|ap_return_443  |  out|   32|  ap_ctrl_hs|  initialization|  return value|
|ap_return_444  |  out|   32|  ap_ctrl_hs|  initialization|  return value|
|ap_return_445  |  out|   32|  ap_ctrl_hs|  initialization|  return value|
|ap_return_446  |  out|   32|  ap_ctrl_hs|  initialization|  return value|
|ap_return_447  |  out|   32|  ap_ctrl_hs|  initialization|  return value|
|ap_return_448  |  out|   32|  ap_ctrl_hs|  initialization|  return value|
|ap_return_449  |  out|   32|  ap_ctrl_hs|  initialization|  return value|
|ap_return_450  |  out|   32|  ap_ctrl_hs|  initialization|  return value|
|ap_return_451  |  out|   32|  ap_ctrl_hs|  initialization|  return value|
|ap_return_452  |  out|   32|  ap_ctrl_hs|  initialization|  return value|
|ap_return_453  |  out|   32|  ap_ctrl_hs|  initialization|  return value|
|ap_return_454  |  out|   32|  ap_ctrl_hs|  initialization|  return value|
|ap_return_455  |  out|   32|  ap_ctrl_hs|  initialization|  return value|
|ap_return_456  |  out|   32|  ap_ctrl_hs|  initialization|  return value|
|ap_return_457  |  out|   32|  ap_ctrl_hs|  initialization|  return value|
|ap_return_458  |  out|   32|  ap_ctrl_hs|  initialization|  return value|
|ap_return_459  |  out|   32|  ap_ctrl_hs|  initialization|  return value|
|ap_return_460  |  out|   32|  ap_ctrl_hs|  initialization|  return value|
|ap_return_461  |  out|   32|  ap_ctrl_hs|  initialization|  return value|
|ap_return_462  |  out|   32|  ap_ctrl_hs|  initialization|  return value|
|ap_return_463  |  out|   32|  ap_ctrl_hs|  initialization|  return value|
|ap_return_464  |  out|   32|  ap_ctrl_hs|  initialization|  return value|
|ap_return_465  |  out|   32|  ap_ctrl_hs|  initialization|  return value|
|ap_return_466  |  out|   32|  ap_ctrl_hs|  initialization|  return value|
|ap_return_467  |  out|   32|  ap_ctrl_hs|  initialization|  return value|
|ap_return_468  |  out|   32|  ap_ctrl_hs|  initialization|  return value|
|ap_return_469  |  out|   32|  ap_ctrl_hs|  initialization|  return value|
|ap_return_470  |  out|   32|  ap_ctrl_hs|  initialization|  return value|
|ap_return_471  |  out|   32|  ap_ctrl_hs|  initialization|  return value|
|ap_return_472  |  out|   32|  ap_ctrl_hs|  initialization|  return value|
|ap_return_473  |  out|   32|  ap_ctrl_hs|  initialization|  return value|
|ap_return_474  |  out|   32|  ap_ctrl_hs|  initialization|  return value|
|ap_return_475  |  out|   32|  ap_ctrl_hs|  initialization|  return value|
|ap_return_476  |  out|   32|  ap_ctrl_hs|  initialization|  return value|
|ap_return_477  |  out|   32|  ap_ctrl_hs|  initialization|  return value|
+---------------+-----+-----+------------+----------------+--------------+

