

================================================================
== Vitis HLS Report for 'kernel_Pipeline_cpy_third_and_fourth_loop'
================================================================
* Date:           Wed Sep 27 17:44:02 2023

* Version:        2023.1 (Build 3854077 on May  4 2023)
* Project:        fpga
* Solution:       solution1 (Vitis Kernel Flow Target)
* Product family: zynquplus
* Target device:  xczu7ev-ffvc1156-2-e


================================================================
== Performance Estimates
================================================================
+ Timing: 
    * Summary: 
    +--------+----------+----------+------------+
    |  Clock |  Target  | Estimated| Uncertainty|
    +--------+----------+----------+------------+
    |ap_clk  |  10.00 ns|  1.224 ns|     1.08 ns|
    +--------+----------+----------+------------+

+ Latency: 
    * Summary: 
    +---------+---------+----------+----------+-----+-----+---------+
    |  Latency (cycles) |  Latency (absolute) |  Interval | Pipeline|
    |   min   |   max   |    min   |    max   | min | max |   Type  |
    +---------+---------+----------+----------+-----+-----+---------+
    |       16|       16|  0.160 us|  0.160 us|   16|   16|       no|
    +---------+---------+----------+----------+-----+-----+---------+

    + Detail: 
        * Instance: 
        N/A

        * Loop: 
        +-----------------------------+---------+---------+----------+-----------+-----------+------+----------+
        |                             |  Latency (cycles) | Iteration|  Initiation Interval  | Trip |          |
        |          Loop Name          |   min   |   max   |  Latency |  achieved |   target  | Count| Pipelined|
        +-----------------------------+---------+---------+----------+-----------+-----------+------+----------+
        |- cpy_third_and_fourth_loop  |       14|       14|         1|          1|          1|    14|       yes|
        +-----------------------------+---------+---------+----------+-----------+-----------+------+----------+



================================================================
== Utilization Estimates
================================================================
* Summary: 
+-----------------+---------+------+--------+--------+-----+
|       Name      | BRAM_18K|  DSP |   FF   |   LUT  | URAM|
+-----------------+---------+------+--------+--------+-----+
|DSP              |        -|     -|       -|       -|    -|
|Expression       |        -|     -|       0|      26|    -|
|FIFO             |        -|     -|       -|       -|    -|
|Instance         |        -|     -|       0|     260|    -|
|Memory           |        -|     -|       -|       -|    -|
|Multiplexer      |        -|     -|       -|     531|    -|
|Register         |        -|     -|    1798|       -|    -|
+-----------------+---------+------+--------+--------+-----+
|Total            |        0|     0|    1798|     817|    0|
+-----------------+---------+------+--------+--------+-----+
|Available        |      624|  1728|  460800|  230400|   96|
+-----------------+---------+------+--------+--------+-----+
|Utilization (%)  |        0|     0|      ~0|      ~0|    0|
+-----------------+---------+------+--------+--------+-----+

+ Detail: 
    * Instance: 
    +-----------------------+-----------------+---------+----+---+----+-----+
    |        Instance       |      Module     | BRAM_18K| DSP| FF| LUT| URAM|
    +-----------------------+-----------------+---------+----+---+----+-----+
    |mux_15_4_32_1_1_U2039  |mux_15_4_32_1_1  |        0|   0|  0|  65|    0|
    |mux_15_4_32_1_1_U2040  |mux_15_4_32_1_1  |        0|   0|  0|  65|    0|
    |mux_15_4_32_1_1_U2041  |mux_15_4_32_1_1  |        0|   0|  0|  65|    0|
    |mux_15_4_32_1_1_U2042  |mux_15_4_32_1_1  |        0|   0|  0|  65|    0|
    +-----------------------+-----------------+---------+----+---+----+-----+
    |Total                  |                 |        0|   0|  0| 260|    0|
    +-----------------------+-----------------+---------+----+---+----+-----+

    * DSP: 
    N/A

    * Memory: 
    N/A

    * FIFO: 
    N/A

    * Expression: 
    +-----------------------+----------+----+---+----+------------+------------+
    |     Variable Name     | Operation| DSP| FF| LUT| Bitwidth P0| Bitwidth P1|
    +-----------------------+----------+----+---+----+------------+------------+
    |add_ln141_fu_2368_p2   |         +|   0|  0|  12|           4|           1|
    |icmp_ln141_fu_1938_p2  |      icmp|   0|  0|  12|           4|           2|
    |ap_condition_540       |        or|   0|  0|   2|           1|           1|
    +-----------------------+----------+----+---+----+------------+------------+
    |Total                  |          |   0|  0|  26|           9|           4|
    +-----------------------+----------+----+---+----+------------+------------+

    * Multiplexer: 
    +-----------------------+----+-----------+-----+-----------+
    |          Name         | LUT| Input Size| Bits| Total Bits|
    +-----------------------+----+-----------+-----+-----------+
    |ap_done_int            |   9|          2|    1|          2|
    |ap_sig_allocacmp_i     |   9|          2|    4|          8|
    |i_1_fu_382             |   9|          2|    4|          8|
    |p_0_0_09604963_fu_398  |   9|          2|   32|         64|
    |p_0_0_09604971_fu_414  |   9|          2|   32|         64|
    |p_0_0_09604979_fu_430  |   9|          2|   32|         64|
    |p_0_0_09604987_fu_446  |   9|          2|   32|         64|
    |p_0_0_09604995_fu_462  |   9|          2|   32|         64|
    |p_0_0_09605003_fu_478  |   9|          2|   32|         64|
    |p_0_0_09605011_fu_494  |   9|          2|   32|         64|
    |p_0_0_09605019_fu_510  |   9|          2|   32|         64|
    |p_0_0_09605027_fu_526  |   9|          2|   32|         64|
    |p_0_0_09605035_fu_542  |   9|          2|   32|         64|
    |p_0_0_09605043_fu_558  |   9|          2|   32|         64|
    |p_0_0_09605051_fu_574  |   9|          2|   32|         64|
    |p_0_0_09605059_fu_590  |   9|          2|   32|         64|
    |p_0_0_09605067_fu_606  |   9|          2|   32|         64|
    |p_0_0_09614961_fu_394  |   9|          2|   32|         64|
    |p_0_0_09614969_fu_410  |   9|          2|   32|         64|
    |p_0_0_09614977_fu_426  |   9|          2|   32|         64|
    |p_0_0_09614985_fu_442  |   9|          2|   32|         64|
    |p_0_0_09614993_fu_458  |   9|          2|   32|         64|
    |p_0_0_09615001_fu_474  |   9|          2|   32|         64|
    |p_0_0_09615009_fu_490  |   9|          2|   32|         64|
    |p_0_0_09615017_fu_506  |   9|          2|   32|         64|
    |p_0_0_09615025_fu_522  |   9|          2|   32|         64|
    |p_0_0_09615033_fu_538  |   9|          2|   32|         64|
    |p_0_0_09615041_fu_554  |   9|          2|   32|         64|
    |p_0_0_09615049_fu_570  |   9|          2|   32|         64|
    |p_0_0_09615057_fu_586  |   9|          2|   32|         64|
    |p_0_0_09615065_fu_602  |   9|          2|   32|         64|
    |p_0_0_09624959_fu_390  |   9|          2|   32|         64|
    |p_0_0_09624967_fu_406  |   9|          2|   32|         64|
    |p_0_0_09624975_fu_422  |   9|          2|   32|         64|
    |p_0_0_09624983_fu_438  |   9|          2|   32|         64|
    |p_0_0_09624991_fu_454  |   9|          2|   32|         64|
    |p_0_0_09624999_fu_470  |   9|          2|   32|         64|
    |p_0_0_09625007_fu_486  |   9|          2|   32|         64|
    |p_0_0_09625015_fu_502  |   9|          2|   32|         64|
    |p_0_0_09625023_fu_518  |   9|          2|   32|         64|
    |p_0_0_09625031_fu_534  |   9|          2|   32|         64|
    |p_0_0_09625039_fu_550  |   9|          2|   32|         64|
    |p_0_0_09625047_fu_566  |   9|          2|   32|         64|
    |p_0_0_09625055_fu_582  |   9|          2|   32|         64|
    |p_0_0_09625063_fu_598  |   9|          2|   32|         64|
    |p_0_0_09634957_fu_386  |   9|          2|   32|         64|
    |p_0_0_09634965_fu_402  |   9|          2|   32|         64|
    |p_0_0_09634973_fu_418  |   9|          2|   32|         64|
    |p_0_0_09634981_fu_434  |   9|          2|   32|         64|
    |p_0_0_09634989_fu_450  |   9|          2|   32|         64|
    |p_0_0_09634997_fu_466  |   9|          2|   32|         64|
    |p_0_0_09635005_fu_482  |   9|          2|   32|         64|
    |p_0_0_09635013_fu_498  |   9|          2|   32|         64|
    |p_0_0_09635021_fu_514  |   9|          2|   32|         64|
    |p_0_0_09635029_fu_530  |   9|          2|   32|         64|
    |p_0_0_09635037_fu_546  |   9|          2|   32|         64|
    |p_0_0_09635045_fu_562  |   9|          2|   32|         64|
    |p_0_0_09635053_fu_578  |   9|          2|   32|         64|
    |p_0_0_09635061_fu_594  |   9|          2|   32|         64|
    +-----------------------+----+-----------+-----+-----------+
    |Total                  | 531|        118| 1801|       3602|
    +-----------------------+----+-----------+-----+-----------+

    * Register: 
    +-----------------------+----+----+-----+-----------+
    |          Name         | FF | LUT| Bits| Const Bits|
    +-----------------------+----+----+-----+-----------+
    |ap_CS_fsm              |   1|   0|    1|          0|
    |ap_done_reg            |   1|   0|    1|          0|
    |i_1_fu_382             |   4|   0|    4|          0|
    |p_0_0_09604963_fu_398  |  32|   0|   32|          0|
    |p_0_0_09604971_fu_414  |  32|   0|   32|          0|
    |p_0_0_09604979_fu_430  |  32|   0|   32|          0|
    |p_0_0_09604987_fu_446  |  32|   0|   32|          0|
    |p_0_0_09604995_fu_462  |  32|   0|   32|          0|
    |p_0_0_09605003_fu_478  |  32|   0|   32|          0|
    |p_0_0_09605011_fu_494  |  32|   0|   32|          0|
    |p_0_0_09605019_fu_510  |  32|   0|   32|          0|
    |p_0_0_09605027_fu_526  |  32|   0|   32|          0|
    |p_0_0_09605035_fu_542  |  32|   0|   32|          0|
    |p_0_0_09605043_fu_558  |  32|   0|   32|          0|
    |p_0_0_09605051_fu_574  |  32|   0|   32|          0|
    |p_0_0_09605059_fu_590  |  32|   0|   32|          0|
    |p_0_0_09605067_fu_606  |  32|   0|   32|          0|
    |p_0_0_09614961_fu_394  |  32|   0|   32|          0|
    |p_0_0_09614969_fu_410  |  32|   0|   32|          0|
    |p_0_0_09614977_fu_426  |  32|   0|   32|          0|
    |p_0_0_09614985_fu_442  |  32|   0|   32|          0|
    |p_0_0_09614993_fu_458  |  32|   0|   32|          0|
    |p_0_0_09615001_fu_474  |  32|   0|   32|          0|
    |p_0_0_09615009_fu_490  |  32|   0|   32|          0|
    |p_0_0_09615017_fu_506  |  32|   0|   32|          0|
    |p_0_0_09615025_fu_522  |  32|   0|   32|          0|
    |p_0_0_09615033_fu_538  |  32|   0|   32|          0|
    |p_0_0_09615041_fu_554  |  32|   0|   32|          0|
    |p_0_0_09615049_fu_570  |  32|   0|   32|          0|
    |p_0_0_09615057_fu_586  |  32|   0|   32|          0|
    |p_0_0_09615065_fu_602  |  32|   0|   32|          0|
    |p_0_0_09624959_fu_390  |  32|   0|   32|          0|
    |p_0_0_09624967_fu_406  |  32|   0|   32|          0|
    |p_0_0_09624975_fu_422  |  32|   0|   32|          0|
    |p_0_0_09624983_fu_438  |  32|   0|   32|          0|
    |p_0_0_09624991_fu_454  |  32|   0|   32|          0|
    |p_0_0_09624999_fu_470  |  32|   0|   32|          0|
    |p_0_0_09625007_fu_486  |  32|   0|   32|          0|
    |p_0_0_09625015_fu_502  |  32|   0|   32|          0|
    |p_0_0_09625023_fu_518  |  32|   0|   32|          0|
    |p_0_0_09625031_fu_534  |  32|   0|   32|          0|
    |p_0_0_09625039_fu_550  |  32|   0|   32|          0|
    |p_0_0_09625047_fu_566  |  32|   0|   32|          0|
    |p_0_0_09625055_fu_582  |  32|   0|   32|          0|
    |p_0_0_09625063_fu_598  |  32|   0|   32|          0|
    |p_0_0_09634957_fu_386  |  32|   0|   32|          0|
    |p_0_0_09634965_fu_402  |  32|   0|   32|          0|
    |p_0_0_09634973_fu_418  |  32|   0|   32|          0|
    |p_0_0_09634981_fu_434  |  32|   0|   32|          0|
    |p_0_0_09634989_fu_450  |  32|   0|   32|          0|
    |p_0_0_09634997_fu_466  |  32|   0|   32|          0|
    |p_0_0_09635005_fu_482  |  32|   0|   32|          0|
    |p_0_0_09635013_fu_498  |  32|   0|   32|          0|
    |p_0_0_09635021_fu_514  |  32|   0|   32|          0|
    |p_0_0_09635029_fu_530  |  32|   0|   32|          0|
    |p_0_0_09635037_fu_546  |  32|   0|   32|          0|
    |p_0_0_09635045_fu_562  |  32|   0|   32|          0|
    |p_0_0_09635053_fu_578  |  32|   0|   32|          0|
    |p_0_0_09635061_fu_594  |  32|   0|   32|          0|
    +-----------------------+----+----+-----+-----------+
    |Total                  |1798|   0| 1798|          0|
    +-----------------------+----+----+-----+-----------+



================================================================
== Interface
================================================================
* Summary: 
+---------------------------+-----+-----+------------+-------------------------------------------+--------------+
|         RTL Ports         | Dir | Bits|  Protocol  |               Source Object               |    C Type    |
+---------------------------+-----+-----+------------+-------------------------------------------+--------------+
|ap_clk                     |   in|    1|  ap_ctrl_hs|  kernel_Pipeline_cpy_third_and_fourth_loop|  return value|
|ap_rst                     |   in|    1|  ap_ctrl_hs|  kernel_Pipeline_cpy_third_and_fourth_loop|  return value|
|ap_start                   |   in|    1|  ap_ctrl_hs|  kernel_Pipeline_cpy_third_and_fourth_loop|  return value|
|ap_done                    |  out|    1|  ap_ctrl_hs|  kernel_Pipeline_cpy_third_and_fourth_loop|  return value|
|ap_idle                    |  out|    1|  ap_ctrl_hs|  kernel_Pipeline_cpy_third_and_fourth_loop|  return value|
|ap_ready                   |  out|    1|  ap_ctrl_hs|  kernel_Pipeline_cpy_third_and_fourth_loop|  return value|
|v_477                      |   in|   32|     ap_none|                                      v_477|        scalar|
|conv_i_i_i4054095_reload   |   in|   32|     ap_none|                   conv_i_i_i4054095_reload|        scalar|
|v_493                      |   in|   32|     ap_none|                                      v_493|        scalar|
|v_507                      |   in|   32|     ap_none|                                      v_507|        scalar|
|conv_i_i_i4054481_reload   |   in|   32|     ap_none|                   conv_i_i_i4054481_reload|        scalar|
|v_478                      |   in|   32|     ap_none|                                      v_478|        scalar|
|v_480                      |   in|   32|     ap_none|                                      v_480|        scalar|
|v_494                      |   in|   32|     ap_none|                                      v_494|        scalar|
|conv_i_i_i4054449_reload   |   in|   32|     ap_none|                   conv_i_i_i4054449_reload|        scalar|
|conv_i_i_i4054479_reload   |   in|   32|     ap_none|                   conv_i_i_i4054479_reload|        scalar|
|v_481                      |   in|   32|     ap_none|                                      v_481|        scalar|
|v_495                      |   in|   32|     ap_none|                                      v_495|        scalar|
|conv_i_i_i4054417_reload   |   in|   32|     ap_none|                   conv_i_i_i4054417_reload|        scalar|
|conv_i_i_i4054447_reload   |   in|   32|     ap_none|                   conv_i_i_i4054447_reload|        scalar|
|v_482                      |   in|   32|     ap_none|                                      v_482|        scalar|
|v_496                      |   in|   32|     ap_none|                                      v_496|        scalar|
|conv_i_i_i4054385_reload   |   in|   32|     ap_none|                   conv_i_i_i4054385_reload|        scalar|
|conv_i_i_i4054415_reload   |   in|   32|     ap_none|                   conv_i_i_i4054415_reload|        scalar|
|v_483                      |   in|   32|     ap_none|                                      v_483|        scalar|
|v_497                      |   in|   32|     ap_none|                                      v_497|        scalar|
|conv_i_i_i4054353_reload   |   in|   32|     ap_none|                   conv_i_i_i4054353_reload|        scalar|
|conv_i_i_i4054383_reload   |   in|   32|     ap_none|                   conv_i_i_i4054383_reload|        scalar|
|v_484                      |   in|   32|     ap_none|                                      v_484|        scalar|
|v_498                      |   in|   32|     ap_none|                                      v_498|        scalar|
|conv_i_i_i4054321_reload   |   in|   32|     ap_none|                   conv_i_i_i4054321_reload|        scalar|
|conv_i_i_i4054351_reload   |   in|   32|     ap_none|                   conv_i_i_i4054351_reload|        scalar|
|v_485                      |   in|   32|     ap_none|                                      v_485|        scalar|
|v_499                      |   in|   32|     ap_none|                                      v_499|        scalar|
|conv_i_i_i4054289_reload   |   in|   32|     ap_none|                   conv_i_i_i4054289_reload|        scalar|
|conv_i_i_i4054319_reload   |   in|   32|     ap_none|                   conv_i_i_i4054319_reload|        scalar|
|v_486                      |   in|   32|     ap_none|                                      v_486|        scalar|
|v_500                      |   in|   32|     ap_none|                                      v_500|        scalar|
|conv_i_i_i4054257_reload   |   in|   32|     ap_none|                   conv_i_i_i4054257_reload|        scalar|
|conv_i_i_i4054287_reload   |   in|   32|     ap_none|                   conv_i_i_i4054287_reload|        scalar|
|v_487                      |   in|   32|     ap_none|                                      v_487|        scalar|
|v_501                      |   in|   32|     ap_none|                                      v_501|        scalar|
|conv_i_i_i4054225_reload   |   in|   32|     ap_none|                   conv_i_i_i4054225_reload|        scalar|
|conv_i_i_i4054255_reload   |   in|   32|     ap_none|                   conv_i_i_i4054255_reload|        scalar|
|v_488                      |   in|   32|     ap_none|                                      v_488|        scalar|
|v_502                      |   in|   32|     ap_none|                                      v_502|        scalar|
|conv_i_i_i4054193_reload   |   in|   32|     ap_none|                   conv_i_i_i4054193_reload|        scalar|
|conv_i_i_i4054223_reload   |   in|   32|     ap_none|                   conv_i_i_i4054223_reload|        scalar|
|v_489                      |   in|   32|     ap_none|                                      v_489|        scalar|
|v_503                      |   in|   32|     ap_none|                                      v_503|        scalar|
|conv_i_i_i4054161_reload   |   in|   32|     ap_none|                   conv_i_i_i4054161_reload|        scalar|
|conv_i_i_i4054191_reload   |   in|   32|     ap_none|                   conv_i_i_i4054191_reload|        scalar|
|v_490                      |   in|   32|     ap_none|                                      v_490|        scalar|
|v_504                      |   in|   32|     ap_none|                                      v_504|        scalar|
|conv_i_i_i4054129_reload   |   in|   32|     ap_none|                   conv_i_i_i4054129_reload|        scalar|
|conv_i_i_i4054159_reload   |   in|   32|     ap_none|                   conv_i_i_i4054159_reload|        scalar|
|v_491                      |   in|   32|     ap_none|                                      v_491|        scalar|
|v_505                      |   in|   32|     ap_none|                                      v_505|        scalar|
|conv_i_i_i4054097_reload   |   in|   32|     ap_none|                   conv_i_i_i4054097_reload|        scalar|
|conv_i_i_i4054127_reload   |   in|   32|     ap_none|                   conv_i_i_i4054127_reload|        scalar|
|v_492                      |   in|   32|     ap_none|                                      v_492|        scalar|
|v_506                      |   in|   32|     ap_none|                                      v_506|        scalar|
|conv_i_i_i4054093_reload   |   in|   32|     ap_none|                   conv_i_i_i4054093_reload|        scalar|
|conv_i_i_i4054091_reload   |   in|   32|     ap_none|                   conv_i_i_i4054091_reload|        scalar|
|conv_i_i_i4054089_reload   |   in|   32|     ap_none|                   conv_i_i_i4054089_reload|        scalar|
|conv_i_i_i4054087_reload   |   in|   32|     ap_none|                   conv_i_i_i4054087_reload|        scalar|
|conv_i_i_i4054085_reload   |   in|   32|     ap_none|                   conv_i_i_i4054085_reload|        scalar|
|conv_i_i_i4054083_reload   |   in|   32|     ap_none|                   conv_i_i_i4054083_reload|        scalar|
|conv_i_i_i4054081_reload   |   in|   32|     ap_none|                   conv_i_i_i4054081_reload|        scalar|
|conv_i_i_i4054079_reload   |   in|   32|     ap_none|                   conv_i_i_i4054079_reload|        scalar|
|conv_i_i_i4054077_reload   |   in|   32|     ap_none|                   conv_i_i_i4054077_reload|        scalar|
|conv_i_i_i4054075_reload   |   in|   32|     ap_none|                   conv_i_i_i4054075_reload|        scalar|
|conv_i_i_i4054073_reload   |   in|   32|     ap_none|                   conv_i_i_i4054073_reload|        scalar|
|conv_i_i_i4054071_reload   |   in|   32|     ap_none|                   conv_i_i_i4054071_reload|        scalar|
|conv_i_i_i4054069_reload   |   in|   32|     ap_none|                   conv_i_i_i4054069_reload|        scalar|
|conv_i_i_i4054511_reload   |   in|   32|     ap_none|                   conv_i_i_i4054511_reload|        scalar|
|conv_i_i_i4054509_reload   |   in|   32|     ap_none|                   conv_i_i_i4054509_reload|        scalar|
|conv_i_i_i4054507_reload   |   in|   32|     ap_none|                   conv_i_i_i4054507_reload|        scalar|
|conv_i_i_i4054505_reload   |   in|   32|     ap_none|                   conv_i_i_i4054505_reload|        scalar|
|conv_i_i_i4054503_reload   |   in|   32|     ap_none|                   conv_i_i_i4054503_reload|        scalar|
|conv_i_i_i4054501_reload   |   in|   32|     ap_none|                   conv_i_i_i4054501_reload|        scalar|
|conv_i_i_i4054499_reload   |   in|   32|     ap_none|                   conv_i_i_i4054499_reload|        scalar|
|conv_i_i_i4054497_reload   |   in|   32|     ap_none|                   conv_i_i_i4054497_reload|        scalar|
|conv_i_i_i4054495_reload   |   in|   32|     ap_none|                   conv_i_i_i4054495_reload|        scalar|
|conv_i_i_i4054493_reload   |   in|   32|     ap_none|                   conv_i_i_i4054493_reload|        scalar|
|conv_i_i_i4054491_reload   |   in|   32|     ap_none|                   conv_i_i_i4054491_reload|        scalar|
|conv_i_i_i4054489_reload   |   in|   32|     ap_none|                   conv_i_i_i4054489_reload|        scalar|
|conv_i_i_i4054487_reload   |   in|   32|     ap_none|                   conv_i_i_i4054487_reload|        scalar|
|conv_i_i_i4054485_reload   |   in|   32|     ap_none|                   conv_i_i_i4054485_reload|        scalar|
|conv_i_i_i4054483_reload   |   in|   32|     ap_none|                   conv_i_i_i4054483_reload|        scalar|
|conv_i_i_i4054451_reload   |   in|   32|     ap_none|                   conv_i_i_i4054451_reload|        scalar|
|conv_i_i_i4054419_reload   |   in|   32|     ap_none|                   conv_i_i_i4054419_reload|        scalar|
|conv_i_i_i4054387_reload   |   in|   32|     ap_none|                   conv_i_i_i4054387_reload|        scalar|
|conv_i_i_i4054355_reload   |   in|   32|     ap_none|                   conv_i_i_i4054355_reload|        scalar|
|conv_i_i_i4054323_reload   |   in|   32|     ap_none|                   conv_i_i_i4054323_reload|        scalar|
|conv_i_i_i4054291_reload   |   in|   32|     ap_none|                   conv_i_i_i4054291_reload|        scalar|
|conv_i_i_i4054259_reload   |   in|   32|     ap_none|                   conv_i_i_i4054259_reload|        scalar|
|conv_i_i_i4054227_reload   |   in|   32|     ap_none|                   conv_i_i_i4054227_reload|        scalar|
|conv_i_i_i4054195_reload   |   in|   32|     ap_none|                   conv_i_i_i4054195_reload|        scalar|
|conv_i_i_i4054163_reload   |   in|   32|     ap_none|                   conv_i_i_i4054163_reload|        scalar|
|conv_i_i_i4054131_reload   |   in|   32|     ap_none|                   conv_i_i_i4054131_reload|        scalar|
|conv_i_i_i4054099_reload   |   in|   32|     ap_none|                   conv_i_i_i4054099_reload|        scalar|
|conv_i_i_i4054477_reload   |   in|   32|     ap_none|                   conv_i_i_i4054477_reload|        scalar|
|conv_i_i_i4054445_reload   |   in|   32|     ap_none|                   conv_i_i_i4054445_reload|        scalar|
|conv_i_i_i4054413_reload   |   in|   32|     ap_none|                   conv_i_i_i4054413_reload|        scalar|
|conv_i_i_i4054381_reload   |   in|   32|     ap_none|                   conv_i_i_i4054381_reload|        scalar|
|conv_i_i_i4054349_reload   |   in|   32|     ap_none|                   conv_i_i_i4054349_reload|        scalar|
|conv_i_i_i4054317_reload   |   in|   32|     ap_none|                   conv_i_i_i4054317_reload|        scalar|
|conv_i_i_i4054285_reload   |   in|   32|     ap_none|                   conv_i_i_i4054285_reload|        scalar|
|conv_i_i_i4054253_reload   |   in|   32|     ap_none|                   conv_i_i_i4054253_reload|        scalar|
|conv_i_i_i4054221_reload   |   in|   32|     ap_none|                   conv_i_i_i4054221_reload|        scalar|
|conv_i_i_i4054189_reload   |   in|   32|     ap_none|                   conv_i_i_i4054189_reload|        scalar|
|conv_i_i_i4054157_reload   |   in|   32|     ap_none|                   conv_i_i_i4054157_reload|        scalar|
|conv_i_i_i4054125_reload   |   in|   32|     ap_none|                   conv_i_i_i4054125_reload|        scalar|
|p_0_0_09605067_out         |  out|   32|      ap_vld|                         p_0_0_09605067_out|       pointer|
|p_0_0_09605067_out_ap_vld  |  out|    1|      ap_vld|                         p_0_0_09605067_out|       pointer|
|p_0_0_09615065_out         |  out|   32|      ap_vld|                         p_0_0_09615065_out|       pointer|
|p_0_0_09615065_out_ap_vld  |  out|    1|      ap_vld|                         p_0_0_09615065_out|       pointer|
|p_0_0_09625063_out         |  out|   32|      ap_vld|                         p_0_0_09625063_out|       pointer|
|p_0_0_09625063_out_ap_vld  |  out|    1|      ap_vld|                         p_0_0_09625063_out|       pointer|
|p_0_0_09635061_out         |  out|   32|      ap_vld|                         p_0_0_09635061_out|       pointer|
|p_0_0_09635061_out_ap_vld  |  out|    1|      ap_vld|                         p_0_0_09635061_out|       pointer|
|p_0_0_09605059_out         |  out|   32|      ap_vld|                         p_0_0_09605059_out|       pointer|
|p_0_0_09605059_out_ap_vld  |  out|    1|      ap_vld|                         p_0_0_09605059_out|       pointer|
|p_0_0_09615057_out         |  out|   32|      ap_vld|                         p_0_0_09615057_out|       pointer|
|p_0_0_09615057_out_ap_vld  |  out|    1|      ap_vld|                         p_0_0_09615057_out|       pointer|
|p_0_0_09625055_out         |  out|   32|      ap_vld|                         p_0_0_09625055_out|       pointer|
|p_0_0_09625055_out_ap_vld  |  out|    1|      ap_vld|                         p_0_0_09625055_out|       pointer|
|p_0_0_09635053_out         |  out|   32|      ap_vld|                         p_0_0_09635053_out|       pointer|
|p_0_0_09635053_out_ap_vld  |  out|    1|      ap_vld|                         p_0_0_09635053_out|       pointer|
|p_0_0_09605051_out         |  out|   32|      ap_vld|                         p_0_0_09605051_out|       pointer|
|p_0_0_09605051_out_ap_vld  |  out|    1|      ap_vld|                         p_0_0_09605051_out|       pointer|
|p_0_0_09615049_out         |  out|   32|      ap_vld|                         p_0_0_09615049_out|       pointer|
|p_0_0_09615049_out_ap_vld  |  out|    1|      ap_vld|                         p_0_0_09615049_out|       pointer|
|p_0_0_09625047_out         |  out|   32|      ap_vld|                         p_0_0_09625047_out|       pointer|
|p_0_0_09625047_out_ap_vld  |  out|    1|      ap_vld|                         p_0_0_09625047_out|       pointer|
|p_0_0_09635045_out         |  out|   32|      ap_vld|                         p_0_0_09635045_out|       pointer|
|p_0_0_09635045_out_ap_vld  |  out|    1|      ap_vld|                         p_0_0_09635045_out|       pointer|
|p_0_0_09605043_out         |  out|   32|      ap_vld|                         p_0_0_09605043_out|       pointer|
|p_0_0_09605043_out_ap_vld  |  out|    1|      ap_vld|                         p_0_0_09605043_out|       pointer|
|p_0_0_09615041_out         |  out|   32|      ap_vld|                         p_0_0_09615041_out|       pointer|
|p_0_0_09615041_out_ap_vld  |  out|    1|      ap_vld|                         p_0_0_09615041_out|       pointer|
|p_0_0_09625039_out         |  out|   32|      ap_vld|                         p_0_0_09625039_out|       pointer|
|p_0_0_09625039_out_ap_vld  |  out|    1|      ap_vld|                         p_0_0_09625039_out|       pointer|
|p_0_0_09635037_out         |  out|   32|      ap_vld|                         p_0_0_09635037_out|       pointer|
|p_0_0_09635037_out_ap_vld  |  out|    1|      ap_vld|                         p_0_0_09635037_out|       pointer|
|p_0_0_09605035_out         |  out|   32|      ap_vld|                         p_0_0_09605035_out|       pointer|
|p_0_0_09605035_out_ap_vld  |  out|    1|      ap_vld|                         p_0_0_09605035_out|       pointer|
|p_0_0_09615033_out         |  out|   32|      ap_vld|                         p_0_0_09615033_out|       pointer|
|p_0_0_09615033_out_ap_vld  |  out|    1|      ap_vld|                         p_0_0_09615033_out|       pointer|
|p_0_0_09625031_out         |  out|   32|      ap_vld|                         p_0_0_09625031_out|       pointer|
|p_0_0_09625031_out_ap_vld  |  out|    1|      ap_vld|                         p_0_0_09625031_out|       pointer|
|p_0_0_09635029_out         |  out|   32|      ap_vld|                         p_0_0_09635029_out|       pointer|
|p_0_0_09635029_out_ap_vld  |  out|    1|      ap_vld|                         p_0_0_09635029_out|       pointer|
|p_0_0_09605027_out         |  out|   32|      ap_vld|                         p_0_0_09605027_out|       pointer|
|p_0_0_09605027_out_ap_vld  |  out|    1|      ap_vld|                         p_0_0_09605027_out|       pointer|
|p_0_0_09615025_out         |  out|   32|      ap_vld|                         p_0_0_09615025_out|       pointer|
|p_0_0_09615025_out_ap_vld  |  out|    1|      ap_vld|                         p_0_0_09615025_out|       pointer|
|p_0_0_09625023_out         |  out|   32|      ap_vld|                         p_0_0_09625023_out|       pointer|
|p_0_0_09625023_out_ap_vld  |  out|    1|      ap_vld|                         p_0_0_09625023_out|       pointer|
|p_0_0_09635021_out         |  out|   32|      ap_vld|                         p_0_0_09635021_out|       pointer|
|p_0_0_09635021_out_ap_vld  |  out|    1|      ap_vld|                         p_0_0_09635021_out|       pointer|
|p_0_0_09605019_out         |  out|   32|      ap_vld|                         p_0_0_09605019_out|       pointer|
|p_0_0_09605019_out_ap_vld  |  out|    1|      ap_vld|                         p_0_0_09605019_out|       pointer|
|p_0_0_09615017_out         |  out|   32|      ap_vld|                         p_0_0_09615017_out|       pointer|
|p_0_0_09615017_out_ap_vld  |  out|    1|      ap_vld|                         p_0_0_09615017_out|       pointer|
|p_0_0_09625015_out         |  out|   32|      ap_vld|                         p_0_0_09625015_out|       pointer|
|p_0_0_09625015_out_ap_vld  |  out|    1|      ap_vld|                         p_0_0_09625015_out|       pointer|
|p_0_0_09635013_out         |  out|   32|      ap_vld|                         p_0_0_09635013_out|       pointer|
|p_0_0_09635013_out_ap_vld  |  out|    1|      ap_vld|                         p_0_0_09635013_out|       pointer|
|p_0_0_09605011_out         |  out|   32|      ap_vld|                         p_0_0_09605011_out|       pointer|
|p_0_0_09605011_out_ap_vld  |  out|    1|      ap_vld|                         p_0_0_09605011_out|       pointer|
|p_0_0_09615009_out         |  out|   32|      ap_vld|                         p_0_0_09615009_out|       pointer|
|p_0_0_09615009_out_ap_vld  |  out|    1|      ap_vld|                         p_0_0_09615009_out|       pointer|
|p_0_0_09625007_out         |  out|   32|      ap_vld|                         p_0_0_09625007_out|       pointer|
|p_0_0_09625007_out_ap_vld  |  out|    1|      ap_vld|                         p_0_0_09625007_out|       pointer|
|p_0_0_09635005_out         |  out|   32|      ap_vld|                         p_0_0_09635005_out|       pointer|
|p_0_0_09635005_out_ap_vld  |  out|    1|      ap_vld|                         p_0_0_09635005_out|       pointer|
|p_0_0_09605003_out         |  out|   32|      ap_vld|                         p_0_0_09605003_out|       pointer|
|p_0_0_09605003_out_ap_vld  |  out|    1|      ap_vld|                         p_0_0_09605003_out|       pointer|
|p_0_0_09615001_out         |  out|   32|      ap_vld|                         p_0_0_09615001_out|       pointer|
|p_0_0_09615001_out_ap_vld  |  out|    1|      ap_vld|                         p_0_0_09615001_out|       pointer|
|p_0_0_09624999_out         |  out|   32|      ap_vld|                         p_0_0_09624999_out|       pointer|
|p_0_0_09624999_out_ap_vld  |  out|    1|      ap_vld|                         p_0_0_09624999_out|       pointer|
|p_0_0_09634997_out         |  out|   32|      ap_vld|                         p_0_0_09634997_out|       pointer|
|p_0_0_09634997_out_ap_vld  |  out|    1|      ap_vld|                         p_0_0_09634997_out|       pointer|
|p_0_0_09604995_out         |  out|   32|      ap_vld|                         p_0_0_09604995_out|       pointer|
|p_0_0_09604995_out_ap_vld  |  out|    1|      ap_vld|                         p_0_0_09604995_out|       pointer|
|p_0_0_09614993_out         |  out|   32|      ap_vld|                         p_0_0_09614993_out|       pointer|
|p_0_0_09614993_out_ap_vld  |  out|    1|      ap_vld|                         p_0_0_09614993_out|       pointer|
|p_0_0_09624991_out         |  out|   32|      ap_vld|                         p_0_0_09624991_out|       pointer|
|p_0_0_09624991_out_ap_vld  |  out|    1|      ap_vld|                         p_0_0_09624991_out|       pointer|
|p_0_0_09634989_out         |  out|   32|      ap_vld|                         p_0_0_09634989_out|       pointer|
|p_0_0_09634989_out_ap_vld  |  out|    1|      ap_vld|                         p_0_0_09634989_out|       pointer|
|p_0_0_09604987_out         |  out|   32|      ap_vld|                         p_0_0_09604987_out|       pointer|
|p_0_0_09604987_out_ap_vld  |  out|    1|      ap_vld|                         p_0_0_09604987_out|       pointer|
|p_0_0_09614985_out         |  out|   32|      ap_vld|                         p_0_0_09614985_out|       pointer|
|p_0_0_09614985_out_ap_vld  |  out|    1|      ap_vld|                         p_0_0_09614985_out|       pointer|
|p_0_0_09624983_out         |  out|   32|      ap_vld|                         p_0_0_09624983_out|       pointer|
|p_0_0_09624983_out_ap_vld  |  out|    1|      ap_vld|                         p_0_0_09624983_out|       pointer|
|p_0_0_09634981_out         |  out|   32|      ap_vld|                         p_0_0_09634981_out|       pointer|
|p_0_0_09634981_out_ap_vld  |  out|    1|      ap_vld|                         p_0_0_09634981_out|       pointer|
|p_0_0_09604979_out         |  out|   32|      ap_vld|                         p_0_0_09604979_out|       pointer|
|p_0_0_09604979_out_ap_vld  |  out|    1|      ap_vld|                         p_0_0_09604979_out|       pointer|
|p_0_0_09614977_out         |  out|   32|      ap_vld|                         p_0_0_09614977_out|       pointer|
|p_0_0_09614977_out_ap_vld  |  out|    1|      ap_vld|                         p_0_0_09614977_out|       pointer|
|p_0_0_09624975_out         |  out|   32|      ap_vld|                         p_0_0_09624975_out|       pointer|
|p_0_0_09624975_out_ap_vld  |  out|    1|      ap_vld|                         p_0_0_09624975_out|       pointer|
|p_0_0_09634973_out         |  out|   32|      ap_vld|                         p_0_0_09634973_out|       pointer|
|p_0_0_09634973_out_ap_vld  |  out|    1|      ap_vld|                         p_0_0_09634973_out|       pointer|
|p_0_0_09604971_out         |  out|   32|      ap_vld|                         p_0_0_09604971_out|       pointer|
|p_0_0_09604971_out_ap_vld  |  out|    1|      ap_vld|                         p_0_0_09604971_out|       pointer|
|p_0_0_09614969_out         |  out|   32|      ap_vld|                         p_0_0_09614969_out|       pointer|
|p_0_0_09614969_out_ap_vld  |  out|    1|      ap_vld|                         p_0_0_09614969_out|       pointer|
|p_0_0_09624967_out         |  out|   32|      ap_vld|                         p_0_0_09624967_out|       pointer|
|p_0_0_09624967_out_ap_vld  |  out|    1|      ap_vld|                         p_0_0_09624967_out|       pointer|
|p_0_0_09634965_out         |  out|   32|      ap_vld|                         p_0_0_09634965_out|       pointer|
|p_0_0_09634965_out_ap_vld  |  out|    1|      ap_vld|                         p_0_0_09634965_out|       pointer|
|p_0_0_09604963_out         |  out|   32|      ap_vld|                         p_0_0_09604963_out|       pointer|
|p_0_0_09604963_out_ap_vld  |  out|    1|      ap_vld|                         p_0_0_09604963_out|       pointer|
|p_0_0_09614961_out         |  out|   32|      ap_vld|                         p_0_0_09614961_out|       pointer|
|p_0_0_09614961_out_ap_vld  |  out|    1|      ap_vld|                         p_0_0_09614961_out|       pointer|
|p_0_0_09624959_out         |  out|   32|      ap_vld|                         p_0_0_09624959_out|       pointer|
|p_0_0_09624959_out_ap_vld  |  out|    1|      ap_vld|                         p_0_0_09624959_out|       pointer|
|p_0_0_09634957_out         |  out|   32|      ap_vld|                         p_0_0_09634957_out|       pointer|
|p_0_0_09634957_out_ap_vld  |  out|    1|      ap_vld|                         p_0_0_09634957_out|       pointer|
+---------------------------+-----+-----+------------+-------------------------------------------+--------------+

