

================================================================
== Vitis HLS Report for 'kernel_Pipeline_6'
================================================================
* Date:           Wed Sep 27 17:44:04 2023

* Version:        2023.1 (Build 3854077 on May  4 2023)
* Project:        fpga
* Solution:       solution1 (Vitis Kernel Flow Target)
* Product family: zynquplus
* Target device:  xczu7ev-ffvc1156-2-e


================================================================
== Performance Estimates
================================================================
+ Timing: 
    * Summary: 
    +--------+----------+----------+------------+
    |  Clock |  Target  | Estimated| Uncertainty|
    +--------+----------+----------+------------+
    |ap_clk  |  10.00 ns|  8.920 ns|     1.08 ns|
    +--------+----------+----------+------------+

+ Latency: 
    * Summary: 
    +---------+---------+----------+----------+-----+-----+---------+
    |  Latency (cycles) |  Latency (absolute) |  Interval | Pipeline|
    |   min   |   max   |    min   |    max   | min | max |   Type  |
    +---------+---------+----------+----------+-----+-----+---------+
    |      258|      258|  2.580 us|  2.580 us|  258|  258|       no|
    +---------+---------+----------+----------+-----+-----+---------+

    + Detail: 
        * Instance: 
        N/A

        * Loop: 
        +----------+---------+---------+----------+-----------+-----------+------+----------+
        |          |  Latency (cycles) | Iteration|  Initiation Interval  | Trip |          |
        | Loop Name|   min   |   max   |  Latency |  achieved |   target  | Count| Pipelined|
        +----------+---------+---------+----------+-----------+-----------+------+----------+
        |- Loop 1  |      256|      256|         2|          1|          1|   256|       yes|
        +----------+---------+---------+----------+-----------+-----------+------+----------+



================================================================
== Utilization Estimates
================================================================
* Summary: 
+-----------------+---------+------+--------+--------+-----+
|       Name      | BRAM_18K|  DSP |   FF   |   LUT  | URAM|
+-----------------+---------+------+--------+--------+-----+
|DSP              |        -|     -|       -|       -|    -|
|Expression       |        -|     -|       0|     524|    -|
|FIFO             |        -|     -|       -|       -|    -|
|Instance         |        -|     -|       0|    1362|    -|
|Memory           |        -|     -|       -|       -|    -|
|Multiplexer      |        -|     -|       -|      54|    -|
|Register         |        -|     -|     525|       -|    -|
+-----------------+---------+------+--------+--------+-----+
|Total            |        0|     0|     525|    1940|    0|
+-----------------+---------+------+--------+--------+-----+
|Available        |      624|  1728|  460800|  230400|   96|
+-----------------+---------+------+--------+--------+-----+
|Utilization (%)  |        0|     0|      ~0|      ~0|    0|
+-----------------+---------+------+--------+--------+-----+

+ Detail: 
    * Instance: 
    +------------------------+------------------+---------+----+---+------+-----+
    |        Instance        |      Module      | BRAM_18K| DSP| FF|  LUT | URAM|
    +------------------------+------------------+---------+----+---+------+-----+
    |mux_256_8_32_1_1_U2481  |mux_256_8_32_1_1  |        0|   0|  0|  1362|    0|
    +------------------------+------------------+---------+----+---+------+-----+
    |Total                   |                  |        0|   0|  0|  1362|    0|
    +------------------------+------------------+---------+----+---+------+-----+

    * DSP: 
    N/A

    * Memory: 
    N/A

    * FIFO: 
    N/A

    * Expression: 
    +---------------------------+----------+----+---+-----+------------+------------+
    |       Variable Name       | Operation| DSP| FF| LUT | Bitwidth P0| Bitwidth P1|
    +---------------------------+----------+----+---+-----+------------+------------+
    |empty_fu_2165_p2           |         +|   0|  0|   16|           9|           1|
    |ap_block_pp0_stage0_11001  |       and|   0|  0|    2|           1|           1|
    |ap_block_state2_io         |       and|   0|  0|    2|           1|           1|
    |empty_48_fu_2697_p2        |      icmp|   0|  0|   12|           4|           2|
    |exitcond4_fu_2159_p2       |      icmp|   0|  0|   17|           9|          10|
    |empty_45_fu_2739_p3        |    select|   0|  0|  473|           1|           1|
    |ap_enable_pp0              |       xor|   0|  0|    2|           1|           2|
    +---------------------------+----------+----+---+-----+------------+------------+
    |Total                      |          |   0|  0|  524|          26|          18|
    +---------------------------+----------+----+---+-----+------------+------------+

    * Multiplexer: 
    +----------------------------------+----+-----------+-----+-----------+
    |               Name               | LUT| Input Size| Bits| Total Bits|
    +----------------------------------+----+-----------+-----+-----------+
    |ap_done_int                       |   9|          2|    1|          2|
    |ap_enable_reg_pp0_iter1           |   9|          2|    1|          2|
    |ap_sig_allocacmp_loop_index_load  |   9|          2|    9|         18|
    |gmem0_blk_n_W                     |   9|          2|    1|          2|
    |loop_index_fu_582                 |   9|          2|    9|         18|
    |shiftreg_fu_578                   |   9|          2|  480|        960|
    +----------------------------------+----+-----------+-----+-----------+
    |Total                             |  54|         12|  501|       1002|
    +----------------------------------+----+-----------+-----+-----------+

    * Register: 
    +-------------------------+-----+----+-----+-----------+
    |           Name          |  FF | LUT| Bits| Const Bits|
    +-------------------------+-----+----+-----+-----------+
    |ap_CS_fsm                |    1|   0|    1|          0|
    |ap_done_reg              |    1|   0|    1|          0|
    |ap_enable_reg_pp0_iter1  |    1|   0|    1|          0|
    |empty_48_reg_2780        |    1|   0|    1|          0|
    |loop_index_fu_582        |    9|   0|    9|          0|
    |shiftreg_fu_578          |  480|   0|  480|          0|
    |tmp_21_reg_2774          |   32|   0|   32|          0|
    +-------------------------+-----+----+-----+-----------+
    |Total                    |  525|   0|  525|          0|
    +-------------------------+-----+----+-----+-----------+



================================================================
== Interface
================================================================
* Summary: 
+----------------------+-----+-----+------------+-------------------+--------------+
|       RTL Ports      | Dir | Bits|  Protocol  |   Source Object   |    C Type    |
+----------------------+-----+-----+------------+-------------------+--------------+
|ap_clk                |   in|    1|  ap_ctrl_hs|  kernel_Pipeline_6|  return value|
|ap_rst                |   in|    1|  ap_ctrl_hs|  kernel_Pipeline_6|  return value|
|ap_start              |   in|    1|  ap_ctrl_hs|  kernel_Pipeline_6|  return value|
|ap_done               |  out|    1|  ap_ctrl_hs|  kernel_Pipeline_6|  return value|
|ap_idle               |  out|    1|  ap_ctrl_hs|  kernel_Pipeline_6|  return value|
|ap_ready              |  out|    1|  ap_ctrl_hs|  kernel_Pipeline_6|  return value|
|m_axi_gmem0_AWVALID   |  out|    1|       m_axi|              gmem0|       pointer|
|m_axi_gmem0_AWREADY   |   in|    1|       m_axi|              gmem0|       pointer|
|m_axi_gmem0_AWADDR    |  out|   64|       m_axi|              gmem0|       pointer|
|m_axi_gmem0_AWID      |  out|    1|       m_axi|              gmem0|       pointer|
|m_axi_gmem0_AWLEN     |  out|   32|       m_axi|              gmem0|       pointer|
|m_axi_gmem0_AWSIZE    |  out|    3|       m_axi|              gmem0|       pointer|
|m_axi_gmem0_AWBURST   |  out|    2|       m_axi|              gmem0|       pointer|
|m_axi_gmem0_AWLOCK    |  out|    2|       m_axi|              gmem0|       pointer|
|m_axi_gmem0_AWCACHE   |  out|    4|       m_axi|              gmem0|       pointer|
|m_axi_gmem0_AWPROT    |  out|    3|       m_axi|              gmem0|       pointer|
|m_axi_gmem0_AWQOS     |  out|    4|       m_axi|              gmem0|       pointer|
|m_axi_gmem0_AWREGION  |  out|    4|       m_axi|              gmem0|       pointer|
|m_axi_gmem0_AWUSER    |  out|    1|       m_axi|              gmem0|       pointer|
|m_axi_gmem0_WVALID    |  out|    1|       m_axi|              gmem0|       pointer|
|m_axi_gmem0_WREADY    |   in|    1|       m_axi|              gmem0|       pointer|
|m_axi_gmem0_WDATA     |  out|  512|       m_axi|              gmem0|       pointer|
|m_axi_gmem0_WSTRB     |  out|   64|       m_axi|              gmem0|       pointer|
|m_axi_gmem0_WLAST     |  out|    1|       m_axi|              gmem0|       pointer|
|m_axi_gmem0_WID       |  out|    1|       m_axi|              gmem0|       pointer|
|m_axi_gmem0_WUSER     |  out|    1|       m_axi|              gmem0|       pointer|
|m_axi_gmem0_ARVALID   |  out|    1|       m_axi|              gmem0|       pointer|
|m_axi_gmem0_ARREADY   |   in|    1|       m_axi|              gmem0|       pointer|
|m_axi_gmem0_ARADDR    |  out|   64|       m_axi|              gmem0|       pointer|
|m_axi_gmem0_ARID      |  out|    1|       m_axi|              gmem0|       pointer|
|m_axi_gmem0_ARLEN     |  out|   32|       m_axi|              gmem0|       pointer|
|m_axi_gmem0_ARSIZE    |  out|    3|       m_axi|              gmem0|       pointer|
|m_axi_gmem0_ARBURST   |  out|    2|       m_axi|              gmem0|       pointer|
|m_axi_gmem0_ARLOCK    |  out|    2|       m_axi|              gmem0|       pointer|
|m_axi_gmem0_ARCACHE   |  out|    4|       m_axi|              gmem0|       pointer|
|m_axi_gmem0_ARPROT    |  out|    3|       m_axi|              gmem0|       pointer|
|m_axi_gmem0_ARQOS     |  out|    4|       m_axi|              gmem0|       pointer|
|m_axi_gmem0_ARREGION  |  out|    4|       m_axi|              gmem0|       pointer|
|m_axi_gmem0_ARUSER    |  out|    1|       m_axi|              gmem0|       pointer|
|m_axi_gmem0_RVALID    |   in|    1|       m_axi|              gmem0|       pointer|
|m_axi_gmem0_RREADY    |  out|    1|       m_axi|              gmem0|       pointer|
|m_axi_gmem0_RDATA     |   in|  512|       m_axi|              gmem0|       pointer|
|m_axi_gmem0_RLAST     |   in|    1|       m_axi|              gmem0|       pointer|
|m_axi_gmem0_RID       |   in|    1|       m_axi|              gmem0|       pointer|
|m_axi_gmem0_RFIFONUM  |   in|    9|       m_axi|              gmem0|       pointer|
|m_axi_gmem0_RUSER     |   in|    1|       m_axi|              gmem0|       pointer|
|m_axi_gmem0_RRESP     |   in|    2|       m_axi|              gmem0|       pointer|
|m_axi_gmem0_BVALID    |   in|    1|       m_axi|              gmem0|       pointer|
|m_axi_gmem0_BREADY    |  out|    1|       m_axi|              gmem0|       pointer|
|m_axi_gmem0_BRESP     |   in|    2|       m_axi|              gmem0|       pointer|
|m_axi_gmem0_BID       |   in|    1|       m_axi|              gmem0|       pointer|
|m_axi_gmem0_BUSER     |   in|    1|       m_axi|              gmem0|       pointer|
|sext_ln202            |   in|   58|     ap_none|         sext_ln202|        scalar|
|v                     |   in|   32|     ap_none|                  v|        scalar|
|v_494                 |   in|   32|     ap_none|              v_494|        scalar|
|v_495                 |   in|   32|     ap_none|              v_495|        scalar|
|v_496                 |   in|   32|     ap_none|              v_496|        scalar|
|v_497                 |   in|   32|     ap_none|              v_497|        scalar|
|v_498                 |   in|   32|     ap_none|              v_498|        scalar|
|v_499                 |   in|   32|     ap_none|              v_499|        scalar|
|v_500                 |   in|   32|     ap_none|              v_500|        scalar|
|v_501                 |   in|   32|     ap_none|              v_501|        scalar|
|v_502                 |   in|   32|     ap_none|              v_502|        scalar|
|v_503                 |   in|   32|     ap_none|              v_503|        scalar|
|v_504                 |   in|   32|     ap_none|              v_504|        scalar|
|v_505                 |   in|   32|     ap_none|              v_505|        scalar|
|v_506                 |   in|   32|     ap_none|              v_506|        scalar|
|v_507                 |   in|   32|     ap_none|              v_507|        scalar|
|v_14                  |   in|   32|     ap_none|               v_14|        scalar|
|v_478                 |   in|   32|     ap_none|              v_478|        scalar|
|v_479                 |   in|   32|     ap_none|              v_479|        scalar|
|v_256                 |   in|   32|     ap_none|              v_256|        scalar|
|v_257                 |   in|   32|     ap_none|              v_257|        scalar|
|v_258                 |   in|   32|     ap_none|              v_258|        scalar|
|v_259                 |   in|   32|     ap_none|              v_259|        scalar|
|v_260                 |   in|   32|     ap_none|              v_260|        scalar|
|v_261                 |   in|   32|     ap_none|              v_261|        scalar|
|v_262                 |   in|   32|     ap_none|              v_262|        scalar|
|v_263                 |   in|   32|     ap_none|              v_263|        scalar|
|v_264                 |   in|   32|     ap_none|              v_264|        scalar|
|v_265                 |   in|   32|     ap_none|              v_265|        scalar|
|v_266                 |   in|   32|     ap_none|              v_266|        scalar|
|v_267                 |   in|   32|     ap_none|              v_267|        scalar|
|v_268                 |   in|   32|     ap_none|              v_268|        scalar|
|v_269                 |   in|   32|     ap_none|              v_269|        scalar|
|v_270                 |   in|   32|     ap_none|              v_270|        scalar|
|v_271                 |   in|   32|     ap_none|              v_271|        scalar|
|v_272                 |   in|   32|     ap_none|              v_272|        scalar|
|v_273                 |   in|   32|     ap_none|              v_273|        scalar|
|v_274                 |   in|   32|     ap_none|              v_274|        scalar|
|v_275                 |   in|   32|     ap_none|              v_275|        scalar|
|v_276                 |   in|   32|     ap_none|              v_276|        scalar|
|v_277                 |   in|   32|     ap_none|              v_277|        scalar|
|v_278                 |   in|   32|     ap_none|              v_278|        scalar|
|v_279                 |   in|   32|     ap_none|              v_279|        scalar|
|v_280                 |   in|   32|     ap_none|              v_280|        scalar|
|v_281                 |   in|   32|     ap_none|              v_281|        scalar|
|v_282                 |   in|   32|     ap_none|              v_282|        scalar|
|v_283                 |   in|   32|     ap_none|              v_283|        scalar|
|v_284                 |   in|   32|     ap_none|              v_284|        scalar|
|v_285                 |   in|   32|     ap_none|              v_285|        scalar|
|v_286                 |   in|   32|     ap_none|              v_286|        scalar|
|v_287                 |   in|   32|     ap_none|              v_287|        scalar|
|v_288                 |   in|   32|     ap_none|              v_288|        scalar|
|v_289                 |   in|   32|     ap_none|              v_289|        scalar|
|v_290                 |   in|   32|     ap_none|              v_290|        scalar|
|v_291                 |   in|   32|     ap_none|              v_291|        scalar|
|v_292                 |   in|   32|     ap_none|              v_292|        scalar|
|v_293                 |   in|   32|     ap_none|              v_293|        scalar|
|v_294                 |   in|   32|     ap_none|              v_294|        scalar|
|v_295                 |   in|   32|     ap_none|              v_295|        scalar|
|v_296                 |   in|   32|     ap_none|              v_296|        scalar|
|v_297                 |   in|   32|     ap_none|              v_297|        scalar|
|v_298                 |   in|   32|     ap_none|              v_298|        scalar|
|v_299                 |   in|   32|     ap_none|              v_299|        scalar|
|v_300                 |   in|   32|     ap_none|              v_300|        scalar|
|v_301                 |   in|   32|     ap_none|              v_301|        scalar|
|v_302                 |   in|   32|     ap_none|              v_302|        scalar|
|v_303                 |   in|   32|     ap_none|              v_303|        scalar|
|v_304                 |   in|   32|     ap_none|              v_304|        scalar|
|v_305                 |   in|   32|     ap_none|              v_305|        scalar|
|v_306                 |   in|   32|     ap_none|              v_306|        scalar|
|v_307                 |   in|   32|     ap_none|              v_307|        scalar|
|v_308                 |   in|   32|     ap_none|              v_308|        scalar|
|v_309                 |   in|   32|     ap_none|              v_309|        scalar|
|v_310                 |   in|   32|     ap_none|              v_310|        scalar|
|v_311                 |   in|   32|     ap_none|              v_311|        scalar|
|v_312                 |   in|   32|     ap_none|              v_312|        scalar|
|v_313                 |   in|   32|     ap_none|              v_313|        scalar|
|v_314                 |   in|   32|     ap_none|              v_314|        scalar|
|v_315                 |   in|   32|     ap_none|              v_315|        scalar|
|v_316                 |   in|   32|     ap_none|              v_316|        scalar|
|v_317                 |   in|   32|     ap_none|              v_317|        scalar|
|v_318                 |   in|   32|     ap_none|              v_318|        scalar|
|v_319                 |   in|   32|     ap_none|              v_319|        scalar|
|v_320                 |   in|   32|     ap_none|              v_320|        scalar|
|v_321                 |   in|   32|     ap_none|              v_321|        scalar|
|v_322                 |   in|   32|     ap_none|              v_322|        scalar|
|v_323                 |   in|   32|     ap_none|              v_323|        scalar|
|v_324                 |   in|   32|     ap_none|              v_324|        scalar|
|v_325                 |   in|   32|     ap_none|              v_325|        scalar|
|v_326                 |   in|   32|     ap_none|              v_326|        scalar|
|v_327                 |   in|   32|     ap_none|              v_327|        scalar|
|v_328                 |   in|   32|     ap_none|              v_328|        scalar|
|v_329                 |   in|   32|     ap_none|              v_329|        scalar|
|v_330                 |   in|   32|     ap_none|              v_330|        scalar|
|v_331                 |   in|   32|     ap_none|              v_331|        scalar|
|v_332                 |   in|   32|     ap_none|              v_332|        scalar|
|v_333                 |   in|   32|     ap_none|              v_333|        scalar|
|v_334                 |   in|   32|     ap_none|              v_334|        scalar|
|v_335                 |   in|   32|     ap_none|              v_335|        scalar|
|v_336                 |   in|   32|     ap_none|              v_336|        scalar|
|v_337                 |   in|   32|     ap_none|              v_337|        scalar|
|v_338                 |   in|   32|     ap_none|              v_338|        scalar|
|v_339                 |   in|   32|     ap_none|              v_339|        scalar|
|v_340                 |   in|   32|     ap_none|              v_340|        scalar|
|v_341                 |   in|   32|     ap_none|              v_341|        scalar|
|v_342                 |   in|   32|     ap_none|              v_342|        scalar|
|v_343                 |   in|   32|     ap_none|              v_343|        scalar|
|v_344                 |   in|   32|     ap_none|              v_344|        scalar|
|v_345                 |   in|   32|     ap_none|              v_345|        scalar|
|v_346                 |   in|   32|     ap_none|              v_346|        scalar|
|v_347                 |   in|   32|     ap_none|              v_347|        scalar|
|v_348                 |   in|   32|     ap_none|              v_348|        scalar|
|v_349                 |   in|   32|     ap_none|              v_349|        scalar|
|v_350                 |   in|   32|     ap_none|              v_350|        scalar|
|v_351                 |   in|   32|     ap_none|              v_351|        scalar|
|v_352                 |   in|   32|     ap_none|              v_352|        scalar|
|v_353                 |   in|   32|     ap_none|              v_353|        scalar|
|v_354                 |   in|   32|     ap_none|              v_354|        scalar|
|v_355                 |   in|   32|     ap_none|              v_355|        scalar|
|v_356                 |   in|   32|     ap_none|              v_356|        scalar|
|v_357                 |   in|   32|     ap_none|              v_357|        scalar|
|v_358                 |   in|   32|     ap_none|              v_358|        scalar|
|v_359                 |   in|   32|     ap_none|              v_359|        scalar|
|v_360                 |   in|   32|     ap_none|              v_360|        scalar|
|v_361                 |   in|   32|     ap_none|              v_361|        scalar|
|v_362                 |   in|   32|     ap_none|              v_362|        scalar|
|v_363                 |   in|   32|     ap_none|              v_363|        scalar|
|v_364                 |   in|   32|     ap_none|              v_364|        scalar|
|v_365                 |   in|   32|     ap_none|              v_365|        scalar|
|v_366                 |   in|   32|     ap_none|              v_366|        scalar|
|v_367                 |   in|   32|     ap_none|              v_367|        scalar|
|v_368                 |   in|   32|     ap_none|              v_368|        scalar|
|v_369                 |   in|   32|     ap_none|              v_369|        scalar|
|v_370                 |   in|   32|     ap_none|              v_370|        scalar|
|v_371                 |   in|   32|     ap_none|              v_371|        scalar|
|v_372                 |   in|   32|     ap_none|              v_372|        scalar|
|v_373                 |   in|   32|     ap_none|              v_373|        scalar|
|v_374                 |   in|   32|     ap_none|              v_374|        scalar|
|v_375                 |   in|   32|     ap_none|              v_375|        scalar|
|v_376                 |   in|   32|     ap_none|              v_376|        scalar|
|v_377                 |   in|   32|     ap_none|              v_377|        scalar|
|v_378                 |   in|   32|     ap_none|              v_378|        scalar|
|v_379                 |   in|   32|     ap_none|              v_379|        scalar|
|v_380                 |   in|   32|     ap_none|              v_380|        scalar|
|v_381                 |   in|   32|     ap_none|              v_381|        scalar|
|v_382                 |   in|   32|     ap_none|              v_382|        scalar|
|v_383                 |   in|   32|     ap_none|              v_383|        scalar|
|v_384                 |   in|   32|     ap_none|              v_384|        scalar|
|v_385                 |   in|   32|     ap_none|              v_385|        scalar|
|v_386                 |   in|   32|     ap_none|              v_386|        scalar|
|v_387                 |   in|   32|     ap_none|              v_387|        scalar|
|v_388                 |   in|   32|     ap_none|              v_388|        scalar|
|v_389                 |   in|   32|     ap_none|              v_389|        scalar|
|v_390                 |   in|   32|     ap_none|              v_390|        scalar|
|v_391                 |   in|   32|     ap_none|              v_391|        scalar|
|v_392                 |   in|   32|     ap_none|              v_392|        scalar|
|v_393                 |   in|   32|     ap_none|              v_393|        scalar|
|v_394                 |   in|   32|     ap_none|              v_394|        scalar|
|v_395                 |   in|   32|     ap_none|              v_395|        scalar|
|v_396                 |   in|   32|     ap_none|              v_396|        scalar|
|v_397                 |   in|   32|     ap_none|              v_397|        scalar|
|v_398                 |   in|   32|     ap_none|              v_398|        scalar|
|v_399                 |   in|   32|     ap_none|              v_399|        scalar|
|v_400                 |   in|   32|     ap_none|              v_400|        scalar|
|v_401                 |   in|   32|     ap_none|              v_401|        scalar|
|v_402                 |   in|   32|     ap_none|              v_402|        scalar|
|v_403                 |   in|   32|     ap_none|              v_403|        scalar|
|v_404                 |   in|   32|     ap_none|              v_404|        scalar|
|v_405                 |   in|   32|     ap_none|              v_405|        scalar|
|v_406                 |   in|   32|     ap_none|              v_406|        scalar|
|v_407                 |   in|   32|     ap_none|              v_407|        scalar|
|v_408                 |   in|   32|     ap_none|              v_408|        scalar|
|v_409                 |   in|   32|     ap_none|              v_409|        scalar|
|v_410                 |   in|   32|     ap_none|              v_410|        scalar|
|v_411                 |   in|   32|     ap_none|              v_411|        scalar|
|v_412                 |   in|   32|     ap_none|              v_412|        scalar|
|v_413                 |   in|   32|     ap_none|              v_413|        scalar|
|v_414                 |   in|   32|     ap_none|              v_414|        scalar|
|v_415                 |   in|   32|     ap_none|              v_415|        scalar|
|v_416                 |   in|   32|     ap_none|              v_416|        scalar|
|v_417                 |   in|   32|     ap_none|              v_417|        scalar|
|v_418                 |   in|   32|     ap_none|              v_418|        scalar|
|v_419                 |   in|   32|     ap_none|              v_419|        scalar|
|v_420                 |   in|   32|     ap_none|              v_420|        scalar|
|v_421                 |   in|   32|     ap_none|              v_421|        scalar|
|v_422                 |   in|   32|     ap_none|              v_422|        scalar|
|v_423                 |   in|   32|     ap_none|              v_423|        scalar|
|v_424                 |   in|   32|     ap_none|              v_424|        scalar|
|v_425                 |   in|   32|     ap_none|              v_425|        scalar|
|v_426                 |   in|   32|     ap_none|              v_426|        scalar|
|v_427                 |   in|   32|     ap_none|              v_427|        scalar|
|v_428                 |   in|   32|     ap_none|              v_428|        scalar|
|v_429                 |   in|   32|     ap_none|              v_429|        scalar|
|v_430                 |   in|   32|     ap_none|              v_430|        scalar|
|v_431                 |   in|   32|     ap_none|              v_431|        scalar|
|v_432                 |   in|   32|     ap_none|              v_432|        scalar|
|v_433                 |   in|   32|     ap_none|              v_433|        scalar|
|v_434                 |   in|   32|     ap_none|              v_434|        scalar|
|v_435                 |   in|   32|     ap_none|              v_435|        scalar|
|v_436                 |   in|   32|     ap_none|              v_436|        scalar|
|v_437                 |   in|   32|     ap_none|              v_437|        scalar|
|v_438                 |   in|   32|     ap_none|              v_438|        scalar|
|v_439                 |   in|   32|     ap_none|              v_439|        scalar|
|v_440                 |   in|   32|     ap_none|              v_440|        scalar|
|v_441                 |   in|   32|     ap_none|              v_441|        scalar|
|v_442                 |   in|   32|     ap_none|              v_442|        scalar|
|v_443                 |   in|   32|     ap_none|              v_443|        scalar|
|v_444                 |   in|   32|     ap_none|              v_444|        scalar|
|v_445                 |   in|   32|     ap_none|              v_445|        scalar|
|v_446                 |   in|   32|     ap_none|              v_446|        scalar|
|v_447                 |   in|   32|     ap_none|              v_447|        scalar|
|v_448                 |   in|   32|     ap_none|              v_448|        scalar|
|v_449                 |   in|   32|     ap_none|              v_449|        scalar|
|v_450                 |   in|   32|     ap_none|              v_450|        scalar|
|v_451                 |   in|   32|     ap_none|              v_451|        scalar|
|v_452                 |   in|   32|     ap_none|              v_452|        scalar|
|v_453                 |   in|   32|     ap_none|              v_453|        scalar|
|v_454                 |   in|   32|     ap_none|              v_454|        scalar|
|v_455                 |   in|   32|     ap_none|              v_455|        scalar|
|v_456                 |   in|   32|     ap_none|              v_456|        scalar|
|v_457                 |   in|   32|     ap_none|              v_457|        scalar|
|v_458                 |   in|   32|     ap_none|              v_458|        scalar|
|v_459                 |   in|   32|     ap_none|              v_459|        scalar|
|v_460                 |   in|   32|     ap_none|              v_460|        scalar|
|v_461                 |   in|   32|     ap_none|              v_461|        scalar|
|v_462                 |   in|   32|     ap_none|              v_462|        scalar|
|v_463                 |   in|   32|     ap_none|              v_463|        scalar|
|v_464                 |   in|   32|     ap_none|              v_464|        scalar|
|v_465                 |   in|   32|     ap_none|              v_465|        scalar|
|v_466                 |   in|   32|     ap_none|              v_466|        scalar|
|v_467                 |   in|   32|     ap_none|              v_467|        scalar|
|v_468                 |   in|   32|     ap_none|              v_468|        scalar|
|v_469                 |   in|   32|     ap_none|              v_469|        scalar|
|v_470                 |   in|   32|     ap_none|              v_470|        scalar|
|v_471                 |   in|   32|     ap_none|              v_471|        scalar|
|v_472                 |   in|   32|     ap_none|              v_472|        scalar|
|v_473                 |   in|   32|     ap_none|              v_473|        scalar|
|v_474                 |   in|   32|     ap_none|              v_474|        scalar|
|v_475                 |   in|   32|     ap_none|              v_475|        scalar|
|v_476                 |   in|   32|     ap_none|              v_476|        scalar|
|v_477                 |   in|   32|     ap_none|              v_477|        scalar|
|v_239                 |   in|   32|     ap_none|              v_239|        scalar|
|v_480                 |   in|   32|     ap_none|              v_480|        scalar|
|v_481                 |   in|   32|     ap_none|              v_481|        scalar|
|v_482                 |   in|   32|     ap_none|              v_482|        scalar|
|v_483                 |   in|   32|     ap_none|              v_483|        scalar|
|v_484                 |   in|   32|     ap_none|              v_484|        scalar|
|v_485                 |   in|   32|     ap_none|              v_485|        scalar|
|v_486                 |   in|   32|     ap_none|              v_486|        scalar|
|v_487                 |   in|   32|     ap_none|              v_487|        scalar|
|v_488                 |   in|   32|     ap_none|              v_488|        scalar|
|v_489                 |   in|   32|     ap_none|              v_489|        scalar|
|v_490                 |   in|   32|     ap_none|              v_490|        scalar|
|v_491                 |   in|   32|     ap_none|              v_491|        scalar|
|v_492                 |   in|   32|     ap_none|              v_492|        scalar|
|v_493                 |   in|   32|     ap_none|              v_493|        scalar|
|v_254                 |   in|   32|     ap_none|              v_254|        scalar|
+----------------------+-----+-----+------------+-------------------+--------------+

